[0.044s] DEBUG:colcon:Command line arguments: ['/usr/bin/colcon', 'build', '--symlink-install', '--packages-select', 'turtle_py']
[0.044s] DEBUG:colcon:Parsed command line arguments: Namespace(log_base=None, log_level=None, verb_name='build', build_base='build', install_base='install', merge_install=False, symlink_install=True, test_result_base=None, continue_on_error=False, executor='parallel', parallel_workers=24, event_handlers=None, ignore_user_meta=False, metas=['./colcon.meta'], base_paths=['.'], packages_ignore=None, packages_ignore_regex=None, paths=None, packages_up_to=None, packages_up_to_regex=None, packages_above=None, packages_above_and_dependencies=None, packages_above_depth=None, packages_select_by_dep=None, packages_skip_by_dep=None, packages_skip_up_to=None, packages_select_build_failed=False, packages_skip_build_finished=False, packages_select_test_failures=False, packages_skip_test_passed=False, packages_select=['turtle_py'], packages_skip=None, packages_select_regex=None, packages_skip_regex=None, packages_start=None, packages_end=None, allow_overriding=[], cmake_args=None, cmake_target=None, cmake_target_skip_unavailable=False, cmake_clean_cache=False, cmake_clean_first=False, cmake_force_configure=False, ament_cmake_args=None, catkin_cmake_args=None, catkin_skip_building_tests=False, verb_parser=<colcon_defaults.argument_parser.defaults.DefaultArgumentsDecorator object at 0x77c37b84e8f0>, verb_extension=<colcon_core.verb.build.BuildVerb object at 0x77c37b84e3e0>, main=<bound method BuildVerb.main of <colcon_core.verb.build.BuildVerb object at 0x77c37b84e3e0>>)
[0.108s] Level 1:colcon.colcon_core.package_discovery:discover_packages(colcon_meta) check parameters
[0.108s] Level 1:colcon.colcon_core.package_discovery:discover_packages(recursive) check parameters
[0.108s] Level 1:colcon.colcon_core.package_discovery:discover_packages(ignore) check parameters
[0.108s] Level 1:colcon.colcon_core.package_discovery:discover_packages(path) check parameters
[0.108s] Level 1:colcon.colcon_core.package_discovery:discover_packages(colcon_meta) discover
[0.108s] Level 1:colcon.colcon_core.package_discovery:discover_packages(recursive) discover
[0.108s] INFO:colcon.colcon_core.package_discovery:Crawling recursively for packages in '/home/pa9/physicalai-lv1-assignments/lv1_module2_student/ros2_ws'
[0.108s] Level 1:colcon.colcon_core.package_identification:_identify(.) by extensions ['ignore', 'ignore_ament_install']
[0.108s] Level 1:colcon.colcon_core.package_identification:_identify(.) by extension 'ignore'
[0.108s] Level 1:colcon.colcon_core.package_identification:_identify(.) by extension 'ignore_ament_install'
[0.108s] Level 1:colcon.colcon_core.package_identification:_identify(.) by extensions ['colcon_pkg']
[0.108s] Level 1:colcon.colcon_core.package_identification:_identify(.) by extension 'colcon_pkg'
[0.108s] Level 1:colcon.colcon_core.package_identification:_identify(.) by extensions ['colcon_meta']
[0.108s] Level 1:colcon.colcon_core.package_identification:_identify(.) by extension 'colcon_meta'
[0.108s] Level 1:colcon.colcon_core.package_identification:_identify(.) by extensions ['ros']
[0.108s] Level 1:colcon.colcon_core.package_identification:_identify(.) by extension 'ros'
[0.113s] Level 1:colcon.colcon_core.package_identification:_identify(.) by extensions ['cmake', 'python']
[0.113s] Level 1:colcon.colcon_core.package_identification:_identify(.) by extension 'cmake'
[0.113s] Level 1:colcon.colcon_core.package_identification:_identify(.) by extension 'python'
[0.113s] Level 1:colcon.colcon_core.package_identification:_identify(.) by extensions ['python_setup_py']
[0.113s] Level 1:colcon.colcon_core.package_identification:_identify(.) by extension 'python_setup_py'
[0.113s] Level 1:colcon.colcon_core.package_identification:_identify(build) by extensions ['ignore', 'ignore_ament_install']
[0.113s] Level 1:colcon.colcon_core.package_identification:_identify(build) by extension 'ignore'
[0.113s] Level 1:colcon.colcon_core.package_identification:_identify(build) ignored
[0.113s] Level 1:colcon.colcon_core.package_identification:_identify(install) by extensions ['ignore', 'ignore_ament_install']
[0.113s] Level 1:colcon.colcon_core.package_identification:_identify(install) by extension 'ignore'
[0.113s] Level 1:colcon.colcon_core.package_identification:_identify(install) ignored
[0.113s] Level 1:colcon.colcon_core.package_identification:_identify(log) by extensions ['ignore', 'ignore_ament_install']
[0.113s] Level 1:colcon.colcon_core.package_identification:_identify(log) by extension 'ignore'
[0.113s] Level 1:colcon.colcon_core.package_identification:_identify(log) ignored
[0.113s] Level 1:colcon.colcon_core.package_identification:_identify(src) by extensions ['ignore', 'ignore_ament_install']
[0.113s] Level 1:colcon.colcon_core.package_identification:_identify(src) by extension 'ignore'
[0.113s] Level 1:colcon.colcon_core.package_identification:_identify(src) by extension 'ignore_ament_install'
[0.113s] Level 1:colcon.colcon_core.package_identification:_identify(src) by extensions ['colcon_pkg']
[0.113s] Level 1:colcon.colcon_core.package_identification:_identify(src) by extension 'colcon_pkg'
[0.113s] Level 1:colcon.colcon_core.package_identification:_identify(src) by extensions ['colcon_meta']
[0.113s] Level 1:colcon.colcon_core.package_identification:_identify(src) by extension 'colcon_meta'
[0.113s] Level 1:colcon.colcon_core.package_identification:_identify(src) by extensions ['ros']
[0.113s] Level 1:colcon.colcon_core.package_identification:_identify(src) by extension 'ros'
[0.114s] Level 1:colcon.colcon_core.package_identification:_identify(src) by extensions ['cmake', 'python']
[0.114s] Level 1:colcon.colcon_core.package_identification:_identify(src) by extension 'cmake'
[0.114s] Level 1:colcon.colcon_core.package_identification:_identify(src) by extension 'python'
[0.114s] Level 1:colcon.colcon_core.package_identification:_identify(src) by extensions ['python_setup_py']
[0.114s] Level 1:colcon.colcon_core.package_identification:_identify(src) by extension 'python_setup_py'
[0.114s] Level 1:colcon.colcon_core.package_identification:_identify(src/turtle_examples) by extensions ['ignore', 'ignore_ament_install']
[0.114s] Level 1:colcon.colcon_core.package_identification:_identify(src/turtle_examples) by extension 'ignore'
[0.114s] Level 1:colcon.colcon_core.package_identification:_identify(src/turtle_examples) by extension 'ignore_ament_install'
[0.114s] Level 1:colcon.colcon_core.package_identification:_identify(src/turtle_examples) by extensions ['colcon_pkg']
[0.114s] Level 1:colcon.colcon_core.package_identification:_identify(src/turtle_examples) by extension 'colcon_pkg'
[0.114s] Level 1:colcon.colcon_core.package_identification:_identify(src/turtle_examples) by extensions ['colcon_meta']
[0.114s] Level 1:colcon.colcon_core.package_identification:_identify(src/turtle_examples) by extension 'colcon_meta'
[0.114s] Level 1:colcon.colcon_core.package_identification:_identify(src/turtle_examples) by extensions ['ros']
[0.114s] Level 1:colcon.colcon_core.package_identification:_identify(src/turtle_examples) by extension 'ros'
[0.115s] DEBUG:colcon.colcon_core.package_identification:Package 'src/turtle_examples' with type 'ros.ament_python' and name 'turtle_examples'
[0.115s] Level 1:colcon.colcon_core.package_identification:_identify(src/turtle_interfaces) by extensions ['ignore', 'ignore_ament_install']
[0.115s] Level 1:colcon.colcon_core.package_identification:_identify(src/turtle_interfaces) by extension 'ignore'
[0.115s] Level 1:colcon.colcon_core.package_identification:_identify(src/turtle_interfaces) by extension 'ignore_ament_install'
[0.115s] Level 1:colcon.colcon_core.package_identification:_identify(src/turtle_interfaces) by extensions ['colcon_pkg']
[0.115s] Level 1:colcon.colcon_core.package_identification:_identify(src/turtle_interfaces) by extension 'colcon_pkg'
[0.115s] Level 1:colcon.colcon_core.package_identification:_identify(src/turtle_interfaces) by extensions ['colcon_meta']
[0.115s] Level 1:colcon.colcon_core.package_identification:_identify(src/turtle_interfaces) by extension 'colcon_meta'
[0.115s] Level 1:colcon.colcon_core.package_identification:_identify(src/turtle_interfaces) by extensions ['ros']
[0.115s] Level 1:colcon.colcon_core.package_identification:_identify(src/turtle_interfaces) by extension 'ros'
[0.116s] DEBUG:colcon.colcon_core.package_identification:Package 'src/turtle_interfaces' with type 'ros.ament_cmake' and name 'turtle_interfaces'
[0.116s] Level 1:colcon.colcon_core.package_identification:_identify(src/turtle_py) by extensions ['ignore', 'ignore_ament_install']
[0.116s] Level 1:colcon.colcon_core.package_identification:_identify(src/turtle_py) by extension 'ignore'
[0.116s] Level 1:colcon.colcon_core.package_identification:_identify(src/turtle_py) by extension 'ignore_ament_install'
[0.116s] Level 1:colcon.colcon_core.package_identification:_identify(src/turtle_py) by extensions ['colcon_pkg']
[0.116s] Level 1:colcon.colcon_core.package_identification:_identify(src/turtle_py) by extension 'colcon_pkg'
[0.116s] Level 1:colcon.colcon_core.package_identification:_identify(src/turtle_py) by extensions ['colcon_meta']
[0.116s] Level 1:colcon.colcon_core.package_identification:_identify(src/turtle_py) by extension 'colcon_meta'
[0.116s] Level 1:colcon.colcon_core.package_identification:_identify(src/turtle_py) by extensions ['ros']
[0.116s] Level 1:colcon.colcon_core.package_identification:_identify(src/turtle_py) by extension 'ros'
[0.116s] DEBUG:colcon.colcon_core.package_identification:Failed to parse potential ROS package manifest in'src/turtle_py': Error(s) in package 'src/turtle_py/package.xml':
The manifest contains invalid XML:
mismatched tag: line 13, column 30
[0.116s] Level 1:colcon.colcon_core.package_identification:_identify(src/turtle_py) by extensions ['cmake', 'python']
[0.116s] Level 1:colcon.colcon_core.package_identification:_identify(src/turtle_py) by extension 'cmake'
[0.116s] Level 1:colcon.colcon_core.package_identification:_identify(src/turtle_py) by extension 'python'
[0.116s] DEBUG:colcon.colcon_core.package_identification:Python package in 'src/turtle_py' passes arguments to the setup() function which requires a different identification extension than 'python'
[0.116s] Level 1:colcon.colcon_core.package_identification:_identify(src/turtle_py) by extensions ['python_setup_py']
[0.116s] Level 1:colcon.colcon_core.package_identification:_identify(src/turtle_py) by extension 'python_setup_py'
[0.214s] DEBUG:colcon.colcon_core.package_identification:Package 'src/turtle_py' with type 'python' and name 'turtle_py'
[0.214s] Level 1:colcon.colcon_core.package_discovery:discover_packages(recursive) using defaults
[0.214s] Level 1:colcon.colcon_core.package_discovery:discover_packages(ignore) discover
[0.214s] Level 1:colcon.colcon_core.package_discovery:discover_packages(ignore) using defaults
[0.214s] Level 1:colcon.colcon_core.package_discovery:discover_packages(path) discover
[0.214s] Level 1:colcon.colcon_core.package_discovery:discover_packages(path) using defaults
[0.228s] INFO:colcon.colcon_core.package_selection:Skipping not selected package 'turtle_interfaces' in 'src/turtle_interfaces'
[0.228s] INFO:colcon.colcon_core.package_selection:Skipping not selected package 'turtle_examples' in 'src/turtle_examples'
[0.229s] Level 1:colcon.colcon_core.package_discovery:discover_packages(prefix_path) check parameters
[0.229s] Level 1:colcon.colcon_core.package_discovery:discover_packages(prefix_path) discover
[0.229s] DEBUG:colcon.colcon_installed_package_information.package_discovery:Found 1 installed packages in /home/pa9/physicalai-lv1-assignments/lv1_module2_student/ros2_ws/install
[0.230s] DEBUG:colcon.colcon_installed_package_information.package_discovery:Found 19 installed packages in /home/pa9/ros2_ws/install
[0.230s] DEBUG:colcon.colcon_installed_package_information.package_discovery:Found 370 installed packages in /opt/ros/humble
[0.231s] Level 1:colcon.colcon_core.package_discovery:discover_packages(prefix_path) using defaults
[0.248s] Level 5:colcon.colcon_core.verb:set package 'turtle_py' build argument 'cmake_args' from command line to 'None'
[0.248s] Level 5:colcon.colcon_core.verb:set package 'turtle_py' build argument 'cmake_target' from command line to 'None'
[0.248s] Level 5:colcon.colcon_core.verb:set package 'turtle_py' build argument 'cmake_target_skip_unavailable' from command line to 'False'
[0.249s] Level 5:colcon.colcon_core.verb:set package 'turtle_py' build argument 'cmake_clean_cache' from command line to 'False'
[0.249s] Level 5:colcon.colcon_core.verb:set package 'turtle_py' build argument 'cmake_clean_first' from command line to 'False'
[0.249s] Level 5:colcon.colcon_core.verb:set package 'turtle_py' build argument 'cmake_force_configure' from command line to 'False'
[0.249s] Level 5:colcon.colcon_core.verb:set package 'turtle_py' build argument 'ament_cmake_args' from command line to 'None'
[0.249s] Level 5:colcon.colcon_core.verb:set package 'turtle_py' build argument 'catkin_cmake_args' from command line to 'None'
[0.249s] Level 5:colcon.colcon_core.verb:set package 'turtle_py' build argument 'catkin_skip_building_tests' from command line to 'False'
[0.249s] DEBUG:colcon.colcon_core.verb:Building package 'turtle_py' with the following arguments: {'ament_cmake_args': None, 'build_base': '/home/pa9/physicalai-lv1-assignments/lv1_module2_student/ros2_ws/build/turtle_py', 'catkin_cmake_args': None, 'catkin_skip_building_tests': False, 'cmake_args': None, 'cmake_clean_cache': False, 'cmake_clean_first': False, 'cmake_force_configure': False, 'cmake_target': None, 'cmake_target_skip_unavailable': False, 'install_base': '/home/pa9/physicalai-lv1-assignments/lv1_module2_student/ros2_ws/install/turtle_py', 'merge_install': False, 'path': '/home/pa9/physicalai-lv1-assignments/lv1_module2_student/ros2_ws/src/turtle_py', 'symlink_install': True, 'test_result_base': None}
[0.249s] INFO:colcon.colcon_core.executor:Executing jobs using 'parallel' executor
[0.249s] DEBUG:colcon.colcon_parallel_executor.executor.parallel:run_until_complete
[0.250s] INFO:colcon.colcon_core.task.python.build:Building Python package in '/home/pa9/physicalai-lv1-assignments/lv1_module2_student/ros2_ws/src/turtle_py'
[0.251s] INFO:colcon.colcon_core.plugin_system:Skipping extension 'colcon_core.shell.bat': Not used on non-Windows systems
[0.251s] INFO:colcon.colcon_core.shell:Skip shell extension 'powershell' for command environment: Not usable outside of PowerShell
[0.251s] DEBUG:colcon.colcon_core.shell:Skip shell extension 'dsv' for command environment
[0.494s] DEBUG:colcon.colcon_core.task.python.build:Available setuptools commands: dist_info, test, install_data, setopt, build_scripts, install, easy_install, build_py, bdist_rpm, upload, bdist, compile_catalog, install_scripts, clean, extract_messages, saveopts, register, alias, install_headers, update_catalog, build_clib, bdist_dumb, bdist_egg, egg_info, install_lib, check, bdist_wheel, develop, upload_docs, install_egg_info, build_ext, rotate, sdist, build, init_catalog, symlink_data
[0.604s] DEBUG:colcon.colcon_core.task.python.build:Available setuptools 'develop' options: --no-find-links, --build-directory, --site-dirs, --local-snapshots-ok, --verbose, --dry-run, --always-copy, --upgrade, --always-unzip, --editable, --multi-version, --record, --allow-hosts, --uninstall, --install-dir, --egg-path, --quiet, --install-layout, --index-url, --no-deps, --version, --force-installation-into-system-dir, --help, --prefix, --zip-ok, --no-user-cfg, --exclude-scripts, --user, --optimize, --script-dir, --find-links
[0.604s] DEBUG:colcon.colcon_core.task.python.build:While undoing a previous installation files outside the Python library path are being ignored: /home/pa9/physicalai-lv1-assignments/lv1_module2_student/ros2_ws/install/turtle_py/share/ament_index/resource_index/packages/turtle_py
[0.604s] DEBUG:colcon.colcon_core.task.python.build:While undoing a previous installation files outside the Python library path are being ignored: /home/pa9/physicalai-lv1-assignments/lv1_module2_student/ros2_ws/install/turtle_py/share/turtle_py/package.xml
[0.604s] DEBUG:colcon.colcon_core.task.python.build:While undoing a previous installation files outside the Python library path are being ignored: /home/pa9/physicalai-lv1-assignments/lv1_module2_student/ros2_ws/install/turtle_py/lib/turtle_py/distance_warning
[0.604s] DEBUG:colcon.colcon_core.task.python.build:While undoing a previous installation files outside the Python library path are being ignored: /home/pa9/physicalai-lv1-assignments/lv1_module2_student/ros2_ws/install/turtle_py/lib/turtle_py/square_driver
[0.604s] DEBUG:colcon.colcon_core.task.python.build:While undoing a previous installation files outside the Python library path are being ignored: /home/pa9/physicalai-lv1-assignments/lv1_module2_student/ros2_ws/install/turtle_py/lib/turtle_py/subscribe_pose
[0.606s] DEBUG:colcon.colcon_core.event_handler.log_command:Invoking command in '/home/pa9/physicalai-lv1-assignments/lv1_module2_student/ros2_ws/build/turtle_py': PYTHONPATH=/home/pa9/physicalai-lv1-assignments/lv1_module2_student/ros2_ws/build/turtle_py/prefix_override:/usr/lib/python3/dist-packages/colcon_core/task/python/colcon_distutils_commands:/home/pa9/physicalai-lv1-assignments/lv1_module2_student/ros2_ws/install/turtle_py/lib/python3.10/site-packages:${PYTHONPATH} /usr/bin/python3 -W ignore:setup.py install is deprecated -W ignore:easy_install command is deprecated setup.py develop --editable --build-directory /home/pa9/physicalai-lv1-assignments/lv1_module2_student/ros2_ws/build/turtle_py/build --no-deps symlink_data --force
[0.784s] Level 1:colcon.colcon_core.shell:create_environment_hook('turtle_py', 'pythonpath_develop')
[0.784s] INFO:colcon.colcon_core.shell:Creating environment hook '/home/pa9/physicalai-lv1-assignments/lv1_module2_student/ros2_ws/build/turtle_py/share/turtle_py/hook/pythonpath_develop.ps1'
[0.784s] DEBUG:colcon.colcon_core.event_handler.log_command:Invoked command in '/home/pa9/physicalai-lv1-assignments/lv1_module2_student/ros2_ws/build/turtle_py' returned '0': PYTHONPATH=/home/pa9/physicalai-lv1-assignments/lv1_module2_student/ros2_ws/build/turtle_py/prefix_override:/usr/lib/python3/dist-packages/colcon_core/task/python/colcon_distutils_commands:/home/pa9/physicalai-lv1-assignments/lv1_module2_student/ros2_ws/install/turtle_py/lib/python3.10/site-packages:${PYTHONPATH} /usr/bin/python3 -W ignore:setup.py install is deprecated -W ignore:easy_install command is deprecated setup.py develop --editable --build-directory /home/pa9/physicalai-lv1-assignments/lv1_module2_student/ros2_ws/build/turtle_py/build --no-deps symlink_data --force
[0.784s] INFO:colcon.colcon_core.shell:Creating environment descriptor '/home/pa9/physicalai-lv1-assignments/lv1_module2_student/ros2_ws/build/turtle_py/share/turtle_py/hook/pythonpath_develop.dsv'
[0.785s] INFO:colcon.colcon_core.shell:Creating environment hook '/home/pa9/physicalai-lv1-assignments/lv1_module2_student/ros2_ws/build/turtle_py/share/turtle_py/hook/pythonpath_develop.sh'
[0.786s] Level 1:colcon.colcon_core.environment:checking '/home/pa9/physicalai-lv1-assignments/lv1_module2_student/ros2_ws/install/turtle_py' for CMake module files
[0.786s] Level 1:colcon.colcon_core.environment:checking '/home/pa9/physicalai-lv1-assignments/lv1_module2_student/ros2_ws/install/turtle_py' for CMake config files
[0.786s] Level 1:colcon.colcon_core.environment:checking '/home/pa9/physicalai-lv1-assignments/lv1_module2_student/ros2_ws/install/turtle_py/lib'
[0.786s] Level 1:colcon.colcon_core.environment:checking '/home/pa9/physicalai-lv1-assignments/lv1_module2_student/ros2_ws/install/turtle_py/bin'
[0.786s] Level 1:colcon.colcon_core.environment:checking '/home/pa9/physicalai-lv1-assignments/lv1_module2_student/ros2_ws/install/turtle_py/lib/pkgconfig/turtle_py.pc'
[0.787s] Level 1:colcon.colcon_core.environment:checking '/home/pa9/physicalai-lv1-assignments/lv1_module2_student/ros2_ws/install/turtle_py/lib/python3.10/site-packages'
[0.787s] Level 1:colcon.colcon_core.shell:create_environment_hook('turtle_py', 'pythonpath')
[0.787s] INFO:colcon.colcon_core.shell:Creating environment hook '/home/pa9/physicalai-lv1-assignments/lv1_module2_student/ros2_ws/install/turtle_py/share/turtle_py/hook/pythonpath.ps1'
[0.787s] INFO:colcon.colcon_core.shell:Creating environment descriptor '/home/pa9/physicalai-lv1-assignments/lv1_module2_student/ros2_ws/install/turtle_py/share/turtle_py/hook/pythonpath.dsv'
[0.787s] INFO:colcon.colcon_core.shell:Creating environment hook '/home/pa9/physicalai-lv1-assignments/lv1_module2_student/ros2_ws/install/turtle_py/share/turtle_py/hook/pythonpath.sh'
[0.787s] Level 1:colcon.colcon_core.environment:checking '/home/pa9/physicalai-lv1-assignments/lv1_module2_student/ros2_ws/install/turtle_py/bin'
[0.787s] Level 1:colcon.colcon_core.environment:create_environment_scripts_only(turtle_py)
[0.787s] INFO:colcon.colcon_core.shell:Creating package script '/home/pa9/physicalai-lv1-assignments/lv1_module2_student/ros2_ws/install/turtle_py/share/turtle_py/package.ps1'
[0.788s] INFO:colcon.colcon_core.shell:Creating package descriptor '/home/pa9/physicalai-lv1-assignments/lv1_module2_student/ros2_ws/install/turtle_py/share/turtle_py/package.dsv'
[0.788s] INFO:colcon.colcon_core.shell:Creating package script '/home/pa9/physicalai-lv1-assignments/lv1_module2_student/ros2_ws/install/turtle_py/share/turtle_py/package.sh'
[0.788s] INFO:colcon.colcon_core.shell:Creating package script '/home/pa9/physicalai-lv1-assignments/lv1_module2_student/ros2_ws/install/turtle_py/share/turtle_py/package.bash'
[0.789s] INFO:colcon.colcon_core.shell:Creating package script '/home/pa9/physicalai-lv1-assignments/lv1_module2_student/ros2_ws/install/turtle_py/share/turtle_py/package.zsh'
[0.789s] Level 1:colcon.colcon_core.environment:create_file_with_runtime_dependencies(/home/pa9/physicalai-lv1-assignments/lv1_module2_student/ros2_ws/install/turtle_py/share/colcon-core/packages/turtle_py)
[0.789s] DEBUG:colcon.colcon_parallel_executor.executor.parallel:closing loop
[0.789s] DEBUG:colcon.colcon_parallel_executor.executor.parallel:loop closed
[0.789s] DEBUG:colcon.colcon_parallel_executor.executor.parallel:run_until_complete finished with '0'
[0.789s] DEBUG:colcon.colcon_core.event_reactor:joining thread
[0.792s] INFO:colcon.colcon_core.plugin_system:Skipping extension 'colcon_notification.desktop_notification.terminal_notifier': Not used on non-Darwin systems
[0.792s] INFO:colcon.colcon_core.plugin_system:Skipping extension 'colcon_notification.desktop_notification.win32': Not used on non-Windows systems
[0.792s] INFO:colcon.colcon_notification.desktop_notification:Sending desktop notification using 'notify2'
[0.799s] DEBUG:colcon.colcon_core.event_reactor:joined thread
[0.800s] INFO:colcon.colcon_core.shell:Creating prefix script '/home/pa9/physicalai-lv1-assignments/lv1_module2_student/ros2_ws/install/local_setup.ps1'
[0.800s] INFO:colcon.colcon_core.shell:Creating prefix util module '/home/pa9/physicalai-lv1-assignments/lv1_module2_student/ros2_ws/install/_local_setup_util_ps1.py'
[0.800s] INFO:colcon.colcon_core.shell:Creating prefix chain script '/home/pa9/physicalai-lv1-assignments/lv1_module2_student/ros2_ws/install/setup.ps1'
[0.801s] INFO:colcon.colcon_core.shell:Creating prefix script '/home/pa9/physicalai-lv1-assignments/lv1_module2_student/ros2_ws/install/local_setup.sh'
[0.801s] INFO:colcon.colcon_core.shell:Creating prefix util module '/home/pa9/physicalai-lv1-assignments/lv1_module2_student/ros2_ws/install/_local_setup_util_sh.py'
[0.801s] INFO:colcon.colcon_core.shell:Creating prefix chain script '/home/pa9/physicalai-lv1-assignments/lv1_module2_student/ros2_ws/install/setup.sh'
[0.802s] INFO:colcon.colcon_core.shell:Creating prefix script '/home/pa9/physicalai-lv1-assignments/lv1_module2_student/ros2_ws/install/local_setup.bash'
[0.802s] INFO:colcon.colcon_core.shell:Creating prefix chain script '/home/pa9/physicalai-lv1-assignments/lv1_module2_student/ros2_ws/install/setup.bash'
[0.803s] INFO:colcon.colcon_core.shell:Creating prefix script '/home/pa9/physicalai-lv1-assignments/lv1_module2_student/ros2_ws/install/local_setup.zsh'
[0.803s] INFO:colcon.colcon_core.shell:Creating prefix chain script '/home/pa9/physicalai-lv1-assignments/lv1_module2_student/ros2_ws/install/setup.zsh'
