-- Found ament_cmake: 1.3.14 (/opt/ros/humble/share/ament_cmake/cmake)
-- Override CMake install command with custom implementation using symlinks instead of copying resources
-- Found rclcpp: 16.0.19 (/opt/ros/humble/share/rclcpp/cmake)
-- Found rosidl_generator_c: 3.1.9 (/opt/ros/humble/share/rosidl_generator_c/cmake)
-- Found rosidl_adapter: 3.1.9 (/opt/ros/humble/share/rosidl_adapter/cmake)
-- Found rosidl_generator_cpp: 3.1.9 (/opt/ros/humble/share/rosidl_generator_cpp/cmake)
-- Using all available rosidl_typesupport_c: rosidl_typesupport_fastrtps_c;rosidl_typesupport_introspection_c
-- Using all available rosidl_typesupport_cpp: rosidl_typesupport_fastrtps_cpp;rosidl_typesupport_introspection_cpp
-- Found rmw_implementation_cmake: 6.1.2 (/opt/ros/humble/share/rmw_implementation_cmake/cmake)
-- Found rmw_fastrtps_cpp: 6.2.10 (/opt/ros/humble/share/rmw_fastrtps_cpp/cmake)
-- Using RMW implementation 'rmw_fastrtps_cpp' as default
-- Found turtlesim: 1.4.3 (/opt/ros/humble/share/turtlesim/cmake)
-- Found ament_lint_auto: 0.12.15 (/opt/ros/humble/share/ament_lint_auto/cmake)
-- Added test 'cppcheck' to perform static code analysis on C / C++ code
-- Configured cppcheck include dirs: 
-- Configured cppcheck exclude dirs and/or files: 
-- Added test 'lint_cmake' to check CMake code style
-- Added test 'uncrustify' to check C / C++ code style
-- Configured uncrustify additional arguments: 
-- Added test 'xmllint' to check XML markup files
-- Configuring done
-- Generating done
-- Build files have been written to: /home/pa9/physicalai-lv1-assignments/lv1_module2_student/ros2_ws/build/turtle_cpp
Consolidate compiler generated dependencies of target distance_publisher
Consolidate compiler generated dependencies of target distance_subscriber
[ 25%] Linking CXX executable distance_subscriber
[ 50%] Linking CXX executable distance_publisher
[ 75%] Built target distance_subscriber
[100%] Built target distance_publisher
-- Install configuration: ""
-- Execute custom install script
-- Symlinking: /home/pa9/physicalai-lv1-assignments/lv1_module2_student/ros2_ws/install/turtle_cpp/lib/turtle_cpp/distance_publisher
-- Symlinking: /home/pa9/physicalai-lv1-assignments/lv1_module2_student/ros2_ws/install/turtle_cpp/lib/turtle_cpp/distance_subscriber
-- Symlinking: /home/pa9/physicalai-lv1-assignments/lv1_module2_student/ros2_ws/install/turtle_cpp/share/ament_index/resource_index/package_run_dependencies/turtle_cpp
-- Symlinking: /home/pa9/physicalai-lv1-assignments/lv1_module2_student/ros2_ws/install/turtle_cpp/share/ament_index/resource_index/parent_prefix_path/turtle_cpp
-- Symlinking: /home/pa9/physicalai-lv1-assignments/lv1_module2_student/ros2_ws/install/turtle_cpp/share/turtle_cpp/environment/ament_prefix_path.sh
-- Symlinking: /home/pa9/physicalai-lv1-assignments/lv1_module2_student/ros2_ws/install/turtle_cpp/share/turtle_cpp/environment/ament_prefix_path.dsv
-- Symlinking: /home/pa9/physicalai-lv1-assignments/lv1_module2_student/ros2_ws/install/turtle_cpp/share/turtle_cpp/environment/path.sh
-- Symlinking: /home/pa9/physicalai-lv1-assignments/lv1_module2_student/ros2_ws/install/turtle_cpp/share/turtle_cpp/environment/path.dsv
-- Symlinking: /home/pa9/physicalai-lv1-assignments/lv1_module2_student/ros2_ws/install/turtle_cpp/share/turtle_cpp/local_setup.bash
-- Symlinking: /home/pa9/physicalai-lv1-assignments/lv1_module2_student/ros2_ws/install/turtle_cpp/share/turtle_cpp/local_setup.sh
-- Symlinking: /home/pa9/physicalai-lv1-assignments/lv1_module2_student/ros2_ws/install/turtle_cpp/share/turtle_cpp/local_setup.zsh
-- Symlinking: /home/pa9/physicalai-lv1-assignments/lv1_module2_student/ros2_ws/install/turtle_cpp/share/turtle_cpp/local_setup.dsv
-- Symlinking: /home/pa9/physicalai-lv1-assignments/lv1_module2_student/ros2_ws/install/turtle_cpp/share/turtle_cpp/package.dsv
-- Symlinking: /home/pa9/physicalai-lv1-assignments/lv1_module2_student/ros2_ws/install/turtle_cpp/share/ament_index/resource_index/packages/turtle_cpp
-- Symlinking: /home/pa9/physicalai-lv1-assignments/lv1_module2_student/ros2_ws/install/turtle_cpp/share/turtle_cpp/cmake/turtle_cppConfig.cmake
-- Symlinking: /home/pa9/physicalai-lv1-assignments/lv1_module2_student/ros2_ws/install/turtle_cpp/share/turtle_cpp/cmake/turtle_cppConfig-version.cmake
-- Symlinking: /home/pa9/physicalai-lv1-assignments/lv1_module2_student/ros2_ws/install/turtle_cpp/share/turtle_cpp/package.xml
