[0.356s] Invoking command in '/home/pa9/physicalai-lv1-assignments/lv1_module2_student/ros2_ws/build/turtle_py': PYTHONPATH=/home/pa9/physicalai-lv1-assignments/lv1_module2_student/ros2_ws/build/turtle_py/prefix_override:/usr/lib/python3/dist-packages/colcon_core/task/python/colcon_distutils_commands:/home/pa9/physicalai-lv1-assignments/lv1_module2_student/ros2_ws/install/turtle_py/lib/python3.10/site-packages:${PYTHONPATH} /usr/bin/python3 -W ignore:setup.py install is deprecated -W ignore:easy_install command is deprecated setup.py develop --editable --build-directory /home/pa9/physicalai-lv1-assignments/lv1_module2_student/ros2_ws/build/turtle_py/build --no-deps symlink_data --force
[0.464s] running develop
[0.520s] running egg_info
[0.520s] writing turtle_py.egg-info/PKG-INFO
[0.520s] writing dependency_links to turtle_py.egg-info/dependency_links.txt
[0.520s] writing entry points to turtle_py.egg-info/entry_points.txt
[0.520s] writing requirements to turtle_py.egg-info/requires.txt
[0.520s] writing top-level names to turtle_py.egg-info/top_level.txt
[0.520s] reading manifest file 'turtle_py.egg-info/SOURCES.txt'
[0.520s] writing manifest file 'turtle_py.egg-info/SOURCES.txt'
[0.521s] running build_ext
[0.521s] Creating /home/pa9/physicalai-lv1-assignments/lv1_module2_student/ros2_ws/install/turtle_py/lib/python3.10/site-packages/turtle-py.egg-link (link to .)
[0.522s] Installing distance_warning script to /home/pa9/physicalai-lv1-assignments/lv1_module2_student/ros2_ws/install/turtle_py/lib/turtle_py
[0.522s] Installing square_driver script to /home/pa9/physicalai-lv1-assignments/lv1_module2_student/ros2_ws/install/turtle_py/lib/turtle_py
[0.522s] Installing subscribe_pose script to /home/pa9/physicalai-lv1-assignments/lv1_module2_student/ros2_ws/install/turtle_py/lib/turtle_py
[0.522s] 
[0.522s] Installed /home/pa9/physicalai-lv1-assignments/lv1_module2_student/ros2_ws/build/turtle_py
[0.522s] running symlink_data
[0.522s] symbolically linking /home/pa9/physicalai-lv1-assignments/lv1_module2_student/ros2_ws/build/turtle_py/resource/turtle_py -> /home/pa9/physicalai-lv1-assignments/lv1_module2_student/ros2_ws/install/turtle_py/share/ament_index/resource_index/packages
[0.522s] symbolically linking /home/pa9/physicalai-lv1-assignments/lv1_module2_student/ros2_ws/build/turtle_py/package.xml -> /home/pa9/physicalai-lv1-assignments/lv1_module2_student/ros2_ws/install/turtle_py/share/turtle_py
[0.534s] Invoked command in '/home/pa9/physicalai-lv1-assignments/lv1_module2_student/ros2_ws/build/turtle_py' returned '0': PYTHONPATH=/home/pa9/physicalai-lv1-assignments/lv1_module2_student/ros2_ws/build/turtle_py/prefix_override:/usr/lib/python3/dist-packages/colcon_core/task/python/colcon_distutils_commands:/home/pa9/physicalai-lv1-assignments/lv1_module2_student/ros2_ws/install/turtle_py/lib/python3.10/site-packages:${PYTHONPATH} /usr/bin/python3 -W ignore:setup.py install is deprecated -W ignore:easy_install command is deprecated setup.py develop --editable --build-directory /home/pa9/physicalai-lv1-assignments/lv1_module2_student/ros2_ws/build/turtle_py/build --no-deps symlink_data --force
