running egg_info
writing ../../build/turtle_py/turtle_py.egg-info/PKG-INFO
writing dependency_links to ../../build/turtle_py/turtle_py.egg-info/dependency_links.txt
writing entry points to ../../build/turtle_py/turtle_py.egg-info/entry_points.txt
writing requirements to ../../build/turtle_py/turtle_py.egg-info/requires.txt
writing top-level names to ../../build/turtle_py/turtle_py.egg-info/top_level.txt
reading manifest file '../../build/turtle_py/turtle_py.egg-info/SOURCES.txt'
writing manifest file '../../build/turtle_py/turtle_py.egg-info/SOURCES.txt'
running build
running build_py
copying turtle_py/subscribe_pose.py -> /home/pa9/physicalai-lv1-assignments/lv1_module2_student/ros2_ws/build/turtle_py/build/lib/turtle_py
copying turtle_py/distance_warning.py -> /home/pa9/physicalai-lv1-assignments/lv1_module2_student/ros2_ws/build/turtle_py/build/lib/turtle_py
copying turtle_py/square_driver.py -> /home/pa9/physicalai-lv1-assignments/lv1_module2_student/ros2_ws/build/turtle_py/build/lib/turtle_py
running install
running install_lib
copying /home/pa9/physicalai-lv1-assignments/lv1_module2_student/ros2_ws/build/turtle_py/build/lib/turtle_py/subscribe_pose.py -> /home/pa9/physicalai-lv1-assignments/lv1_module2_student/ros2_ws/install/turtle_py/lib/python3.10/site-packages/turtle_py
copying /home/pa9/physicalai-lv1-assignments/lv1_module2_student/ros2_ws/build/turtle_py/build/lib/turtle_py/distance_warning.py -> /home/pa9/physicalai-lv1-assignments/lv1_module2_student/ros2_ws/install/turtle_py/lib/python3.10/site-packages/turtle_py
copying /home/pa9/physicalai-lv1-assignments/lv1_module2_student/ros2_ws/build/turtle_py/build/lib/turtle_py/square_driver.py -> /home/pa9/physicalai-lv1-assignments/lv1_module2_student/ros2_ws/install/turtle_py/lib/python3.10/site-packages/turtle_py
byte-compiling /home/pa9/physicalai-lv1-assignments/lv1_module2_student/ros2_ws/install/turtle_py/lib/python3.10/site-packages/turtle_py/subscribe_pose.py to subscribe_pose.cpython-310.pyc
byte-compiling /home/pa9/physicalai-lv1-assignments/lv1_module2_student/ros2_ws/install/turtle_py/lib/python3.10/site-packages/turtle_py/distance_warning.py to distance_warning.cpython-310.pyc
byte-compiling /home/pa9/physicalai-lv1-assignments/lv1_module2_student/ros2_ws/install/turtle_py/lib/python3.10/site-packages/turtle_py/square_driver.py to square_driver.cpython-310.pyc
running install_data
running install_egg_info
removing '/home/pa9/physicalai-lv1-assignments/lv1_module2_student/ros2_ws/install/turtle_py/lib/python3.10/site-packages/turtle_py-0.0.0-py3.10.egg-info' (and everything under it)
Copying ../../build/turtle_py/turtle_py.egg-info to /home/pa9/physicalai-lv1-assignments/lv1_module2_student/ros2_ws/install/turtle_py/lib/python3.10/site-packages/turtle_py-0.0.0-py3.10.egg-info
running install_scripts
Installing distance_warning script to /home/pa9/physicalai-lv1-assignments/lv1_module2_student/ros2_ws/install/turtle_py/lib/turtle_py
Installing square_driver script to /home/pa9/physicalai-lv1-assignments/lv1_module2_student/ros2_ws/install/turtle_py/lib/turtle_py
Installing subscribe_pose script to /home/pa9/physicalai-lv1-assignments/lv1_module2_student/ros2_ws/install/turtle_py/lib/turtle_py
writing list of installed files to '/home/pa9/physicalai-lv1-assignments/lv1_module2_student/ros2_ws/build/turtle_py/install.log'
