[0.386s] Invoking command in '/home/pa9/physicalai-lv1-assignments/lv1_module2_student/ros2_ws/build/turtle_py': AMENT_PREFIX_PATH=/home/pa9/physicalai-lv1-assignments/lv1_module2_student/ros2_ws/install/turtle_interfaces:${AMENT_PREFIX_PATH} CMAKE_PREFIX_PATH=/home/pa9/physicalai-lv1-assignments/lv1_module2_student/ros2_ws/install/turtle_interfaces:${CMAKE_PREFIX_PATH} LD_LIBRARY_PATH=/home/pa9/physicalai-lv1-assignments/lv1_module2_student/ros2_ws/install/turtle_interfaces/lib:/home/pa9/ros2_ws/install/turtlebot3_msgs/lib:/home/pa9/ros2_ws/install/dynamixel_sdk_custom_interfaces/lib:/home/pa9/ros2_ws/install/dynamixel_sdk/lib:/usr/lib/x86_64-linux-gnu/gazebo-11/plugins:/opt/ros/humble/opt/rviz_ogre_vendor/lib:/opt/ros/humble/lib/x86_64-linux-gnu:/opt/ros/humble/lib:/usr/lib/x86_64-linux-gnu/gazebo-11/plugins PYTHONPATH=/home/pa9/physicalai-lv1-assignments/lv1_module2_student/ros2_ws/build/turtle_py/prefix_override:/usr/lib/python3/dist-packages/colcon_core/task/python/colcon_distutils_commands:/home/pa9/physicalai-lv1-assignments/lv1_module2_student/ros2_ws/install/turtle_py/lib/python3.10/site-packages:/home/pa9/physicalai-lv1-assignments/lv1_module2_student/ros2_ws/install/turtle_interfaces/local/lib/python3.10/dist-packages:${PYTHONPATH} /usr/bin/python3 -W ignore:setup.py install is deprecated -W ignore:easy_install command is deprecated setup.py develop --editable --build-directory /home/pa9/physicalai-lv1-assignments/lv1_module2_student/ros2_ws/build/turtle_py/build --no-deps symlink_data --force
[0.490s] running develop
[0.546s] running egg_info
[0.546s] writing turtle_py.egg-info/PKG-INFO
[0.546s] writing dependency_links to turtle_py.egg-info/dependency_links.txt
[0.546s] writing entry points to turtle_py.egg-info/entry_points.txt
[0.547s] writing requirements to turtle_py.egg-info/requires.txt
[0.547s] writing top-level names to turtle_py.egg-info/top_level.txt
[0.547s] reading manifest file 'turtle_py.egg-info/SOURCES.txt'
[0.548s] writing manifest file 'turtle_py.egg-info/SOURCES.txt'
[0.548s] running build_ext
[0.548s] Creating /home/pa9/physicalai-lv1-assignments/lv1_module2_student/ros2_ws/install/turtle_py/lib/python3.10/site-packages/turtle-py.egg-link (link to .)
[0.549s] Installing builtin_service_client script to /home/pa9/physicalai-lv1-assignments/lv1_module2_student/ros2_ws/install/turtle_py/lib/turtle_py
[0.549s] Installing distance_warning script to /home/pa9/physicalai-lv1-assignments/lv1_module2_student/ros2_ws/install/turtle_py/lib/turtle_py
[0.549s] Installing polygon_action_server script to /home/pa9/physicalai-lv1-assignments/lv1_module2_student/ros2_ws/install/turtle_py/lib/turtle_py
[0.549s] Installing qos_sensor_publisher script to /home/pa9/physicalai-lv1-assignments/lv1_module2_student/ros2_ws/install/turtle_py/lib/turtle_py
[0.549s] Installing qos_subscriber script to /home/pa9/physicalai-lv1-assignments/lv1_module2_student/ros2_ws/install/turtle_py/lib/turtle_py
[0.549s] Installing rotate_absolute_client script to /home/pa9/physicalai-lv1-assignments/lv1_module2_student/ros2_ws/install/turtle_py/lib/turtle_py
[0.549s] Installing square_driver script to /home/pa9/physicalai-lv1-assignments/lv1_module2_student/ros2_ws/install/turtle_py/lib/turtle_py
[0.549s] Installing subscribe_pose script to /home/pa9/physicalai-lv1-assignments/lv1_module2_student/ros2_ws/install/turtle_py/lib/turtle_py
[0.549s] Installing waypoint_publisher script to /home/pa9/physicalai-lv1-assignments/lv1_module2_student/ros2_ws/install/turtle_py/lib/turtle_py
[0.549s] 
[0.549s] Installed /home/pa9/physicalai-lv1-assignments/lv1_module2_student/ros2_ws/build/turtle_py
[0.549s] running symlink_data
[0.549s] symbolically linking /home/pa9/physicalai-lv1-assignments/lv1_module2_student/ros2_ws/build/turtle_py/resource/turtle_py -> /home/pa9/physicalai-lv1-assignments/lv1_module2_student/ros2_ws/install/turtle_py/share/ament_index/resource_index/packages
[0.549s] symbolically linking /home/pa9/physicalai-lv1-assignments/lv1_module2_student/ros2_ws/build/turtle_py/package.xml -> /home/pa9/physicalai-lv1-assignments/lv1_module2_student/ros2_ws/install/turtle_py/share/turtle_py
[0.549s] creating /home/pa9/physicalai-lv1-assignments/lv1_module2_student/ros2_ws/install/turtle_py/share/turtle_py/launch
[0.549s] error: [Errno 2] No such file or directory: '/home/pa9/physicalai-lv1-assignments/lv1_module2_student/ros2_ws/install/turtle_py/share/turtle_py/launch/turtle_system.launch.py'
[0.562s] Invoked command in '/home/pa9/physicalai-lv1-assignments/lv1_module2_student/ros2_ws/build/turtle_py' returned '1': AMENT_PREFIX_PATH=/home/pa9/physicalai-lv1-assignments/lv1_module2_student/ros2_ws/install/turtle_interfaces:${AMENT_PREFIX_PATH} CMAKE_PREFIX_PATH=/home/pa9/physicalai-lv1-assignments/lv1_module2_student/ros2_ws/install/turtle_interfaces:${CMAKE_PREFIX_PATH} LD_LIBRARY_PATH=/home/pa9/physicalai-lv1-assignments/lv1_module2_student/ros2_ws/install/turtle_interfaces/lib:/home/pa9/ros2_ws/install/turtlebot3_msgs/lib:/home/pa9/ros2_ws/install/dynamixel_sdk_custom_interfaces/lib:/home/pa9/ros2_ws/install/dynamixel_sdk/lib:/usr/lib/x86_64-linux-gnu/gazebo-11/plugins:/opt/ros/humble/opt/rviz_ogre_vendor/lib:/opt/ros/humble/lib/x86_64-linux-gnu:/opt/ros/humble/lib:/usr/lib/x86_64-linux-gnu/gazebo-11/plugins PYTHONPATH=/home/pa9/physicalai-lv1-assignments/lv1_module2_student/ros2_ws/build/turtle_py/prefix_override:/usr/lib/python3/dist-packages/colcon_core/task/python/colcon_distutils_commands:/home/pa9/physicalai-lv1-assignments/lv1_module2_student/ros2_ws/install/turtle_py/lib/python3.10/site-packages:/home/pa9/physicalai-lv1-assignments/lv1_module2_student/ros2_ws/install/turtle_interfaces/local/lib/python3.10/dist-packages:${PYTHONPATH} /usr/bin/python3 -W ignore:setup.py install is deprecated -W ignore:easy_install command is deprecated setup.py develop --editable --build-directory /home/pa9/physicalai-lv1-assignments/lv1_module2_student/ros2_ws/build/turtle_py/build --no-deps symlink_data --force
