[0.246s] Invoking command in '/home/pa9/physicalai-lv1-assignments/lv1_module2_student/ros2_ws/src/turtle_py': PYTHONPATH=/home/pa9/physicalai-lv1-assignments/lv1_module2_student/ros2_ws/build/turtle_py/prefix_override:/usr/lib/python3/dist-packages/colcon_core/task/python/colcon_distutils_commands:/home/pa9/physicalai-lv1-assignments/lv1_module2_student/ros2_ws/install/turtle_py/lib/python3.10/site-packages:${PYTHONPATH} /usr/bin/python3 -W ignore:setup.py install is deprecated -W ignore:easy_install command is deprecated setup.py egg_info --egg-base ../../build/turtle_py build --build-base /home/pa9/physicalai-lv1-assignments/lv1_module2_student/ros2_ws/build/turtle_py/build install --record /home/pa9/physicalai-lv1-assignments/lv1_module2_student/ros2_ws/build/turtle_py/install.log --install-scripts $base/lib/turtle_py --single-version-externally-managed install_data
[0.337s] running egg_info
[0.338s] writing ../../build/turtle_py/turtle_py.egg-info/PKG-INFO
[0.338s] writing dependency_links to ../../build/turtle_py/turtle_py.egg-info/dependency_links.txt
[0.338s] writing entry points to ../../build/turtle_py/turtle_py.egg-info/entry_points.txt
[0.338s] writing requirements to ../../build/turtle_py/turtle_py.egg-info/requires.txt
[0.338s] writing top-level names to ../../build/turtle_py/turtle_py.egg-info/top_level.txt
[0.338s] reading manifest file '../../build/turtle_py/turtle_py.egg-info/SOURCES.txt'
[0.338s] writing manifest file '../../build/turtle_py/turtle_py.egg-info/SOURCES.txt'
[0.338s] running build
[0.338s] running build_py
[0.339s] copying turtle_py/distance_warning.py -> /home/pa9/physicalai-lv1-assignments/lv1_module2_student/ros2_ws/build/turtle_py/build/lib/turtle_py
[0.339s] running install
[0.339s] running install_lib
[0.339s] copying /home/pa9/physicalai-lv1-assignments/lv1_module2_student/ros2_ws/build/turtle_py/build/lib/turtle_py/distance_warning.py -> /home/pa9/physicalai-lv1-assignments/lv1_module2_student/ros2_ws/install/turtle_py/lib/python3.10/site-packages/turtle_py
[0.339s] byte-compiling /home/pa9/physicalai-lv1-assignments/lv1_module2_student/ros2_ws/install/turtle_py/lib/python3.10/site-packages/turtle_py/distance_warning.py to distance_warning.cpython-310.pyc
[0.340s] running install_data
[0.340s] running install_egg_info
[0.340s] removing '/home/pa9/physicalai-lv1-assignments/lv1_module2_student/ros2_ws/install/turtle_py/lib/python3.10/site-packages/turtle_py-0.0.0-py3.10.egg-info' (and everything under it)
[0.340s] Copying ../../build/turtle_py/turtle_py.egg-info to /home/pa9/physicalai-lv1-assignments/lv1_module2_student/ros2_ws/install/turtle_py/lib/python3.10/site-packages/turtle_py-0.0.0-py3.10.egg-info
[0.341s] running install_scripts
[0.349s] Installing distance_warning script to /home/pa9/physicalai-lv1-assignments/lv1_module2_student/ros2_ws/install/turtle_py/lib/turtle_py
[0.349s] Installing subscribe_pose script to /home/pa9/physicalai-lv1-assignments/lv1_module2_student/ros2_ws/install/turtle_py/lib/turtle_py
[0.350s] writing list of installed files to '/home/pa9/physicalai-lv1-assignments/lv1_module2_student/ros2_ws/build/turtle_py/install.log'
[0.359s] Invoked command in '/home/pa9/physicalai-lv1-assignments/lv1_module2_student/ros2_ws/src/turtle_py' returned '0': PYTHONPATH=/home/pa9/physicalai-lv1-assignments/lv1_module2_student/ros2_ws/build/turtle_py/prefix_override:/usr/lib/python3/dist-packages/colcon_core/task/python/colcon_distutils_commands:/home/pa9/physicalai-lv1-assignments/lv1_module2_student/ros2_ws/install/turtle_py/lib/python3.10/site-packages:${PYTHONPATH} /usr/bin/python3 -W ignore:setup.py install is deprecated -W ignore:easy_install command is deprecated setup.py egg_info --egg-base ../../build/turtle_py build --build-base /home/pa9/physicalai-lv1-assignments/lv1_module2_student/ros2_ws/build/turtle_py/build install --record /home/pa9/physicalai-lv1-assignments/lv1_module2_student/ros2_ws/build/turtle_py/install.log --install-scripts $base/lib/turtle_py --single-version-externally-managed install_data
