[0.007s] Invoking command in '/home/pa9/physicalai-lv1-assignments/lv1_module2_student/ros2_ws/build/turtle_cpp': CMAKE_PREFIX_PATH=${CMAKE_PREFIX_PATH}:/home/pa9/physicalai-lv1-assignments/lv1_module2_student/ros2_ws/install/turtle_py:/home/pa9/ros2_ws/install/turtlebot3_teleop:/home/pa9/ros2_ws/install/turtlebot3_example:/home/pa9/ros2_ws/install/demo_py_pkg:/opt/ros/humble /usr/bin/cmake --build /home/pa9/physicalai-lv1-assignments/lv1_module2_student/ros2_ws/build/turtle_cpp -- -j24 -l24
[0.026s] -- Found ament_cmake: 1.3.14 (/opt/ros/humble/share/ament_cmake/cmake)
[0.084s] -- Found rclcpp: 16.0.19 (/opt/ros/humble/share/rclcpp/cmake)
[0.093s] -- Found rosidl_generator_c: 3.1.9 (/opt/ros/humble/share/rosidl_generator_c/cmake)
[0.094s] -- Found rosidl_adapter: 3.1.9 (/opt/ros/humble/share/rosidl_adapter/cmake)
[0.096s] -- Found rosidl_generator_cpp: 3.1.9 (/opt/ros/humble/share/rosidl_generator_cpp/cmake)
[0.100s] -- Using all available rosidl_typesupport_c: rosidl_typesupport_fastrtps_c;rosidl_typesupport_introspection_c
[0.105s] -- Using all available rosidl_typesupport_cpp: rosidl_typesupport_fastrtps_cpp;rosidl_typesupport_introspection_cpp
[0.119s] -- Found rmw_implementation_cmake: 6.1.2 (/opt/ros/humble/share/rmw_implementation_cmake/cmake)
[0.120s] -- Found rmw_fastrtps_cpp: 6.2.10 (/opt/ros/humble/share/rmw_fastrtps_cpp/cmake)
[0.175s] -- Using RMW implementation 'rmw_fastrtps_cpp' as default
[0.197s] -- Found turtlesim: 1.4.3 (/opt/ros/humble/share/turtlesim/cmake)
[0.216s] -- Found ament_lint_auto: 0.12.15 (/opt/ros/humble/share/ament_lint_auto/cmake)
[0.259s] -- Added test 'cppcheck' to perform static code analysis on C / C++ code
[0.259s] -- Configured cppcheck include dirs: 
[0.259s] -- Configured cppcheck exclude dirs and/or files: 
[0.260s] -- Added test 'lint_cmake' to check CMake code style
[0.260s] -- Added test 'uncrustify' to check C / C++ code style
[0.261s] -- Configured uncrustify additional arguments: 
[0.261s] -- Added test 'xmllint' to check XML markup files
[0.261s] -- Configuring done
[0.265s] -- Generating done
[0.266s] -- Build files have been written to: /home/pa9/physicalai-lv1-assignments/lv1_module2_student/ros2_ws/build/turtle_cpp
[0.282s] [35m[1mConsolidate compiler generated dependencies of target distance_publisher[0m
[0.290s] [ 50%] [32mBuilding CXX object CMakeFiles/distance_publisher.dir/src/distance_publisher.cpp.o[0m
[4.141s] [100%] [32m[1mLinking CXX executable distance_publisher[0m
[4.330s] [100%] Built target distance_publisher
[4.341s] Invoked command in '/home/pa9/physicalai-lv1-assignments/lv1_module2_student/ros2_ws/build/turtle_cpp' returned '0': CMAKE_PREFIX_PATH=${CMAKE_PREFIX_PATH}:/home/pa9/physicalai-lv1-assignments/lv1_module2_student/ros2_ws/install/turtle_py:/home/pa9/ros2_ws/install/turtlebot3_teleop:/home/pa9/ros2_ws/install/turtlebot3_example:/home/pa9/ros2_ws/install/demo_py_pkg:/opt/ros/humble /usr/bin/cmake --build /home/pa9/physicalai-lv1-assignments/lv1_module2_student/ros2_ws/build/turtle_cpp -- -j24 -l24
[4.346s] Invoking command in '/home/pa9/physicalai-lv1-assignments/lv1_module2_student/ros2_ws/build/turtle_cpp': CMAKE_PREFIX_PATH=${CMAKE_PREFIX_PATH}:/home/pa9/physicalai-lv1-assignments/lv1_module2_student/ros2_ws/install/turtle_py:/home/pa9/ros2_ws/install/turtlebot3_teleop:/home/pa9/ros2_ws/install/turtlebot3_example:/home/pa9/ros2_ws/install/demo_py_pkg:/opt/ros/humble /usr/bin/cmake --install /home/pa9/physicalai-lv1-assignments/lv1_module2_student/ros2_ws/build/turtle_cpp
[4.351s] -- Install configuration: ""
[4.351s] -- Installing: /home/pa9/physicalai-lv1-assignments/lv1_module2_student/ros2_ws/install/turtle_cpp/lib/turtle_cpp/distance_publisher
[4.351s] -- Set runtime path of "/home/pa9/physicalai-lv1-assignments/lv1_module2_student/ros2_ws/install/turtle_cpp/lib/turtle_cpp/distance_publisher" to ""
[4.352s] -- Installing: /home/pa9/physicalai-lv1-assignments/lv1_module2_student/ros2_ws/install/turtle_cpp/share/ament_index/resource_index/package_run_dependencies/turtle_cpp
[4.352s] -- Installing: /home/pa9/physicalai-lv1-assignments/lv1_module2_student/ros2_ws/install/turtle_cpp/share/ament_index/resource_index/parent_prefix_path/turtle_cpp
[4.353s] -- Installing: /home/pa9/physicalai-lv1-assignments/lv1_module2_student/ros2_ws/install/turtle_cpp/share/turtle_cpp/environment/ament_prefix_path.sh
[4.353s] -- Installing: /home/pa9/physicalai-lv1-assignments/lv1_module2_student/ros2_ws/install/turtle_cpp/share/turtle_cpp/environment/ament_prefix_path.dsv
[4.353s] -- Installing: /home/pa9/physicalai-lv1-assignments/lv1_module2_student/ros2_ws/install/turtle_cpp/share/turtle_cpp/environment/path.sh
[4.353s] -- Installing: /home/pa9/physicalai-lv1-assignments/lv1_module2_student/ros2_ws/install/turtle_cpp/share/turtle_cpp/environment/path.dsv
[4.353s] -- Installing: /home/pa9/physicalai-lv1-assignments/lv1_module2_student/ros2_ws/install/turtle_cpp/share/turtle_cpp/local_setup.bash
[4.353s] -- Installing: /home/pa9/physicalai-lv1-assignments/lv1_module2_student/ros2_ws/install/turtle_cpp/share/turtle_cpp/local_setup.sh
[4.353s] -- Installing: /home/pa9/physicalai-lv1-assignments/lv1_module2_student/ros2_ws/install/turtle_cpp/share/turtle_cpp/local_setup.zsh
[4.353s] -- Installing: /home/pa9/physicalai-lv1-assignments/lv1_module2_student/ros2_ws/install/turtle_cpp/share/turtle_cpp/local_setup.dsv
[4.353s] -- Installing: /home/pa9/physicalai-lv1-assignments/lv1_module2_student/ros2_ws/install/turtle_cpp/share/turtle_cpp/package.dsv
[4.353s] -- Installing: /home/pa9/physicalai-lv1-assignments/lv1_module2_student/ros2_ws/install/turtle_cpp/share/ament_index/resource_index/packages/turtle_cpp
[4.353s] -- Installing: /home/pa9/physicalai-lv1-assignments/lv1_module2_student/ros2_ws/install/turtle_cpp/share/turtle_cpp/cmake/turtle_cppConfig.cmake
[4.353s] -- Installing: /home/pa9/physicalai-lv1-assignments/lv1_module2_student/ros2_ws/install/turtle_cpp/share/turtle_cpp/cmake/turtle_cppConfig-version.cmake
[4.353s] -- Installing: /home/pa9/physicalai-lv1-assignments/lv1_module2_student/ros2_ws/install/turtle_cpp/share/turtle_cpp/package.xml
[4.353s] Invoked command in '/home/pa9/physicalai-lv1-assignments/lv1_module2_student/ros2_ws/build/turtle_cpp' returned '0': CMAKE_PREFIX_PATH=${CMAKE_PREFIX_PATH}:/home/pa9/physicalai-lv1-assignments/lv1_module2_student/ros2_ws/install/turtle_py:/home/pa9/ros2_ws/install/turtlebot3_teleop:/home/pa9/ros2_ws/install/turtlebot3_example:/home/pa9/ros2_ws/install/demo_py_pkg:/opt/ros/humble /usr/bin/cmake --install /home/pa9/physicalai-lv1-assignments/lv1_module2_student/ros2_ws/build/turtle_cpp
