[0.043s] DEBUG:colcon:Command line arguments: ['/usr/bin/colcon', 'build', '--packages-select', 'turtle_interfaces', 'turtle_py', 'turtle_cpp', '--symlink-install']
[0.043s] DEBUG:colcon:Parsed command line arguments: Namespace(log_base=None, log_level=None, verb_name='build', build_base='build', install_base='install', merge_install=False, symlink_install=True, test_result_base=None, continue_on_error=False, executor='parallel', parallel_workers=24, event_handlers=None, ignore_user_meta=False, metas=['./colcon.meta'], base_paths=['.'], packages_ignore=None, packages_ignore_regex=None, paths=None, packages_up_to=None, packages_up_to_regex=None, packages_above=None, packages_above_and_dependencies=None, packages_above_depth=None, packages_select_by_dep=None, packages_skip_by_dep=None, packages_skip_up_to=None, packages_select_build_failed=False, packages_skip_build_finished=False, packages_select_test_failures=False, packages_skip_test_passed=False, packages_select=['turtle_interfaces', 'turtle_py', 'turtle_cpp'], packages_skip=None, packages_select_regex=None, packages_skip_regex=None, packages_start=None, packages_end=None, allow_overriding=[], cmake_args=None, cmake_target=None, cmake_target_skip_unavailable=False, cmake_clean_cache=False, cmake_clean_first=False, cmake_force_configure=False, ament_cmake_args=None, catkin_cmake_args=None, catkin_skip_building_tests=False, verb_parser=<colcon_defaults.argument_parser.defaults.DefaultArgumentsDecorator object at 0x7b108fb4aaa0>, verb_extension=<colcon_core.verb.build.BuildVerb object at 0x7b108fb4a590>, main=<bound method BuildVerb.main of <colcon_core.verb.build.BuildVerb object at 0x7b108fb4a590>>)
[0.107s] Level 1:colcon.colcon_core.package_discovery:discover_packages(colcon_meta) check parameters
[0.107s] Level 1:colcon.colcon_core.package_discovery:discover_packages(recursive) check parameters
[0.107s] Level 1:colcon.colcon_core.package_discovery:discover_packages(ignore) check parameters
[0.107s] Level 1:colcon.colcon_core.package_discovery:discover_packages(path) check parameters
[0.107s] Level 1:colcon.colcon_core.package_discovery:discover_packages(colcon_meta) discover
[0.107s] Level 1:colcon.colcon_core.package_discovery:discover_packages(recursive) discover
[0.107s] INFO:colcon.colcon_core.package_discovery:Crawling recursively for packages in '/home/pa9/physicalai-lv1-assignments/lv1_module2_student/ros2_ws'
[0.107s] Level 1:colcon.colcon_core.package_identification:_identify(.) by extensions ['ignore', 'ignore_ament_install']
[0.107s] Level 1:colcon.colcon_core.package_identification:_identify(.) by extension 'ignore'
[0.107s] Level 1:colcon.colcon_core.package_identification:_identify(.) by extension 'ignore_ament_install'
[0.108s] Level 1:colcon.colcon_core.package_identification:_identify(.) by extensions ['colcon_pkg']
[0.108s] Level 1:colcon.colcon_core.package_identification:_identify(.) by extension 'colcon_pkg'
[0.108s] Level 1:colcon.colcon_core.package_identification:_identify(.) by extensions ['colcon_meta']
[0.108s] Level 1:colcon.colcon_core.package_identification:_identify(.) by extension 'colcon_meta'
[0.108s] Level 1:colcon.colcon_core.package_identification:_identify(.) by extensions ['ros']
[0.108s] Level 1:colcon.colcon_core.package_identification:_identify(.) by extension 'ros'
[0.112s] Level 1:colcon.colcon_core.package_identification:_identify(.) by extensions ['cmake', 'python']
[0.112s] Level 1:colcon.colcon_core.package_identification:_identify(.) by extension 'cmake'
[0.112s] Level 1:colcon.colcon_core.package_identification:_identify(.) by extension 'python'
[0.112s] Level 1:colcon.colcon_core.package_identification:_identify(.) by extensions ['python_setup_py']
[0.112s] Level 1:colcon.colcon_core.package_identification:_identify(.) by extension 'python_setup_py'
[0.112s] Level 1:colcon.colcon_core.package_identification:_identify(build) by extensions ['ignore', 'ignore_ament_install']
[0.112s] Level 1:colcon.colcon_core.package_identification:_identify(build) by extension 'ignore'
[0.112s] Level 1:colcon.colcon_core.package_identification:_identify(build) ignored
[0.112s] Level 1:colcon.colcon_core.package_identification:_identify(install) by extensions ['ignore', 'ignore_ament_install']
[0.112s] Level 1:colcon.colcon_core.package_identification:_identify(install) by extension 'ignore'
[0.112s] Level 1:colcon.colcon_core.package_identification:_identify(install) ignored
[0.112s] Level 1:colcon.colcon_core.package_identification:_identify(log) by extensions ['ignore', 'ignore_ament_install']
[0.113s] Level 1:colcon.colcon_core.package_identification:_identify(log) by extension 'ignore'
[0.113s] Level 1:colcon.colcon_core.package_identification:_identify(log) ignored
[0.113s] Level 1:colcon.colcon_core.package_identification:_identify(src) by extensions ['ignore', 'ignore_ament_install']
[0.113s] Level 1:colcon.colcon_core.package_identification:_identify(src) by extension 'ignore'
[0.113s] Level 1:colcon.colcon_core.package_identification:_identify(src) by extension 'ignore_ament_install'
[0.113s] Level 1:colcon.colcon_core.package_identification:_identify(src) by extensions ['colcon_pkg']
[0.113s] Level 1:colcon.colcon_core.package_identification:_identify(src) by extension 'colcon_pkg'
[0.113s] Level 1:colcon.colcon_core.package_identification:_identify(src) by extensions ['colcon_meta']
[0.113s] Level 1:colcon.colcon_core.package_identification:_identify(src) by extension 'colcon_meta'
[0.113s] Level 1:colcon.colcon_core.package_identification:_identify(src) by extensions ['ros']
[0.113s] Level 1:colcon.colcon_core.package_identification:_identify(src) by extension 'ros'
[0.113s] Level 1:colcon.colcon_core.package_identification:_identify(src) by extensions ['cmake', 'python']
[0.113s] Level 1:colcon.colcon_core.package_identification:_identify(src) by extension 'cmake'
[0.113s] Level 1:colcon.colcon_core.package_identification:_identify(src) by extension 'python'
[0.113s] Level 1:colcon.colcon_core.package_identification:_identify(src) by extensions ['python_setup_py']
[0.113s] Level 1:colcon.colcon_core.package_identification:_identify(src) by extension 'python_setup_py'
[0.113s] Level 1:colcon.colcon_core.package_identification:_identify(src/turtle_cpp) by extensions ['ignore', 'ignore_ament_install']
[0.113s] Level 1:colcon.colcon_core.package_identification:_identify(src/turtle_cpp) by extension 'ignore'
[0.113s] Level 1:colcon.colcon_core.package_identification:_identify(src/turtle_cpp) by extension 'ignore_ament_install'
[0.113s] Level 1:colcon.colcon_core.package_identification:_identify(src/turtle_cpp) by extensions ['colcon_pkg']
[0.113s] Level 1:colcon.colcon_core.package_identification:_identify(src/turtle_cpp) by extension 'colcon_pkg'
[0.113s] Level 1:colcon.colcon_core.package_identification:_identify(src/turtle_cpp) by extensions ['colcon_meta']
[0.113s] Level 1:colcon.colcon_core.package_identification:_identify(src/turtle_cpp) by extension 'colcon_meta'
[0.113s] Level 1:colcon.colcon_core.package_identification:_identify(src/turtle_cpp) by extensions ['ros']
[0.113s] Level 1:colcon.colcon_core.package_identification:_identify(src/turtle_cpp) by extension 'ros'
[0.114s] DEBUG:colcon.colcon_core.package_identification:Package 'src/turtle_cpp' with type 'ros.ament_cmake' and name 'turtle_cpp'
[0.114s] Level 1:colcon.colcon_core.package_identification:_identify(src/turtle_examples) by extensions ['ignore', 'ignore_ament_install']
[0.114s] Level 1:colcon.colcon_core.package_identification:_identify(src/turtle_examples) by extension 'ignore'
[0.114s] Level 1:colcon.colcon_core.package_identification:_identify(src/turtle_examples) by extension 'ignore_ament_install'
[0.114s] Level 1:colcon.colcon_core.package_identification:_identify(src/turtle_examples) by extensions ['colcon_pkg']
[0.114s] Level 1:colcon.colcon_core.package_identification:_identify(src/turtle_examples) by extension 'colcon_pkg'
[0.114s] Level 1:colcon.colcon_core.package_identification:_identify(src/turtle_examples) by extensions ['colcon_meta']
[0.114s] Level 1:colcon.colcon_core.package_identification:_identify(src/turtle_examples) by extension 'colcon_meta'
[0.114s] Level 1:colcon.colcon_core.package_identification:_identify(src/turtle_examples) by extensions ['ros']
[0.114s] Level 1:colcon.colcon_core.package_identification:_identify(src/turtle_examples) by extension 'ros'
[0.115s] DEBUG:colcon.colcon_core.package_identification:Package 'src/turtle_examples' with type 'ros.ament_python' and name 'turtle_examples'
[0.115s] Level 1:colcon.colcon_core.package_identification:_identify(src/turtle_interfaces) by extensions ['ignore', 'ignore_ament_install']
[0.115s] Level 1:colcon.colcon_core.package_identification:_identify(src/turtle_interfaces) by extension 'ignore'
[0.115s] Level 1:colcon.colcon_core.package_identification:_identify(src/turtle_interfaces) by extension 'ignore_ament_install'
[0.115s] Level 1:colcon.colcon_core.package_identification:_identify(src/turtle_interfaces) by extensions ['colcon_pkg']
[0.115s] Level 1:colcon.colcon_core.package_identification:_identify(src/turtle_interfaces) by extension 'colcon_pkg'
[0.115s] Level 1:colcon.colcon_core.package_identification:_identify(src/turtle_interfaces) by extensions ['colcon_meta']
[0.115s] Level 1:colcon.colcon_core.package_identification:_identify(src/turtle_interfaces) by extension 'colcon_meta'
[0.115s] Level 1:colcon.colcon_core.package_identification:_identify(src/turtle_interfaces) by extensions ['ros']
[0.115s] Level 1:colcon.colcon_core.package_identification:_identify(src/turtle_interfaces) by extension 'ros'
[0.115s] DEBUG:colcon.colcon_core.package_identification:Package 'src/turtle_interfaces' with type 'ros.ament_cmake' and name 'turtle_interfaces'
[0.115s] Level 1:colcon.colcon_core.package_identification:_identify(src/turtle_py) by extensions ['ignore', 'ignore_ament_install']
[0.115s] Level 1:colcon.colcon_core.package_identification:_identify(src/turtle_py) by extension 'ignore'
[0.115s] Level 1:colcon.colcon_core.package_identification:_identify(src/turtle_py) by extension 'ignore_ament_install'
[0.115s] Level 1:colcon.colcon_core.package_identification:_identify(src/turtle_py) by extensions ['colcon_pkg']
[0.115s] Level 1:colcon.colcon_core.package_identification:_identify(src/turtle_py) by extension 'colcon_pkg'
[0.115s] Level 1:colcon.colcon_core.package_identification:_identify(src/turtle_py) by extensions ['colcon_meta']
[0.115s] Level 1:colcon.colcon_core.package_identification:_identify(src/turtle_py) by extension 'colcon_meta'
[0.115s] Level 1:colcon.colcon_core.package_identification:_identify(src/turtle_py) by extensions ['ros']
[0.115s] Level 1:colcon.colcon_core.package_identification:_identify(src/turtle_py) by extension 'ros'
[0.116s] DEBUG:colcon.colcon_core.package_identification:Package 'src/turtle_py' with type 'ros.ament_python' and name 'turtle_py'
[0.116s] Level 1:colcon.colcon_core.package_discovery:discover_packages(recursive) using defaults
[0.116s] Level 1:colcon.colcon_core.package_discovery:discover_packages(ignore) discover
[0.116s] Level 1:colcon.colcon_core.package_discovery:discover_packages(ignore) using defaults
[0.116s] Level 1:colcon.colcon_core.package_discovery:discover_packages(path) discover
[0.116s] Level 1:colcon.colcon_core.package_discovery:discover_packages(path) using defaults
[0.131s] INFO:colcon.colcon_core.package_selection:Skipping not selected package 'turtle_examples' in 'src/turtle_examples'
[0.131s] Level 1:colcon.colcon_core.package_discovery:discover_packages(prefix_path) check parameters
[0.131s] Level 1:colcon.colcon_core.package_discovery:discover_packages(prefix_path) discover
[0.132s] DEBUG:colcon.colcon_installed_package_information.package_discovery:Found 19 installed packages in /home/pa9/ros2_ws/install
[0.133s] DEBUG:colcon.colcon_installed_package_information.package_discovery:Found 370 installed packages in /opt/ros/humble
[0.134s] Level 1:colcon.colcon_core.package_discovery:discover_packages(prefix_path) using defaults
[0.152s] Level 5:colcon.colcon_core.verb:set package 'turtle_cpp' build argument 'cmake_args' from command line to 'None'
[0.152s] Level 5:colcon.colcon_core.verb:set package 'turtle_cpp' build argument 'cmake_target' from command line to 'None'
[0.152s] Level 5:colcon.colcon_core.verb:set package 'turtle_cpp' build argument 'cmake_target_skip_unavailable' from command line to 'False'
[0.152s] Level 5:colcon.colcon_core.verb:set package 'turtle_cpp' build argument 'cmake_clean_cache' from command line to 'False'
[0.152s] Level 5:colcon.colcon_core.verb:set package 'turtle_cpp' build argument 'cmake_clean_first' from command line to 'False'
[0.152s] Level 5:colcon.colcon_core.verb:set package 'turtle_cpp' build argument 'cmake_force_configure' from command line to 'False'
[0.152s] Level 5:colcon.colcon_core.verb:set package 'turtle_cpp' build argument 'ament_cmake_args' from command line to 'None'
[0.152s] Level 5:colcon.colcon_core.verb:set package 'turtle_cpp' build argument 'catkin_cmake_args' from command line to 'None'
[0.152s] Level 5:colcon.colcon_core.verb:set package 'turtle_cpp' build argument 'catkin_skip_building_tests' from command line to 'False'
[0.152s] DEBUG:colcon.colcon_core.verb:Building package 'turtle_cpp' with the following arguments: {'ament_cmake_args': None, 'build_base': '/home/pa9/physicalai-lv1-assignments/lv1_module2_student/ros2_ws/build/turtle_cpp', 'catkin_cmake_args': None, 'catkin_skip_building_tests': False, 'cmake_args': None, 'cmake_clean_cache': False, 'cmake_clean_first': False, 'cmake_force_configure': False, 'cmake_target': None, 'cmake_target_skip_unavailable': False, 'install_base': '/home/pa9/physicalai-lv1-assignments/lv1_module2_student/ros2_ws/install/turtle_cpp', 'merge_install': False, 'path': '/home/pa9/physicalai-lv1-assignments/lv1_module2_student/ros2_ws/src/turtle_cpp', 'symlink_install': True, 'test_result_base': None}
[0.152s] Level 5:colcon.colcon_core.verb:set package 'turtle_interfaces' build argument 'cmake_args' from command line to 'None'
[0.152s] Level 5:colcon.colcon_core.verb:set package 'turtle_interfaces' build argument 'cmake_target' from command line to 'None'
[0.152s] Level 5:colcon.colcon_core.verb:set package 'turtle_interfaces' build argument 'cmake_target_skip_unavailable' from command line to 'False'
[0.152s] Level 5:colcon.colcon_core.verb:set package 'turtle_interfaces' build argument 'cmake_clean_cache' from command line to 'False'
[0.152s] Level 5:colcon.colcon_core.verb:set package 'turtle_interfaces' build argument 'cmake_clean_first' from command line to 'False'
[0.152s] Level 5:colcon.colcon_core.verb:set package 'turtle_interfaces' build argument 'cmake_force_configure' from command line to 'False'
[0.152s] Level 5:colcon.colcon_core.verb:set package 'turtle_interfaces' build argument 'ament_cmake_args' from command line to 'None'
[0.152s] Level 5:colcon.colcon_core.verb:set package 'turtle_interfaces' build argument 'catkin_cmake_args' from command line to 'None'
[0.152s] Level 5:colcon.colcon_core.verb:set package 'turtle_interfaces' build argument 'catkin_skip_building_tests' from command line to 'False'
[0.152s] DEBUG:colcon.colcon_core.verb:Building package 'turtle_interfaces' with the following arguments: {'ament_cmake_args': None, 'build_base': '/home/pa9/physicalai-lv1-assignments/lv1_module2_student/ros2_ws/build/turtle_interfaces', 'catkin_cmake_args': None, 'catkin_skip_building_tests': False, 'cmake_args': None, 'cmake_clean_cache': False, 'cmake_clean_first': False, 'cmake_force_configure': False, 'cmake_target': None, 'cmake_target_skip_unavailable': False, 'install_base': '/home/pa9/physicalai-lv1-assignments/lv1_module2_student/ros2_ws/install/turtle_interfaces', 'merge_install': False, 'path': '/home/pa9/physicalai-lv1-assignments/lv1_module2_student/ros2_ws/src/turtle_interfaces', 'symlink_install': True, 'test_result_base': None}
[0.152s] Level 5:colcon.colcon_core.verb:set package 'turtle_py' build argument 'cmake_args' from command line to 'None'
[0.152s] Level 5:colcon.colcon_core.verb:set package 'turtle_py' build argument 'cmake_target' from command line to 'None'
[0.152s] Level 5:colcon.colcon_core.verb:set package 'turtle_py' build argument 'cmake_target_skip_unavailable' from command line to 'False'
[0.152s] Level 5:colcon.colcon_core.verb:set package 'turtle_py' build argument 'cmake_clean_cache' from command line to 'False'
[0.152s] Level 5:colcon.colcon_core.verb:set package 'turtle_py' build argument 'cmake_clean_first' from command line to 'False'
[0.152s] Level 5:colcon.colcon_core.verb:set package 'turtle_py' build argument 'cmake_force_configure' from command line to 'False'
[0.152s] Level 5:colcon.colcon_core.verb:set package 'turtle_py' build argument 'ament_cmake_args' from command line to 'None'
[0.152s] Level 5:colcon.colcon_core.verb:set package 'turtle_py' build argument 'catkin_cmake_args' from command line to 'None'
[0.152s] Level 5:colcon.colcon_core.verb:set package 'turtle_py' build argument 'catkin_skip_building_tests' from command line to 'False'
[0.153s] DEBUG:colcon.colcon_core.verb:Building package 'turtle_py' with the following arguments: {'ament_cmake_args': None, 'build_base': '/home/pa9/physicalai-lv1-assignments/lv1_module2_student/ros2_ws/build/turtle_py', 'catkin_cmake_args': None, 'catkin_skip_building_tests': False, 'cmake_args': None, 'cmake_clean_cache': False, 'cmake_clean_first': False, 'cmake_force_configure': False, 'cmake_target': None, 'cmake_target_skip_unavailable': False, 'install_base': '/home/pa9/physicalai-lv1-assignments/lv1_module2_student/ros2_ws/install/turtle_py', 'merge_install': False, 'path': '/home/pa9/physicalai-lv1-assignments/lv1_module2_student/ros2_ws/src/turtle_py', 'symlink_install': True, 'test_result_base': None}
[0.153s] INFO:colcon.colcon_core.executor:Executing jobs using 'parallel' executor
[0.153s] DEBUG:colcon.colcon_parallel_executor.executor.parallel:run_until_complete
[0.153s] INFO:colcon.colcon_ros.task.ament_cmake.build:Building ROS package in '/home/pa9/physicalai-lv1-assignments/lv1_module2_student/ros2_ws/src/turtle_interfaces' with build type 'ament_cmake'
[0.154s] INFO:colcon.colcon_cmake.task.cmake.build:Building CMake package in '/home/pa9/physicalai-lv1-assignments/lv1_module2_student/ros2_ws/src/turtle_interfaces'
[0.154s] INFO:colcon.colcon_core.plugin_system:Skipping extension 'colcon_core.shell.bat': Not used on non-Windows systems
[0.154s] INFO:colcon.colcon_core.shell:Skip shell extension 'powershell' for command environment: Not usable outside of PowerShell
[0.154s] DEBUG:colcon.colcon_core.shell:Skip shell extension 'dsv' for command environment
[0.157s] INFO:colcon.colcon_ros.task.ament_cmake.build:Building ROS package in '/home/pa9/physicalai-lv1-assignments/lv1_module2_student/ros2_ws/src/turtle_cpp' with build type 'ament_cmake'
[0.157s] INFO:colcon.colcon_cmake.task.cmake.build:Building CMake package in '/home/pa9/physicalai-lv1-assignments/lv1_module2_student/ros2_ws/src/turtle_cpp'
[0.157s] INFO:colcon.colcon_core.shell:Skip shell extension 'powershell' for command environment: Not usable outside of PowerShell
[0.157s] DEBUG:colcon.colcon_core.shell:Skip shell extension 'dsv' for command environment
[0.160s] DEBUG:colcon.colcon_core.event_handler.log_command:Invoking command in '/home/pa9/physicalai-lv1-assignments/lv1_module2_student/ros2_ws/build/turtle_interfaces': CMAKE_PREFIX_PATH=${CMAKE_PREFIX_PATH}:/home/pa9/ros2_ws/install/turtlebot3_teleop:/home/pa9/ros2_ws/install/turtlebot3_example:/home/pa9/ros2_ws/install/demo_py_pkg:/opt/ros/humble /usr/bin/cmake /home/pa9/physicalai-lv1-assignments/lv1_module2_student/ros2_ws/src/turtle_interfaces -DAMENT_CMAKE_SYMLINK_INSTALL=1 -DCMAKE_INSTALL_PREFIX=/home/pa9/physicalai-lv1-assignments/lv1_module2_student/ros2_ws/install/turtle_interfaces
[0.161s] DEBUG:colcon.colcon_core.event_handler.log_command:Invoking command in '/home/pa9/physicalai-lv1-assignments/lv1_module2_student/ros2_ws/build/turtle_cpp': CMAKE_PREFIX_PATH=${CMAKE_PREFIX_PATH}:/home/pa9/ros2_ws/install/turtlebot3_teleop:/home/pa9/ros2_ws/install/turtlebot3_example:/home/pa9/ros2_ws/install/demo_py_pkg:/opt/ros/humble /usr/bin/cmake /home/pa9/physicalai-lv1-assignments/lv1_module2_student/ros2_ws/src/turtle_cpp -DAMENT_CMAKE_SYMLINK_INSTALL=1 -DCMAKE_INSTALL_PREFIX=/home/pa9/physicalai-lv1-assignments/lv1_module2_student/ros2_ws/install/turtle_cpp
[0.436s] DEBUG:colcon.colcon_core.event_handler.log_command:Invoked command in '/home/pa9/physicalai-lv1-assignments/lv1_module2_student/ros2_ws/build/turtle_cpp' returned '0': CMAKE_PREFIX_PATH=${CMAKE_PREFIX_PATH}:/home/pa9/ros2_ws/install/turtlebot3_teleop:/home/pa9/ros2_ws/install/turtlebot3_example:/home/pa9/ros2_ws/install/demo_py_pkg:/opt/ros/humble /usr/bin/cmake /home/pa9/physicalai-lv1-assignments/lv1_module2_student/ros2_ws/src/turtle_cpp -DAMENT_CMAKE_SYMLINK_INSTALL=1 -DCMAKE_INSTALL_PREFIX=/home/pa9/physicalai-lv1-assignments/lv1_module2_student/ros2_ws/install/turtle_cpp
[0.436s] DEBUG:colcon.colcon_core.event_handler.log_command:Invoking command in '/home/pa9/physicalai-lv1-assignments/lv1_module2_student/ros2_ws/build/turtle_cpp': CMAKE_PREFIX_PATH=${CMAKE_PREFIX_PATH}:/home/pa9/ros2_ws/install/turtlebot3_teleop:/home/pa9/ros2_ws/install/turtlebot3_example:/home/pa9/ros2_ws/install/demo_py_pkg:/opt/ros/humble /usr/bin/cmake --build /home/pa9/physicalai-lv1-assignments/lv1_module2_student/ros2_ws/build/turtle_cpp -- -j24 -l24
[0.718s] DEBUG:colcon.colcon_core.event_handler.log_command:Invoked command in '/home/pa9/physicalai-lv1-assignments/lv1_module2_student/ros2_ws/build/turtle_cpp' returned '0': CMAKE_PREFIX_PATH=${CMAKE_PREFIX_PATH}:/home/pa9/ros2_ws/install/turtlebot3_teleop:/home/pa9/ros2_ws/install/turtlebot3_example:/home/pa9/ros2_ws/install/demo_py_pkg:/opt/ros/humble /usr/bin/cmake --build /home/pa9/physicalai-lv1-assignments/lv1_module2_student/ros2_ws/build/turtle_cpp -- -j24 -l24
[0.722s] DEBUG:colcon.colcon_core.event_handler.log_command:Invoking command in '/home/pa9/physicalai-lv1-assignments/lv1_module2_student/ros2_ws/build/turtle_cpp': CMAKE_PREFIX_PATH=${CMAKE_PREFIX_PATH}:/home/pa9/ros2_ws/install/turtlebot3_teleop:/home/pa9/ros2_ws/install/turtlebot3_example:/home/pa9/ros2_ws/install/demo_py_pkg:/opt/ros/humble /usr/bin/cmake --install /home/pa9/physicalai-lv1-assignments/lv1_module2_student/ros2_ws/build/turtle_cpp
[0.810s] Level 1:colcon.colcon_core.environment:create_environment_scripts_only(turtle_cpp)
[0.811s] Level 1:colcon.colcon_core.environment:checking '/home/pa9/physicalai-lv1-assignments/lv1_module2_student/ros2_ws/install/turtle_cpp' for CMake module files
[0.810s] DEBUG:colcon.colcon_core.event_handler.log_command:Invoked command in '/home/pa9/physicalai-lv1-assignments/lv1_module2_student/ros2_ws/build/turtle_cpp' returned '0': CMAKE_PREFIX_PATH=${CMAKE_PREFIX_PATH}:/home/pa9/ros2_ws/install/turtlebot3_teleop:/home/pa9/ros2_ws/install/turtlebot3_example:/home/pa9/ros2_ws/install/demo_py_pkg:/opt/ros/humble /usr/bin/cmake --install /home/pa9/physicalai-lv1-assignments/lv1_module2_student/ros2_ws/build/turtle_cpp
[0.811s] Level 1:colcon.colcon_core.environment:checking '/home/pa9/physicalai-lv1-assignments/lv1_module2_student/ros2_ws/install/turtle_cpp' for CMake config files
[0.811s] Level 1:colcon.colcon_core.shell:create_environment_hook('turtle_cpp', 'cmake_prefix_path')
[0.812s] INFO:colcon.colcon_core.shell:Creating environment hook '/home/pa9/physicalai-lv1-assignments/lv1_module2_student/ros2_ws/install/turtle_cpp/share/turtle_cpp/hook/cmake_prefix_path.ps1'
[0.812s] INFO:colcon.colcon_core.shell:Creating environment descriptor '/home/pa9/physicalai-lv1-assignments/lv1_module2_student/ros2_ws/install/turtle_cpp/share/turtle_cpp/hook/cmake_prefix_path.dsv'
[0.812s] INFO:colcon.colcon_core.shell:Creating environment hook '/home/pa9/physicalai-lv1-assignments/lv1_module2_student/ros2_ws/install/turtle_cpp/share/turtle_cpp/hook/cmake_prefix_path.sh'
[0.813s] Level 1:colcon.colcon_core.environment:checking '/home/pa9/physicalai-lv1-assignments/lv1_module2_student/ros2_ws/install/turtle_cpp/lib'
[0.813s] Level 1:colcon.colcon_core.environment:checking '/home/pa9/physicalai-lv1-assignments/lv1_module2_student/ros2_ws/install/turtle_cpp/bin'
[0.813s] Level 1:colcon.colcon_core.environment:checking '/home/pa9/physicalai-lv1-assignments/lv1_module2_student/ros2_ws/install/turtle_cpp/lib/pkgconfig/turtle_cpp.pc'
[0.813s] Level 1:colcon.colcon_core.environment:checking '/home/pa9/physicalai-lv1-assignments/lv1_module2_student/ros2_ws/install/turtle_cpp/lib/python3.10/site-packages'
[0.813s] Level 1:colcon.colcon_core.environment:checking '/home/pa9/physicalai-lv1-assignments/lv1_module2_student/ros2_ws/install/turtle_cpp/bin'
[0.813s] INFO:colcon.colcon_core.shell:Creating package script '/home/pa9/physicalai-lv1-assignments/lv1_module2_student/ros2_ws/install/turtle_cpp/share/turtle_cpp/package.ps1'
[0.814s] INFO:colcon.colcon_core.shell:Creating package descriptor '/home/pa9/physicalai-lv1-assignments/lv1_module2_student/ros2_ws/install/turtle_cpp/share/turtle_cpp/package.dsv'
[0.815s] INFO:colcon.colcon_core.shell:Creating package script '/home/pa9/physicalai-lv1-assignments/lv1_module2_student/ros2_ws/install/turtle_cpp/share/turtle_cpp/package.sh'
[0.815s] INFO:colcon.colcon_core.shell:Creating package script '/home/pa9/physicalai-lv1-assignments/lv1_module2_student/ros2_ws/install/turtle_cpp/share/turtle_cpp/package.bash'
[0.815s] INFO:colcon.colcon_core.shell:Creating package script '/home/pa9/physicalai-lv1-assignments/lv1_module2_student/ros2_ws/install/turtle_cpp/share/turtle_cpp/package.zsh'
[0.815s] Level 1:colcon.colcon_core.environment:create_file_with_runtime_dependencies(/home/pa9/physicalai-lv1-assignments/lv1_module2_student/ros2_ws/install/turtle_cpp/share/colcon-core/packages/turtle_cpp)
[0.816s] Level 1:colcon.colcon_core.environment:create_environment_scripts_only(turtle_cpp)
[0.816s] Level 1:colcon.colcon_core.environment:checking '/home/pa9/physicalai-lv1-assignments/lv1_module2_student/ros2_ws/install/turtle_cpp' for CMake module files
[0.816s] Level 1:colcon.colcon_core.environment:checking '/home/pa9/physicalai-lv1-assignments/lv1_module2_student/ros2_ws/install/turtle_cpp' for CMake config files
[0.816s] Level 1:colcon.colcon_core.shell:create_environment_hook('turtle_cpp', 'cmake_prefix_path')
[0.816s] INFO:colcon.colcon_core.shell:Creating environment hook '/home/pa9/physicalai-lv1-assignments/lv1_module2_student/ros2_ws/install/turtle_cpp/share/turtle_cpp/hook/cmake_prefix_path.ps1'
[0.829s] INFO:colcon.colcon_core.shell:Creating environment descriptor '/home/pa9/physicalai-lv1-assignments/lv1_module2_student/ros2_ws/install/turtle_cpp/share/turtle_cpp/hook/cmake_prefix_path.dsv'
[0.829s] INFO:colcon.colcon_core.shell:Creating environment hook '/home/pa9/physicalai-lv1-assignments/lv1_module2_student/ros2_ws/install/turtle_cpp/share/turtle_cpp/hook/cmake_prefix_path.sh'
[0.830s] Level 1:colcon.colcon_core.environment:checking '/home/pa9/physicalai-lv1-assignments/lv1_module2_student/ros2_ws/install/turtle_cpp/lib'
[0.830s] Level 1:colcon.colcon_core.environment:checking '/home/pa9/physicalai-lv1-assignments/lv1_module2_student/ros2_ws/install/turtle_cpp/bin'
[0.830s] Level 1:colcon.colcon_core.environment:checking '/home/pa9/physicalai-lv1-assignments/lv1_module2_student/ros2_ws/install/turtle_cpp/lib/pkgconfig/turtle_cpp.pc'
[0.830s] Level 1:colcon.colcon_core.environment:checking '/home/pa9/physicalai-lv1-assignments/lv1_module2_student/ros2_ws/install/turtle_cpp/lib/python3.10/site-packages'
[0.830s] Level 1:colcon.colcon_core.environment:checking '/home/pa9/physicalai-lv1-assignments/lv1_module2_student/ros2_ws/install/turtle_cpp/bin'
[0.830s] INFO:colcon.colcon_core.shell:Creating package script '/home/pa9/physicalai-lv1-assignments/lv1_module2_student/ros2_ws/install/turtle_cpp/share/turtle_cpp/package.ps1'
[0.830s] INFO:colcon.colcon_core.shell:Creating package descriptor '/home/pa9/physicalai-lv1-assignments/lv1_module2_student/ros2_ws/install/turtle_cpp/share/turtle_cpp/package.dsv'
[0.831s] INFO:colcon.colcon_core.shell:Creating package script '/home/pa9/physicalai-lv1-assignments/lv1_module2_student/ros2_ws/install/turtle_cpp/share/turtle_cpp/package.sh'
[0.831s] INFO:colcon.colcon_core.shell:Creating package script '/home/pa9/physicalai-lv1-assignments/lv1_module2_student/ros2_ws/install/turtle_cpp/share/turtle_cpp/package.bash'
[0.831s] INFO:colcon.colcon_core.shell:Creating package script '/home/pa9/physicalai-lv1-assignments/lv1_module2_student/ros2_ws/install/turtle_cpp/share/turtle_cpp/package.zsh'
[0.831s] Level 1:colcon.colcon_core.environment:create_file_with_runtime_dependencies(/home/pa9/physicalai-lv1-assignments/lv1_module2_student/ros2_ws/install/turtle_cpp/share/colcon-core/packages/turtle_cpp)
[1.410s] DEBUG:colcon.colcon_core.event_handler.log_command:Invoked command in '/home/pa9/physicalai-lv1-assignments/lv1_module2_student/ros2_ws/build/turtle_interfaces' returned '0': CMAKE_PREFIX_PATH=${CMAKE_PREFIX_PATH}:/home/pa9/ros2_ws/install/turtlebot3_teleop:/home/pa9/ros2_ws/install/turtlebot3_example:/home/pa9/ros2_ws/install/demo_py_pkg:/opt/ros/humble /usr/bin/cmake /home/pa9/physicalai-lv1-assignments/lv1_module2_student/ros2_ws/src/turtle_interfaces -DAMENT_CMAKE_SYMLINK_INSTALL=1 -DCMAKE_INSTALL_PREFIX=/home/pa9/physicalai-lv1-assignments/lv1_module2_student/ros2_ws/install/turtle_interfaces
[1.411s] DEBUG:colcon.colcon_core.event_handler.log_command:Invoking command in '/home/pa9/physicalai-lv1-assignments/lv1_module2_student/ros2_ws/build/turtle_interfaces': CMAKE_PREFIX_PATH=${CMAKE_PREFIX_PATH}:/home/pa9/ros2_ws/install/turtlebot3_teleop:/home/pa9/ros2_ws/install/turtlebot3_example:/home/pa9/ros2_ws/install/demo_py_pkg:/opt/ros/humble /usr/bin/cmake --build /home/pa9/physicalai-lv1-assignments/lv1_module2_student/ros2_ws/build/turtle_interfaces -- -j24 -l24
[4.047s] DEBUG:colcon.colcon_core.event_handler.log_command:Invoked command in '/home/pa9/physicalai-lv1-assignments/lv1_module2_student/ros2_ws/build/turtle_interfaces' returned '0': CMAKE_PREFIX_PATH=${CMAKE_PREFIX_PATH}:/home/pa9/ros2_ws/install/turtlebot3_teleop:/home/pa9/ros2_ws/install/turtlebot3_example:/home/pa9/ros2_ws/install/demo_py_pkg:/opt/ros/humble /usr/bin/cmake --build /home/pa9/physicalai-lv1-assignments/lv1_module2_student/ros2_ws/build/turtle_interfaces -- -j24 -l24
[4.050s] DEBUG:colcon.colcon_core.event_handler.log_command:Invoking command in '/home/pa9/physicalai-lv1-assignments/lv1_module2_student/ros2_ws/build/turtle_interfaces': CMAKE_PREFIX_PATH=${CMAKE_PREFIX_PATH}:/home/pa9/ros2_ws/install/turtlebot3_teleop:/home/pa9/ros2_ws/install/turtlebot3_example:/home/pa9/ros2_ws/install/demo_py_pkg:/opt/ros/humble /usr/bin/cmake --install /home/pa9/physicalai-lv1-assignments/lv1_module2_student/ros2_ws/build/turtle_interfaces
[4.704s] Level 1:colcon.colcon_core.environment:create_environment_scripts_only(turtle_interfaces)
[4.704s] Level 1:colcon.colcon_core.environment:checking '/home/pa9/physicalai-lv1-assignments/lv1_module2_student/ros2_ws/install/turtle_interfaces' for CMake module files
[4.704s] DEBUG:colcon.colcon_core.event_handler.log_command:Invoked command in '/home/pa9/physicalai-lv1-assignments/lv1_module2_student/ros2_ws/build/turtle_interfaces' returned '0': CMAKE_PREFIX_PATH=${CMAKE_PREFIX_PATH}:/home/pa9/ros2_ws/install/turtlebot3_teleop:/home/pa9/ros2_ws/install/turtlebot3_example:/home/pa9/ros2_ws/install/demo_py_pkg:/opt/ros/humble /usr/bin/cmake --install /home/pa9/physicalai-lv1-assignments/lv1_module2_student/ros2_ws/build/turtle_interfaces
[4.705s] Level 1:colcon.colcon_core.environment:checking '/home/pa9/physicalai-lv1-assignments/lv1_module2_student/ros2_ws/install/turtle_interfaces' for CMake config files
[4.705s] Level 1:colcon.colcon_core.shell:create_environment_hook('turtle_interfaces', 'cmake_prefix_path')
[4.705s] INFO:colcon.colcon_core.shell:Creating environment hook '/home/pa9/physicalai-lv1-assignments/lv1_module2_student/ros2_ws/install/turtle_interfaces/share/turtle_interfaces/hook/cmake_prefix_path.ps1'
[4.705s] INFO:colcon.colcon_core.shell:Creating environment descriptor '/home/pa9/physicalai-lv1-assignments/lv1_module2_student/ros2_ws/install/turtle_interfaces/share/turtle_interfaces/hook/cmake_prefix_path.dsv'
[4.706s] INFO:colcon.colcon_core.shell:Creating environment hook '/home/pa9/physicalai-lv1-assignments/lv1_module2_student/ros2_ws/install/turtle_interfaces/share/turtle_interfaces/hook/cmake_prefix_path.sh'
[4.706s] Level 1:colcon.colcon_core.environment:checking '/home/pa9/physicalai-lv1-assignments/lv1_module2_student/ros2_ws/install/turtle_interfaces/lib'
[4.706s] Level 1:colcon.colcon_core.shell:create_environment_hook('turtle_interfaces', 'ld_library_path_lib')
[4.706s] INFO:colcon.colcon_core.shell:Creating environment hook '/home/pa9/physicalai-lv1-assignments/lv1_module2_student/ros2_ws/install/turtle_interfaces/share/turtle_interfaces/hook/ld_library_path_lib.ps1'
[4.706s] INFO:colcon.colcon_core.shell:Creating environment descriptor '/home/pa9/physicalai-lv1-assignments/lv1_module2_student/ros2_ws/install/turtle_interfaces/share/turtle_interfaces/hook/ld_library_path_lib.dsv'
[4.706s] INFO:colcon.colcon_core.shell:Creating environment hook '/home/pa9/physicalai-lv1-assignments/lv1_module2_student/ros2_ws/install/turtle_interfaces/share/turtle_interfaces/hook/ld_library_path_lib.sh'
[4.706s] Level 1:colcon.colcon_core.environment:checking '/home/pa9/physicalai-lv1-assignments/lv1_module2_student/ros2_ws/install/turtle_interfaces/bin'
[4.706s] Level 1:colcon.colcon_core.environment:checking '/home/pa9/physicalai-lv1-assignments/lv1_module2_student/ros2_ws/install/turtle_interfaces/lib/pkgconfig/turtle_interfaces.pc'
[4.706s] Level 1:colcon.colcon_core.environment:checking '/home/pa9/physicalai-lv1-assignments/lv1_module2_student/ros2_ws/install/turtle_interfaces/lib/python3.10/site-packages'
[4.707s] Level 1:colcon.colcon_core.environment:checking '/home/pa9/physicalai-lv1-assignments/lv1_module2_student/ros2_ws/install/turtle_interfaces/bin'
[4.707s] INFO:colcon.colcon_core.shell:Creating package script '/home/pa9/physicalai-lv1-assignments/lv1_module2_student/ros2_ws/install/turtle_interfaces/share/turtle_interfaces/package.ps1'
[4.707s] INFO:colcon.colcon_core.shell:Creating package descriptor '/home/pa9/physicalai-lv1-assignments/lv1_module2_student/ros2_ws/install/turtle_interfaces/share/turtle_interfaces/package.dsv'
[4.707s] INFO:colcon.colcon_core.shell:Creating package script '/home/pa9/physicalai-lv1-assignments/lv1_module2_student/ros2_ws/install/turtle_interfaces/share/turtle_interfaces/package.sh'
[4.707s] INFO:colcon.colcon_core.shell:Creating package script '/home/pa9/physicalai-lv1-assignments/lv1_module2_student/ros2_ws/install/turtle_interfaces/share/turtle_interfaces/package.bash'
[4.707s] INFO:colcon.colcon_core.shell:Creating package script '/home/pa9/physicalai-lv1-assignments/lv1_module2_student/ros2_ws/install/turtle_interfaces/share/turtle_interfaces/package.zsh'
[4.707s] Level 1:colcon.colcon_core.environment:create_file_with_runtime_dependencies(/home/pa9/physicalai-lv1-assignments/lv1_module2_student/ros2_ws/install/turtle_interfaces/share/colcon-core/packages/turtle_interfaces)
[4.708s] Level 1:colcon.colcon_core.environment:create_environment_scripts_only(turtle_interfaces)
[4.708s] Level 1:colcon.colcon_core.environment:checking '/home/pa9/physicalai-lv1-assignments/lv1_module2_student/ros2_ws/install/turtle_interfaces' for CMake module files
[4.708s] Level 1:colcon.colcon_core.environment:checking '/home/pa9/physicalai-lv1-assignments/lv1_module2_student/ros2_ws/install/turtle_interfaces' for CMake config files
[4.708s] Level 1:colcon.colcon_core.shell:create_environment_hook('turtle_interfaces', 'cmake_prefix_path')
[4.708s] INFO:colcon.colcon_core.shell:Creating environment hook '/home/pa9/physicalai-lv1-assignments/lv1_module2_student/ros2_ws/install/turtle_interfaces/share/turtle_interfaces/hook/cmake_prefix_path.ps1'
[4.708s] INFO:colcon.colcon_core.shell:Creating environment descriptor '/home/pa9/physicalai-lv1-assignments/lv1_module2_student/ros2_ws/install/turtle_interfaces/share/turtle_interfaces/hook/cmake_prefix_path.dsv'
[4.708s] INFO:colcon.colcon_core.shell:Creating environment hook '/home/pa9/physicalai-lv1-assignments/lv1_module2_student/ros2_ws/install/turtle_interfaces/share/turtle_interfaces/hook/cmake_prefix_path.sh'
[4.709s] Level 1:colcon.colcon_core.environment:checking '/home/pa9/physicalai-lv1-assignments/lv1_module2_student/ros2_ws/install/turtle_interfaces/lib'
[4.709s] Level 1:colcon.colcon_core.shell:create_environment_hook('turtle_interfaces', 'ld_library_path_lib')
[4.709s] INFO:colcon.colcon_core.shell:Creating environment hook '/home/pa9/physicalai-lv1-assignments/lv1_module2_student/ros2_ws/install/turtle_interfaces/share/turtle_interfaces/hook/ld_library_path_lib.ps1'
[4.709s] INFO:colcon.colcon_core.shell:Creating environment descriptor '/home/pa9/physicalai-lv1-assignments/lv1_module2_student/ros2_ws/install/turtle_interfaces/share/turtle_interfaces/hook/ld_library_path_lib.dsv'
[4.709s] INFO:colcon.colcon_core.shell:Creating environment hook '/home/pa9/physicalai-lv1-assignments/lv1_module2_student/ros2_ws/install/turtle_interfaces/share/turtle_interfaces/hook/ld_library_path_lib.sh'
[4.709s] Level 1:colcon.colcon_core.environment:checking '/home/pa9/physicalai-lv1-assignments/lv1_module2_student/ros2_ws/install/turtle_interfaces/bin'
[4.709s] Level 1:colcon.colcon_core.environment:checking '/home/pa9/physicalai-lv1-assignments/lv1_module2_student/ros2_ws/install/turtle_interfaces/lib/pkgconfig/turtle_interfaces.pc'
[4.709s] Level 1:colcon.colcon_core.environment:checking '/home/pa9/physicalai-lv1-assignments/lv1_module2_student/ros2_ws/install/turtle_interfaces/lib/python3.10/site-packages'
[4.709s] Level 1:colcon.colcon_core.environment:checking '/home/pa9/physicalai-lv1-assignments/lv1_module2_student/ros2_ws/install/turtle_interfaces/bin'
[4.709s] INFO:colcon.colcon_core.shell:Creating package script '/home/pa9/physicalai-lv1-assignments/lv1_module2_student/ros2_ws/install/turtle_interfaces/share/turtle_interfaces/package.ps1'
[4.710s] INFO:colcon.colcon_core.shell:Creating package descriptor '/home/pa9/physicalai-lv1-assignments/lv1_module2_student/ros2_ws/install/turtle_interfaces/share/turtle_interfaces/package.dsv'
[4.710s] INFO:colcon.colcon_core.shell:Creating package script '/home/pa9/physicalai-lv1-assignments/lv1_module2_student/ros2_ws/install/turtle_interfaces/share/turtle_interfaces/package.sh'
[4.710s] INFO:colcon.colcon_core.shell:Creating package script '/home/pa9/physicalai-lv1-assignments/lv1_module2_student/ros2_ws/install/turtle_interfaces/share/turtle_interfaces/package.bash'
[4.710s] INFO:colcon.colcon_core.shell:Creating package script '/home/pa9/physicalai-lv1-assignments/lv1_module2_student/ros2_ws/install/turtle_interfaces/share/turtle_interfaces/package.zsh'
[4.710s] Level 1:colcon.colcon_core.environment:create_file_with_runtime_dependencies(/home/pa9/physicalai-lv1-assignments/lv1_module2_student/ros2_ws/install/turtle_interfaces/share/colcon-core/packages/turtle_interfaces)
[4.710s] INFO:colcon.colcon_ros.task.ament_python.build:Building ROS package in '/home/pa9/physicalai-lv1-assignments/lv1_module2_student/ros2_ws/src/turtle_py' with build type 'ament_python'
[4.711s] Level 1:colcon.colcon_core.shell:create_environment_hook('turtle_py', 'ament_prefix_path')
[4.711s] INFO:colcon.colcon_core.shell:Creating environment hook '/home/pa9/physicalai-lv1-assignments/lv1_module2_student/ros2_ws/install/turtle_py/share/turtle_py/hook/ament_prefix_path.ps1'
[4.711s] INFO:colcon.colcon_core.shell:Creating environment descriptor '/home/pa9/physicalai-lv1-assignments/lv1_module2_student/ros2_ws/install/turtle_py/share/turtle_py/hook/ament_prefix_path.dsv'
[4.711s] INFO:colcon.colcon_core.shell:Creating environment hook '/home/pa9/physicalai-lv1-assignments/lv1_module2_student/ros2_ws/install/turtle_py/share/turtle_py/hook/ament_prefix_path.sh'
[4.711s] INFO:colcon.colcon_core.shell:Skip shell extension 'powershell' for command environment: Not usable outside of PowerShell
[4.711s] DEBUG:colcon.colcon_core.shell:Skip shell extension 'dsv' for command environment
[4.820s] INFO:colcon.colcon_core.task.python.build:Building Python package in '/home/pa9/physicalai-lv1-assignments/lv1_module2_student/ros2_ws/src/turtle_py'
[4.821s] INFO:colcon.colcon_core.shell:Skip shell extension 'powershell' for command environment: Not usable outside of PowerShell
[4.821s] DEBUG:colcon.colcon_core.shell:Skip shell extension 'dsv' for command environment
[4.980s] DEBUG:colcon.colcon_core.task.python.build:Available setuptools commands: install_data, compile_catalog, init_catalog, install_scripts, extract_messages, test, update_catalog, build_clib, saveopts, bdist_dumb, clean, alias, build_ext, bdist, install, upload, rotate, bdist_rpm, egg_info, build_scripts, check, sdist, register, dist_info, bdist_wheel, develop, build_py, install_headers, symlink_data, easy_install, build, setopt, install_lib, install_egg_info, upload_docs, bdist_egg
[5.093s] DEBUG:colcon.colcon_core.task.python.build:Available setuptools 'develop' options: --editable, --index-url, --prefix, --user, --egg-path, --always-unzip, --local-snapshots-ok, --optimize, --no-find-links, --exclude-scripts, --record, --no-user-cfg, --allow-hosts, --find-links, --version, --install-dir, --dry-run, --zip-ok, --upgrade, --multi-version, --help, --force-installation-into-system-dir, --always-copy, --quiet, --verbose, --site-dirs, --script-dir, --no-deps, --build-directory, --uninstall, --install-layout
[5.094s] DEBUG:colcon.colcon_core.task.python.build:While undoing a previous installation files outside the Python library path are being ignored: /home/pa9/physicalai-lv1-assignments/lv1_module2_student/ros2_ws/install/turtle_py/share/ament_index/resource_index/packages/turtle_py
[5.094s] DEBUG:colcon.colcon_core.task.python.build:While undoing a previous installation files outside the Python library path are being ignored: /home/pa9/physicalai-lv1-assignments/lv1_module2_student/ros2_ws/install/turtle_py/share/turtle_py/package.xml
[5.094s] DEBUG:colcon.colcon_core.task.python.build:While undoing a previous installation files outside the Python library path are being ignored: /home/pa9/physicalai-lv1-assignments/lv1_module2_student/ros2_ws/install/turtle_py/lib/turtle_py/distance_warning
[5.094s] DEBUG:colcon.colcon_core.task.python.build:While undoing a previous installation files outside the Python library path are being ignored: /home/pa9/physicalai-lv1-assignments/lv1_module2_student/ros2_ws/install/turtle_py/lib/turtle_py/square_driver
[5.094s] DEBUG:colcon.colcon_core.task.python.build:While undoing a previous installation files outside the Python library path are being ignored: /home/pa9/physicalai-lv1-assignments/lv1_module2_student/ros2_ws/install/turtle_py/lib/turtle_py/subscribe_pose
[5.096s] DEBUG:colcon.colcon_core.event_handler.log_command:Invoking command in '/home/pa9/physicalai-lv1-assignments/lv1_module2_student/ros2_ws/build/turtle_py': AMENT_PREFIX_PATH=/home/pa9/physicalai-lv1-assignments/lv1_module2_student/ros2_ws/install/turtle_interfaces:${AMENT_PREFIX_PATH} CMAKE_PREFIX_PATH=/home/pa9/physicalai-lv1-assignments/lv1_module2_student/ros2_ws/install/turtle_interfaces:${CMAKE_PREFIX_PATH} LD_LIBRARY_PATH=/home/pa9/physicalai-lv1-assignments/lv1_module2_student/ros2_ws/install/turtle_interfaces/lib:/home/pa9/ros2_ws/install/turtlebot3_msgs/lib:/home/pa9/ros2_ws/install/dynamixel_sdk_custom_interfaces/lib:/home/pa9/ros2_ws/install/dynamixel_sdk/lib:/usr/lib/x86_64-linux-gnu/gazebo-11/plugins:/opt/ros/humble/opt/rviz_ogre_vendor/lib:/opt/ros/humble/lib/x86_64-linux-gnu:/opt/ros/humble/lib:/usr/lib/x86_64-linux-gnu/gazebo-11/plugins PYTHONPATH=/home/pa9/physicalai-lv1-assignments/lv1_module2_student/ros2_ws/build/turtle_py/prefix_override:/usr/lib/python3/dist-packages/colcon_core/task/python/colcon_distutils_commands:/home/pa9/physicalai-lv1-assignments/lv1_module2_student/ros2_ws/install/turtle_py/lib/python3.10/site-packages:/home/pa9/physicalai-lv1-assignments/lv1_module2_student/ros2_ws/install/turtle_interfaces/local/lib/python3.10/dist-packages:${PYTHONPATH} /usr/bin/python3 -W ignore:setup.py install is deprecated -W ignore:easy_install command is deprecated setup.py develop --editable --build-directory /home/pa9/physicalai-lv1-assignments/lv1_module2_student/ros2_ws/build/turtle_py/build --no-deps symlink_data --force
[5.272s] DEBUG:colcon.colcon_core.event_handler.log_command:Invoked command in '/home/pa9/physicalai-lv1-assignments/lv1_module2_student/ros2_ws/build/turtle_py' returned '1': AMENT_PREFIX_PATH=/home/pa9/physicalai-lv1-assignments/lv1_module2_student/ros2_ws/install/turtle_interfaces:${AMENT_PREFIX_PATH} CMAKE_PREFIX_PATH=/home/pa9/physicalai-lv1-assignments/lv1_module2_student/ros2_ws/install/turtle_interfaces:${CMAKE_PREFIX_PATH} LD_LIBRARY_PATH=/home/pa9/physicalai-lv1-assignments/lv1_module2_student/ros2_ws/install/turtle_interfaces/lib:/home/pa9/ros2_ws/install/turtlebot3_msgs/lib:/home/pa9/ros2_ws/install/dynamixel_sdk_custom_interfaces/lib:/home/pa9/ros2_ws/install/dynamixel_sdk/lib:/usr/lib/x86_64-linux-gnu/gazebo-11/plugins:/opt/ros/humble/opt/rviz_ogre_vendor/lib:/opt/ros/humble/lib/x86_64-linux-gnu:/opt/ros/humble/lib:/usr/lib/x86_64-linux-gnu/gazebo-11/plugins PYTHONPATH=/home/pa9/physicalai-lv1-assignments/lv1_module2_student/ros2_ws/build/turtle_py/prefix_override:/usr/lib/python3/dist-packages/colcon_core/task/python/colcon_distutils_commands:/home/pa9/physicalai-lv1-assignments/lv1_module2_student/ros2_ws/install/turtle_py/lib/python3.10/site-packages:/home/pa9/physicalai-lv1-assignments/lv1_module2_student/ros2_ws/install/turtle_interfaces/local/lib/python3.10/dist-packages:${PYTHONPATH} /usr/bin/python3 -W ignore:setup.py install is deprecated -W ignore:easy_install command is deprecated setup.py develop --editable --build-directory /home/pa9/physicalai-lv1-assignments/lv1_module2_student/ros2_ws/build/turtle_py/build --no-deps symlink_data --force
[5.282s] DEBUG:colcon.colcon_parallel_executor.executor.parallel:closing loop
[5.282s] DEBUG:colcon.colcon_parallel_executor.executor.parallel:loop closed
[5.282s] DEBUG:colcon.colcon_parallel_executor.executor.parallel:run_until_complete finished with '1'
[5.282s] DEBUG:colcon.colcon_core.event_reactor:joining thread
[5.285s] INFO:colcon.colcon_core.plugin_system:Skipping extension 'colcon_notification.desktop_notification.terminal_notifier': Not used on non-Darwin systems
[5.285s] INFO:colcon.colcon_core.plugin_system:Skipping extension 'colcon_notification.desktop_notification.win32': Not used on non-Windows systems
[5.285s] INFO:colcon.colcon_notification.desktop_notification:Sending desktop notification using 'notify2'
[5.301s] DEBUG:colcon.colcon_core.event_reactor:joined thread
[5.301s] INFO:colcon.colcon_core.shell:Creating prefix script '/home/pa9/physicalai-lv1-assignments/lv1_module2_student/ros2_ws/install/local_setup.ps1'
[5.302s] INFO:colcon.colcon_core.shell:Creating prefix util module '/home/pa9/physicalai-lv1-assignments/lv1_module2_student/ros2_ws/install/_local_setup_util_ps1.py'
[5.302s] INFO:colcon.colcon_core.shell:Creating prefix chain script '/home/pa9/physicalai-lv1-assignments/lv1_module2_student/ros2_ws/install/setup.ps1'
[5.303s] INFO:colcon.colcon_core.shell:Creating prefix script '/home/pa9/physicalai-lv1-assignments/lv1_module2_student/ros2_ws/install/local_setup.sh'
[5.303s] INFO:colcon.colcon_core.shell:Creating prefix util module '/home/pa9/physicalai-lv1-assignments/lv1_module2_student/ros2_ws/install/_local_setup_util_sh.py'
[5.303s] INFO:colcon.colcon_core.shell:Creating prefix chain script '/home/pa9/physicalai-lv1-assignments/lv1_module2_student/ros2_ws/install/setup.sh'
[5.304s] INFO:colcon.colcon_core.shell:Creating prefix script '/home/pa9/physicalai-lv1-assignments/lv1_module2_student/ros2_ws/install/local_setup.bash'
[5.304s] INFO:colcon.colcon_core.shell:Creating prefix chain script '/home/pa9/physicalai-lv1-assignments/lv1_module2_student/ros2_ws/install/setup.bash'
[5.304s] INFO:colcon.colcon_core.shell:Creating prefix script '/home/pa9/physicalai-lv1-assignments/lv1_module2_student/ros2_ws/install/local_setup.zsh'
[5.304s] INFO:colcon.colcon_core.shell:Creating prefix chain script '/home/pa9/physicalai-lv1-assignments/lv1_module2_student/ros2_ws/install/setup.zsh'
