-- The C compiler identification is GNU 11.4.0
-- The CXX compiler identification is GNU 11.4.0
-- Detecting C compiler ABI info
-- Detecting C compiler ABI info - done
-- Check for working C compiler: /usr/bin/cc - skipped
-- Detecting C compile features
-- Detecting C compile features - done
-- Detecting CXX compiler ABI info
-- Detecting CXX compiler ABI info - done
-- Check for working CXX compiler: /usr/bin/c++ - skipped
-- Detecting CXX compile features
-- Detecting CXX compile features - done
-- Found ament_cmake: 1.3.14 (/opt/ros/humble/share/ament_cmake/cmake)
-- Found Python3: /usr/bin/python3 (found version "3.10.12") found components: Interpreter 
-- Override CMake install command with custom implementation using symlinks instead of copying resources
-- Found rosidl_default_generators: 1.2.1 (/opt/ros/humble/share/rosidl_default_generators/cmake)
-- Using all available rosidl_typesupport_c: rosidl_typesupport_fastrtps_c;rosidl_typesupport_introspection_c
-- Found rosidl_adapter: 3.1.9 (/opt/ros/humble/share/rosidl_adapter/cmake)
-- Using all available rosidl_typesupport_cpp: rosidl_typesupport_fastrtps_cpp;rosidl_typesupport_introspection_cpp
-- Found std_msgs: 4.9.1 (/opt/ros/humble/share/std_msgs/cmake)
-- Found action_msgs: 1.2.3 (/opt/ros/humble/share/action_msgs/cmake)
-- Found ament_cmake_ros: 0.10.0 (/opt/ros/humble/share/ament_cmake_ros/cmake)
-- Using all available rosidl_typesupport_c: rosidl_typesupport_fastrtps_c;rosidl_typesupport_introspection_c
-- Using all available rosidl_typesupport_cpp: rosidl_typesupport_fastrtps_cpp;rosidl_typesupport_introspection_cpp
-- Found PythonInterp: /usr/bin/python3 (found suitable version "3.10.12", minimum required is "3.6") 
-- Found python_cmake_module: 0.10.0 (/opt/ros/humble/share/python_cmake_module/cmake)
-- Found PythonLibs: /usr/lib/x86_64-linux-gnu/libpython3.10.so (found suitable version "3.10.12", minimum required is "3.5") 
-- Using PYTHON_EXECUTABLE: /usr/bin/python3
-- Using PYTHON_INCLUDE_DIRS: /usr/include/python3.10
-- Using PYTHON_LIBRARIES: /usr/lib/x86_64-linux-gnu/libpython3.10.so
-- Found PythonExtra: .so  
-- Configuring done
-- Generating done
-- Build files have been written to: /home/pa9/physicalai-lv1-assignments/lv1_module2_student/ros2_ws/build/turtle_interfaces
[  1%] Generating C code for ROS interfaces
[  3%] Generating Rust code for ROS interfaces
[  5%] Generating C++ code for ROS interfaces
[  5%] Built target ament_cmake_python_symlink_turtle_interfaces
running egg_info
creating turtle_interfaces.egg-info
writing turtle_interfaces.egg-info/PKG-INFO
writing dependency_links to turtle_interfaces.egg-info/dependency_links.txt
writing top-level names to turtle_interfaces.egg-info/top_level.txt
writing manifest file 'turtle_interfaces.egg-info/SOURCES.txt'
reading manifest file 'turtle_interfaces.egg-info/SOURCES.txt'
writing manifest file 'turtle_interfaces.egg-info/SOURCES.txt'
[  5%] Built target ament_cmake_python_build_turtle_interfaces_egg
[  5%] Built target turtle_interfaces__rs
[ 10%] Building C object CMakeFiles/turtle_interfaces__rosidl_generator_c.dir/rosidl_generator_c/turtle_interfaces/srv/detail/set_gain__functions.c.o
[ 10%] Building C object CMakeFiles/turtle_interfaces__rosidl_generator_c.dir/rosidl_generator_c/turtle_interfaces/msg/detail/waypoint__functions.c.o
[ 10%] Building C object CMakeFiles/turtle_interfaces__rosidl_generator_c.dir/rosidl_generator_c/turtle_interfaces/msg/detail/waypoint_list__functions.c.o
[ 12%] Building C object CMakeFiles/turtle_interfaces__rosidl_generator_c.dir/rosidl_generator_c/turtle_interfaces/action/detail/draw_polygon__functions.c.o
[ 12%] Built target turtle_interfaces__cpp
[ 14%] Generating C++ type support dispatch for ROS interfaces
[ 17%] Generating C++ introspection for ROS interfaces
[ 17%] Generating C++ type support for eProsima Fast-RTPS
[ 19%] Linking C shared library libturtle_interfaces__rosidl_generator_c.so
[ 19%] Built target turtle_interfaces__rosidl_generator_c
[ 23%] Generating C introspection for ROS interfaces
[ 23%] Generating C type support for eProsima Fast-RTPS
[ 25%] Generating C type support dispatch for ROS interfaces
[ 30%] Building CXX object CMakeFiles/turtle_interfaces__rosidl_typesupport_cpp.dir/rosidl_typesupport_cpp/turtle_interfaces/srv/set_gain__type_support.cpp.o
[ 30%] Building CXX object CMakeFiles/turtle_interfaces__rosidl_typesupport_cpp.dir/rosidl_typesupport_cpp/turtle_interfaces/msg/waypoint_list__type_support.cpp.o
[ 30%] Building CXX object CMakeFiles/turtle_interfaces__rosidl_typesupport_cpp.dir/rosidl_typesupport_cpp/turtle_interfaces/msg/waypoint__type_support.cpp.o
[ 32%] Building CXX object CMakeFiles/turtle_interfaces__rosidl_typesupport_cpp.dir/rosidl_typesupport_cpp/turtle_interfaces/action/draw_polygon__type_support.cpp.o
[ 33%] Building CXX object CMakeFiles/turtle_interfaces__rosidl_typesupport_introspection_cpp.dir/rosidl_typesupport_introspection_cpp/turtle_interfaces/msg/detail/waypoint__type_support.cpp.o
[ 35%] Building CXX object CMakeFiles/turtle_interfaces__rosidl_typesupport_introspection_cpp.dir/rosidl_typesupport_introspection_cpp/turtle_interfaces/msg/detail/waypoint_list__type_support.cpp.o
[ 37%] Building CXX object CMakeFiles/turtle_interfaces__rosidl_typesupport_introspection_cpp.dir/rosidl_typesupport_introspection_cpp/turtle_interfaces/srv/detail/set_gain__type_support.cpp.o
[ 39%] Building CXX object CMakeFiles/turtle_interfaces__rosidl_typesupport_introspection_cpp.dir/rosidl_typesupport_introspection_cpp/turtle_interfaces/action/detail/draw_polygon__type_support.cpp.o
[ 41%] Building CXX object CMakeFiles/turtle_interfaces__rosidl_typesupport_fastrtps_cpp.dir/rosidl_typesupport_fastrtps_cpp/turtle_interfaces/msg/detail/dds_fastrtps/waypoint_list__type_support.cpp.o
[ 42%] Building CXX object CMakeFiles/turtle_interfaces__rosidl_typesupport_fastrtps_cpp.dir/rosidl_typesupport_fastrtps_cpp/turtle_interfaces/msg/detail/dds_fastrtps/waypoint__type_support.cpp.o
[ 44%] Building CXX object CMakeFiles/turtle_interfaces__rosidl_typesupport_fastrtps_cpp.dir/rosidl_typesupport_fastrtps_cpp/turtle_interfaces/srv/detail/dds_fastrtps/set_gain__type_support.cpp.o
[ 46%] Building CXX object CMakeFiles/turtle_interfaces__rosidl_typesupport_fastrtps_cpp.dir/rosidl_typesupport_fastrtps_cpp/turtle_interfaces/action/detail/dds_fastrtps/draw_polygon__type_support.cpp.o
[ 48%] Building CXX object CMakeFiles/turtle_interfaces__rosidl_typesupport_c.dir/rosidl_typesupport_c/turtle_interfaces/srv/set_gain__type_support.cpp.o
[ 51%] Building CXX object CMakeFiles/turtle_interfaces__rosidl_typesupport_c.dir/rosidl_typesupport_c/turtle_interfaces/msg/waypoint__type_support.cpp.o
[ 51%] Building CXX object CMakeFiles/turtle_interfaces__rosidl_typesupport_c.dir/rosidl_typesupport_c/turtle_interfaces/msg/waypoint_list__type_support.cpp.o
[ 53%] Building CXX object CMakeFiles/turtle_interfaces__rosidl_typesupport_c.dir/rosidl_typesupport_c/turtle_interfaces/action/draw_polygon__type_support.cpp.o
[ 57%] Building C object CMakeFiles/turtle_interfaces__rosidl_typesupport_introspection_c.dir/rosidl_typesupport_introspection_c/turtle_interfaces/msg/detail/waypoint__type_support.c.o
[ 58%] Building C object CMakeFiles/turtle_interfaces__rosidl_typesupport_introspection_c.dir/rosidl_typesupport_introspection_c/turtle_interfaces/action/detail/draw_polygon__type_support.c.o
[ 57%] Building C object CMakeFiles/turtle_interfaces__rosidl_typesupport_introspection_c.dir/rosidl_typesupport_introspection_c/turtle_interfaces/msg/detail/waypoint_list__type_support.c.o
[ 60%] Building C object CMakeFiles/turtle_interfaces__rosidl_typesupport_introspection_c.dir/rosidl_typesupport_introspection_c/turtle_interfaces/srv/detail/set_gain__type_support.c.o
[ 62%] Linking CXX shared library libturtle_interfaces__rosidl_typesupport_c.so
[ 62%] Built target turtle_interfaces__rosidl_typesupport_c
[ 66%] Building CXX object CMakeFiles/turtle_interfaces__rosidl_typesupport_fastrtps_c.dir/rosidl_typesupport_fastrtps_c/turtle_interfaces/msg/detail/waypoint__type_support_c.cpp.o
[ 66%] Building CXX object CMakeFiles/turtle_interfaces__rosidl_typesupport_fastrtps_c.dir/rosidl_typesupport_fastrtps_c/turtle_interfaces/msg/detail/waypoint_list__type_support_c.cpp.o
[ 67%] Building CXX object CMakeFiles/turtle_interfaces__rosidl_typesupport_fastrtps_c.dir/rosidl_typesupport_fastrtps_c/turtle_interfaces/srv/detail/set_gain__type_support_c.cpp.o
[ 69%] Building CXX object CMakeFiles/turtle_interfaces__rosidl_typesupport_fastrtps_c.dir/rosidl_typesupport_fastrtps_c/turtle_interfaces/action/detail/draw_polygon__type_support_c.cpp.o
[ 71%] Linking C shared library libturtle_interfaces__rosidl_typesupport_introspection_c.so
[ 71%] Built target turtle_interfaces__rosidl_typesupport_introspection_c
[ 73%] Linking CXX shared library libturtle_interfaces__rosidl_typesupport_cpp.so
[ 75%] Linking CXX shared library libturtle_interfaces__rosidl_typesupport_introspection_cpp.so
[ 75%] Built target turtle_interfaces__rosidl_typesupport_cpp
[ 75%] Built target turtle_interfaces__rosidl_typesupport_introspection_cpp
[ 76%] Linking CXX shared library libturtle_interfaces__rosidl_typesupport_fastrtps_c.so
[ 78%] Linking CXX shared library libturtle_interfaces__rosidl_typesupport_fastrtps_cpp.so
[ 78%] Built target turtle_interfaces__rosidl_typesupport_fastrtps_c
[ 78%] Built target turtle_interfaces__rosidl_typesupport_fastrtps_cpp
[ 78%] Built target turtle_interfaces
[ 80%] Generating Python code for ROS interfaces
[ 80%] Built target turtle_interfaces__py
[ 82%] Building C object CMakeFiles/turtle_interfaces__rosidl_generator_py.dir/rosidl_generator_py/turtle_interfaces/msg/_waypoint_list_s.c.o
[ 83%] Building C object CMakeFiles/turtle_interfaces__rosidl_generator_py.dir/rosidl_generator_py/turtle_interfaces/srv/_set_gain_s.c.o
[ 85%] Building C object CMakeFiles/turtle_interfaces__rosidl_generator_py.dir/rosidl_generator_py/turtle_interfaces/msg/_waypoint_s.c.o
[ 87%] Building C object CMakeFiles/turtle_interfaces__rosidl_generator_py.dir/rosidl_generator_py/turtle_interfaces/action/_draw_polygon_s.c.o
[ 89%] Linking C shared library rosidl_generator_py/turtle_interfaces/libturtle_interfaces__rosidl_generator_py.so
[ 89%] Built target turtle_interfaces__rosidl_generator_py
[ 91%] Building C object CMakeFiles/turtle_interfaces__rosidl_typesupport_introspection_c__pyext.dir/rosidl_generator_py/turtle_interfaces/_turtle_interfaces_s.ep.rosidl_typesupport_introspection_c.c.o
[ 92%] Building C object CMakeFiles/turtle_interfaces__rosidl_typesupport_fastrtps_c__pyext.dir/rosidl_generator_py/turtle_interfaces/_turtle_interfaces_s.ep.rosidl_typesupport_fastrtps_c.c.o
[ 94%] Building C object CMakeFiles/turtle_interfaces__rosidl_typesupport_c__pyext.dir/rosidl_generator_py/turtle_interfaces/_turtle_interfaces_s.ep.rosidl_typesupport_c.c.o
[ 96%] Linking C shared library rosidl_generator_py/turtle_interfaces/turtle_interfaces_s__rosidl_typesupport_introspection_c.cpython-310-x86_64-linux-gnu.so
[ 98%] Linking C shared library rosidl_generator_py/turtle_interfaces/turtle_interfaces_s__rosidl_typesupport_c.cpython-310-x86_64-linux-gnu.so
[100%] Linking C shared library rosidl_generator_py/turtle_interfaces/turtle_interfaces_s__rosidl_typesupport_fastrtps_c.cpython-310-x86_64-linux-gnu.so
[100%] Built target turtle_interfaces__rosidl_typesupport_introspection_c__pyext
[100%] Built target turtle_interfaces__rosidl_typesupport_c__pyext
[100%] Built target turtle_interfaces__rosidl_typesupport_fastrtps_c__pyext
-- Install configuration: ""
-- Execute custom install script
-- Symlinking: /home/pa9/physicalai-lv1-assignments/lv1_module2_student/ros2_ws/install/turtle_interfaces/share/ament_index/resource_index/rosidl_interfaces/turtle_interfaces
-- Symlinking: /home/pa9/physicalai-lv1-assignments/lv1_module2_student/ros2_ws/install/turtle_interfaces/include/turtle_interfaces/turtle_interfaces/action/detail/draw_polygon__functions.h
-- Symlinking: /home/pa9/physicalai-lv1-assignments/lv1_module2_student/ros2_ws/install/turtle_interfaces/include/turtle_interfaces/turtle_interfaces/action/detail/draw_polygon__struct.h
-- Symlinking: /home/pa9/physicalai-lv1-assignments/lv1_module2_student/ros2_ws/install/turtle_interfaces/include/turtle_interfaces/turtle_interfaces/action/detail/draw_polygon__type_support.h
-- Symlinking: /home/pa9/physicalai-lv1-assignments/lv1_module2_student/ros2_ws/install/turtle_interfaces/include/turtle_interfaces/turtle_interfaces/action/draw_polygon.h
-- Symlinking: /home/pa9/physicalai-lv1-assignments/lv1_module2_student/ros2_ws/install/turtle_interfaces/include/turtle_interfaces/turtle_interfaces/msg/detail/waypoint__functions.h
-- Symlinking: /home/pa9/physicalai-lv1-assignments/lv1_module2_student/ros2_ws/install/turtle_interfaces/include/turtle_interfaces/turtle_interfaces/msg/detail/waypoint__struct.h
-- Symlinking: /home/pa9/physicalai-lv1-assignments/lv1_module2_student/ros2_ws/install/turtle_interfaces/include/turtle_interfaces/turtle_interfaces/msg/detail/waypoint__type_support.h
-- Symlinking: /home/pa9/physicalai-lv1-assignments/lv1_module2_student/ros2_ws/install/turtle_interfaces/include/turtle_interfaces/turtle_interfaces/msg/detail/waypoint_list__functions.h
-- Symlinking: /home/pa9/physicalai-lv1-assignments/lv1_module2_student/ros2_ws/install/turtle_interfaces/include/turtle_interfaces/turtle_interfaces/msg/detail/waypoint_list__struct.h
-- Symlinking: /home/pa9/physicalai-lv1-assignments/lv1_module2_student/ros2_ws/install/turtle_interfaces/include/turtle_interfaces/turtle_interfaces/msg/detail/waypoint_list__type_support.h
-- Symlinking: /home/pa9/physicalai-lv1-assignments/lv1_module2_student/ros2_ws/install/turtle_interfaces/include/turtle_interfaces/turtle_interfaces/msg/rosidl_generator_c__visibility_control.h
-- Symlinking: /home/pa9/physicalai-lv1-assignments/lv1_module2_student/ros2_ws/install/turtle_interfaces/include/turtle_interfaces/turtle_interfaces/msg/waypoint.h
-- Symlinking: /home/pa9/physicalai-lv1-assignments/lv1_module2_student/ros2_ws/install/turtle_interfaces/include/turtle_interfaces/turtle_interfaces/msg/waypoint_list.h
-- Symlinking: /home/pa9/physicalai-lv1-assignments/lv1_module2_student/ros2_ws/install/turtle_interfaces/include/turtle_interfaces/turtle_interfaces/srv/detail/set_gain__functions.h
-- Symlinking: /home/pa9/physicalai-lv1-assignments/lv1_module2_student/ros2_ws/install/turtle_interfaces/include/turtle_interfaces/turtle_interfaces/srv/detail/set_gain__struct.h
-- Symlinking: /home/pa9/physicalai-lv1-assignments/lv1_module2_student/ros2_ws/install/turtle_interfaces/include/turtle_interfaces/turtle_interfaces/srv/detail/set_gain__type_support.h
-- Symlinking: /home/pa9/physicalai-lv1-assignments/lv1_module2_student/ros2_ws/install/turtle_interfaces/include/turtle_interfaces/turtle_interfaces/srv/set_gain.h
-- Symlinking: /home/pa9/physicalai-lv1-assignments/lv1_module2_student/ros2_ws/install/turtle_interfaces/share/turtle_interfaces/environment/library_path.sh
-- Symlinking: /home/pa9/physicalai-lv1-assignments/lv1_module2_student/ros2_ws/install/turtle_interfaces/share/turtle_interfaces/environment/library_path.dsv
-- Symlinking: /home/pa9/physicalai-lv1-assignments/lv1_module2_student/ros2_ws/install/turtle_interfaces/include/turtle_interfaces/turtle_interfaces/action/detail/draw_polygon__rosidl_typesupport_fastrtps_c.h
-- Symlinking: /home/pa9/physicalai-lv1-assignments/lv1_module2_student/ros2_ws/install/turtle_interfaces/include/turtle_interfaces/turtle_interfaces/msg/detail/waypoint__rosidl_typesupport_fastrtps_c.h
-- Symlinking: /home/pa9/physicalai-lv1-assignments/lv1_module2_student/ros2_ws/install/turtle_interfaces/include/turtle_interfaces/turtle_interfaces/msg/detail/waypoint_list__rosidl_typesupport_fastrtps_c.h
-- Symlinking: /home/pa9/physicalai-lv1-assignments/lv1_module2_student/ros2_ws/install/turtle_interfaces/include/turtle_interfaces/turtle_interfaces/msg/rosidl_typesupport_fastrtps_c__visibility_control.h
-- Symlinking: /home/pa9/physicalai-lv1-assignments/lv1_module2_student/ros2_ws/install/turtle_interfaces/include/turtle_interfaces/turtle_interfaces/srv/detail/set_gain__rosidl_typesupport_fastrtps_c.h
-- Symlinking: /home/pa9/physicalai-lv1-assignments/lv1_module2_student/ros2_ws/install/turtle_interfaces/include/turtle_interfaces/turtle_interfaces/action/detail/draw_polygon__rosidl_typesupport_introspection_c.h
-- Symlinking: /home/pa9/physicalai-lv1-assignments/lv1_module2_student/ros2_ws/install/turtle_interfaces/include/turtle_interfaces/turtle_interfaces/msg/detail/waypoint__rosidl_typesupport_introspection_c.h
-- Symlinking: /home/pa9/physicalai-lv1-assignments/lv1_module2_student/ros2_ws/install/turtle_interfaces/include/turtle_interfaces/turtle_interfaces/msg/detail/waypoint_list__rosidl_typesupport_introspection_c.h
-- Symlinking: /home/pa9/physicalai-lv1-assignments/lv1_module2_student/ros2_ws/install/turtle_interfaces/include/turtle_interfaces/turtle_interfaces/msg/rosidl_typesupport_introspection_c__visibility_control.h
-- Symlinking: /home/pa9/physicalai-lv1-assignments/lv1_module2_student/ros2_ws/install/turtle_interfaces/include/turtle_interfaces/turtle_interfaces/srv/detail/set_gain__rosidl_typesupport_introspection_c.h
-- Symlinking: /home/pa9/physicalai-lv1-assignments/lv1_module2_student/ros2_ws/install/turtle_interfaces/include/turtle_interfaces/turtle_interfaces/action/detail/draw_polygon__builder.hpp
-- Symlinking: /home/pa9/physicalai-lv1-assignments/lv1_module2_student/ros2_ws/install/turtle_interfaces/include/turtle_interfaces/turtle_interfaces/action/detail/draw_polygon__struct.hpp
-- Symlinking: /home/pa9/physicalai-lv1-assignments/lv1_module2_student/ros2_ws/install/turtle_interfaces/include/turtle_interfaces/turtle_interfaces/action/detail/draw_polygon__traits.hpp
-- Symlinking: /home/pa9/physicalai-lv1-assignments/lv1_module2_student/ros2_ws/install/turtle_interfaces/include/turtle_interfaces/turtle_interfaces/action/detail/draw_polygon__type_support.hpp
-- Symlinking: /home/pa9/physicalai-lv1-assignments/lv1_module2_student/ros2_ws/install/turtle_interfaces/include/turtle_interfaces/turtle_interfaces/action/draw_polygon.hpp
-- Symlinking: /home/pa9/physicalai-lv1-assignments/lv1_module2_student/ros2_ws/install/turtle_interfaces/include/turtle_interfaces/turtle_interfaces/msg/detail/waypoint__builder.hpp
-- Symlinking: /home/pa9/physicalai-lv1-assignments/lv1_module2_student/ros2_ws/install/turtle_interfaces/include/turtle_interfaces/turtle_interfaces/msg/detail/waypoint__struct.hpp
-- Symlinking: /home/pa9/physicalai-lv1-assignments/lv1_module2_student/ros2_ws/install/turtle_interfaces/include/turtle_interfaces/turtle_interfaces/msg/detail/waypoint__traits.hpp
-- Symlinking: /home/pa9/physicalai-lv1-assignments/lv1_module2_student/ros2_ws/install/turtle_interfaces/include/turtle_interfaces/turtle_interfaces/msg/detail/waypoint__type_support.hpp
-- Symlinking: /home/pa9/physicalai-lv1-assignments/lv1_module2_student/ros2_ws/install/turtle_interfaces/include/turtle_interfaces/turtle_interfaces/msg/detail/waypoint_list__builder.hpp
-- Symlinking: /home/pa9/physicalai-lv1-assignments/lv1_module2_student/ros2_ws/install/turtle_interfaces/include/turtle_interfaces/turtle_interfaces/msg/detail/waypoint_list__struct.hpp
-- Symlinking: /home/pa9/physicalai-lv1-assignments/lv1_module2_student/ros2_ws/install/turtle_interfaces/include/turtle_interfaces/turtle_interfaces/msg/detail/waypoint_list__traits.hpp
-- Symlinking: /home/pa9/physicalai-lv1-assignments/lv1_module2_student/ros2_ws/install/turtle_interfaces/include/turtle_interfaces/turtle_interfaces/msg/detail/waypoint_list__type_support.hpp
-- Symlinking: /home/pa9/physicalai-lv1-assignments/lv1_module2_student/ros2_ws/install/turtle_interfaces/include/turtle_interfaces/turtle_interfaces/msg/rosidl_generator_cpp__visibility_control.hpp
-- Symlinking: /home/pa9/physicalai-lv1-assignments/lv1_module2_student/ros2_ws/install/turtle_interfaces/include/turtle_interfaces/turtle_interfaces/msg/waypoint.hpp
-- Symlinking: /home/pa9/physicalai-lv1-assignments/lv1_module2_student/ros2_ws/install/turtle_interfaces/include/turtle_interfaces/turtle_interfaces/msg/waypoint_list.hpp
-- Symlinking: /home/pa9/physicalai-lv1-assignments/lv1_module2_student/ros2_ws/install/turtle_interfaces/include/turtle_interfaces/turtle_interfaces/srv/detail/set_gain__builder.hpp
-- Symlinking: /home/pa9/physicalai-lv1-assignments/lv1_module2_student/ros2_ws/install/turtle_interfaces/include/turtle_interfaces/turtle_interfaces/srv/detail/set_gain__struct.hpp
-- Symlinking: /home/pa9/physicalai-lv1-assignments/lv1_module2_student/ros2_ws/install/turtle_interfaces/include/turtle_interfaces/turtle_interfaces/srv/detail/set_gain__traits.hpp
-- Symlinking: /home/pa9/physicalai-lv1-assignments/lv1_module2_student/ros2_ws/install/turtle_interfaces/include/turtle_interfaces/turtle_interfaces/srv/detail/set_gain__type_support.hpp
-- Symlinking: /home/pa9/physicalai-lv1-assignments/lv1_module2_student/ros2_ws/install/turtle_interfaces/include/turtle_interfaces/turtle_interfaces/srv/set_gain.hpp
-- Symlinking: /home/pa9/physicalai-lv1-assignments/lv1_module2_student/ros2_ws/install/turtle_interfaces/include/turtle_interfaces/turtle_interfaces/action/detail/draw_polygon__rosidl_typesupport_fastrtps_cpp.hpp
-- Symlinking: /home/pa9/physicalai-lv1-assignments/lv1_module2_student/ros2_ws/install/turtle_interfaces/include/turtle_interfaces/turtle_interfaces/msg/detail/waypoint__rosidl_typesupport_fastrtps_cpp.hpp
-- Symlinking: /home/pa9/physicalai-lv1-assignments/lv1_module2_student/ros2_ws/install/turtle_interfaces/include/turtle_interfaces/turtle_interfaces/msg/detail/waypoint_list__rosidl_typesupport_fastrtps_cpp.hpp
-- Symlinking: /home/pa9/physicalai-lv1-assignments/lv1_module2_student/ros2_ws/install/turtle_interfaces/include/turtle_interfaces/turtle_interfaces/msg/rosidl_typesupport_fastrtps_cpp__visibility_control.h
-- Symlinking: /home/pa9/physicalai-lv1-assignments/lv1_module2_student/ros2_ws/install/turtle_interfaces/include/turtle_interfaces/turtle_interfaces/srv/detail/set_gain__rosidl_typesupport_fastrtps_cpp.hpp
-- Symlinking: /home/pa9/physicalai-lv1-assignments/lv1_module2_student/ros2_ws/install/turtle_interfaces/include/turtle_interfaces/turtle_interfaces/action/detail/draw_polygon__rosidl_typesupport_introspection_cpp.hpp
-- Symlinking: /home/pa9/physicalai-lv1-assignments/lv1_module2_student/ros2_ws/install/turtle_interfaces/include/turtle_interfaces/turtle_interfaces/msg/detail/waypoint__rosidl_typesupport_introspection_cpp.hpp
-- Symlinking: /home/pa9/physicalai-lv1-assignments/lv1_module2_student/ros2_ws/install/turtle_interfaces/include/turtle_interfaces/turtle_interfaces/msg/detail/waypoint_list__rosidl_typesupport_introspection_cpp.hpp
-- Symlinking: /home/pa9/physicalai-lv1-assignments/lv1_module2_student/ros2_ws/install/turtle_interfaces/include/turtle_interfaces/turtle_interfaces/srv/detail/set_gain__rosidl_typesupport_introspection_cpp.hpp
-- Symlinking: /home/pa9/physicalai-lv1-assignments/lv1_module2_student/ros2_ws/install/turtle_interfaces/share/turtle_interfaces/environment/pythonpath.sh
-- Symlinking: /home/pa9/physicalai-lv1-assignments/lv1_module2_student/ros2_ws/install/turtle_interfaces/share/turtle_interfaces/environment/pythonpath.dsv
-- Symlinking: /home/pa9/physicalai-lv1-assignments/lv1_module2_student/ros2_ws/install/turtle_interfaces/local/lib/python3.10/dist-packages/turtle_interfaces-0.1.0-py3.10.egg-info/PKG-INFO
-- Symlinking: /home/pa9/physicalai-lv1-assignments/lv1_module2_student/ros2_ws/install/turtle_interfaces/local/lib/python3.10/dist-packages/turtle_interfaces-0.1.0-py3.10.egg-info/SOURCES.txt
-- Symlinking: /home/pa9/physicalai-lv1-assignments/lv1_module2_student/ros2_ws/install/turtle_interfaces/local/lib/python3.10/dist-packages/turtle_interfaces-0.1.0-py3.10.egg-info/dependency_links.txt
-- Symlinking: /home/pa9/physicalai-lv1-assignments/lv1_module2_student/ros2_ws/install/turtle_interfaces/local/lib/python3.10/dist-packages/turtle_interfaces-0.1.0-py3.10.egg-info/top_level.txt
-- Symlinking: /home/pa9/physicalai-lv1-assignments/lv1_module2_student/ros2_ws/install/turtle_interfaces/local/lib/python3.10/dist-packages/turtle_interfaces/__init__.py
-- Symlinking: /home/pa9/physicalai-lv1-assignments/lv1_module2_student/ros2_ws/install/turtle_interfaces/local/lib/python3.10/dist-packages/turtle_interfaces/_turtle_interfaces_s.ep.rosidl_typesupport_c.c
-- Symlinking: /home/pa9/physicalai-lv1-assignments/lv1_module2_student/ros2_ws/install/turtle_interfaces/local/lib/python3.10/dist-packages/turtle_interfaces/_turtle_interfaces_s.ep.rosidl_typesupport_fastrtps_c.c
-- Symlinking: /home/pa9/physicalai-lv1-assignments/lv1_module2_student/ros2_ws/install/turtle_interfaces/local/lib/python3.10/dist-packages/turtle_interfaces/_turtle_interfaces_s.ep.rosidl_typesupport_introspection_c.c
-- Symlinking: /home/pa9/physicalai-lv1-assignments/lv1_module2_student/ros2_ws/install/turtle_interfaces/local/lib/python3.10/dist-packages/turtle_interfaces/action/__init__.py
-- Symlinking: /home/pa9/physicalai-lv1-assignments/lv1_module2_student/ros2_ws/install/turtle_interfaces/local/lib/python3.10/dist-packages/turtle_interfaces/action/_draw_polygon.py
-- Symlinking: /home/pa9/physicalai-lv1-assignments/lv1_module2_student/ros2_ws/install/turtle_interfaces/local/lib/python3.10/dist-packages/turtle_interfaces/action/_draw_polygon_s.c
-- Symlinking: /home/pa9/physicalai-lv1-assignments/lv1_module2_student/ros2_ws/install/turtle_interfaces/local/lib/python3.10/dist-packages/turtle_interfaces/libturtle_interfaces__rosidl_generator_py.so
-- Symlinking: /home/pa9/physicalai-lv1-assignments/lv1_module2_student/ros2_ws/install/turtle_interfaces/local/lib/python3.10/dist-packages/turtle_interfaces/msg/__init__.py
-- Symlinking: /home/pa9/physicalai-lv1-assignments/lv1_module2_student/ros2_ws/install/turtle_interfaces/local/lib/python3.10/dist-packages/turtle_interfaces/msg/_waypoint.py
-- Symlinking: /home/pa9/physicalai-lv1-assignments/lv1_module2_student/ros2_ws/install/turtle_interfaces/local/lib/python3.10/dist-packages/turtle_interfaces/msg/_waypoint_list.py
-- Symlinking: /home/pa9/physicalai-lv1-assignments/lv1_module2_student/ros2_ws/install/turtle_interfaces/local/lib/python3.10/dist-packages/turtle_interfaces/msg/_waypoint_list_s.c
-- Symlinking: /home/pa9/physicalai-lv1-assignments/lv1_module2_student/ros2_ws/install/turtle_interfaces/local/lib/python3.10/dist-packages/turtle_interfaces/msg/_waypoint_s.c
-- Symlinking: /home/pa9/physicalai-lv1-assignments/lv1_module2_student/ros2_ws/install/turtle_interfaces/local/lib/python3.10/dist-packages/turtle_interfaces/srv/__init__.py
-- Symlinking: /home/pa9/physicalai-lv1-assignments/lv1_module2_student/ros2_ws/install/turtle_interfaces/local/lib/python3.10/dist-packages/turtle_interfaces/srv/_set_gain.py
-- Symlinking: /home/pa9/physicalai-lv1-assignments/lv1_module2_student/ros2_ws/install/turtle_interfaces/local/lib/python3.10/dist-packages/turtle_interfaces/srv/_set_gain_s.c
-- Symlinking: /home/pa9/physicalai-lv1-assignments/lv1_module2_student/ros2_ws/install/turtle_interfaces/local/lib/python3.10/dist-packages/turtle_interfaces/turtle_interfaces_s__rosidl_typesupport_c.cpython-310-x86_64-linux-gnu.so
-- Symlinking: /home/pa9/physicalai-lv1-assignments/lv1_module2_student/ros2_ws/install/turtle_interfaces/local/lib/python3.10/dist-packages/turtle_interfaces/turtle_interfaces_s__rosidl_typesupport_fastrtps_c.cpython-310-x86_64-linux-gnu.so
-- Symlinking: /home/pa9/physicalai-lv1-assignments/lv1_module2_student/ros2_ws/install/turtle_interfaces/local/lib/python3.10/dist-packages/turtle_interfaces/turtle_interfaces_s__rosidl_typesupport_introspection_c.cpython-310-x86_64-linux-gnu.so
-- Up-to-date symlink: /home/pa9/physicalai-lv1-assignments/lv1_module2_student/ros2_ws/install/turtle_interfaces/local/lib/python3.10/dist-packages/turtle_interfaces/turtle_interfaces_s__rosidl_typesupport_fastrtps_c.cpython-310-x86_64-linux-gnu.so
-- Up-to-date symlink: /home/pa9/physicalai-lv1-assignments/lv1_module2_student/ros2_ws/install/turtle_interfaces/local/lib/python3.10/dist-packages/turtle_interfaces/turtle_interfaces_s__rosidl_typesupport_introspection_c.cpython-310-x86_64-linux-gnu.so
-- Up-to-date symlink: /home/pa9/physicalai-lv1-assignments/lv1_module2_student/ros2_ws/install/turtle_interfaces/local/lib/python3.10/dist-packages/turtle_interfaces/turtle_interfaces_s__rosidl_typesupport_c.cpython-310-x86_64-linux-gnu.so
-- Symlinking: /home/pa9/physicalai-lv1-assignments/lv1_module2_student/ros2_ws/install/turtle_interfaces/share/ament_index/resource_index/rust_packages/turtle_interfaces
-- Symlinking: /home/pa9/physicalai-lv1-assignments/lv1_module2_student/ros2_ws/install/turtle_interfaces/share/turtle_interfaces/rust/Cargo.toml
-- Symlinking: /home/pa9/physicalai-lv1-assignments/lv1_module2_student/ros2_ws/install/turtle_interfaces/share/turtle_interfaces/rust/build.rs
-- Symlinking: /home/pa9/physicalai-lv1-assignments/lv1_module2_student/ros2_ws/install/turtle_interfaces/share/turtle_interfaces/rust/src/action.rs
-- Symlinking: /home/pa9/physicalai-lv1-assignments/lv1_module2_student/ros2_ws/install/turtle_interfaces/share/turtle_interfaces/rust/src/action/rmw.rs
-- Symlinking: /home/pa9/physicalai-lv1-assignments/lv1_module2_student/ros2_ws/install/turtle_interfaces/share/turtle_interfaces/rust/src/lib.rs
-- Symlinking: /home/pa9/physicalai-lv1-assignments/lv1_module2_student/ros2_ws/install/turtle_interfaces/share/turtle_interfaces/rust/src/msg.rs
-- Symlinking: /home/pa9/physicalai-lv1-assignments/lv1_module2_student/ros2_ws/install/turtle_interfaces/share/turtle_interfaces/rust/src/msg/rmw.rs
-- Symlinking: /home/pa9/physicalai-lv1-assignments/lv1_module2_student/ros2_ws/install/turtle_interfaces/share/turtle_interfaces/rust/src/srv.rs
-- Symlinking: /home/pa9/physicalai-lv1-assignments/lv1_module2_student/ros2_ws/install/turtle_interfaces/share/turtle_interfaces/rust/src/srv/rmw.rs
-- Symlinking: /home/pa9/physicalai-lv1-assignments/lv1_module2_student/ros2_ws/install/turtle_interfaces/share/turtle_interfaces/msg/Waypoint.idl
-- Symlinking: /home/pa9/physicalai-lv1-assignments/lv1_module2_student/ros2_ws/install/turtle_interfaces/share/turtle_interfaces/msg/WaypointList.idl
-- Symlinking: /home/pa9/physicalai-lv1-assignments/lv1_module2_student/ros2_ws/install/turtle_interfaces/share/turtle_interfaces/srv/SetGain.idl
-- Symlinking: /home/pa9/physicalai-lv1-assignments/lv1_module2_student/ros2_ws/install/turtle_interfaces/share/turtle_interfaces/action/DrawPolygon.idl
-- Symlinking: /home/pa9/physicalai-lv1-assignments/lv1_module2_student/ros2_ws/install/turtle_interfaces/share/turtle_interfaces/msg/Waypoint.msg
-- Symlinking: /home/pa9/physicalai-lv1-assignments/lv1_module2_student/ros2_ws/install/turtle_interfaces/share/turtle_interfaces/msg/WaypointList.msg
-- Symlinking: /home/pa9/physicalai-lv1-assignments/lv1_module2_student/ros2_ws/install/turtle_interfaces/share/turtle_interfaces/srv/SetGain.srv
-- Symlinking: /home/pa9/physicalai-lv1-assignments/lv1_module2_student/ros2_ws/install/turtle_interfaces/share/turtle_interfaces/srv/SetGain_Request.msg
-- Symlinking: /home/pa9/physicalai-lv1-assignments/lv1_module2_student/ros2_ws/install/turtle_interfaces/share/turtle_interfaces/srv/SetGain_Response.msg
-- Symlinking: /home/pa9/physicalai-lv1-assignments/lv1_module2_student/ros2_ws/install/turtle_interfaces/share/turtle_interfaces/action/DrawPolygon.action
-- Symlinking: /home/pa9/physicalai-lv1-assignments/lv1_module2_student/ros2_ws/install/turtle_interfaces/share/ament_index/resource_index/package_run_dependencies/turtle_interfaces
-- Symlinking: /home/pa9/physicalai-lv1-assignments/lv1_module2_student/ros2_ws/install/turtle_interfaces/share/ament_index/resource_index/parent_prefix_path/turtle_interfaces
-- Symlinking: /home/pa9/physicalai-lv1-assignments/lv1_module2_student/ros2_ws/install/turtle_interfaces/share/turtle_interfaces/environment/ament_prefix_path.sh
-- Symlinking: /home/pa9/physicalai-lv1-assignments/lv1_module2_student/ros2_ws/install/turtle_interfaces/share/turtle_interfaces/environment/ament_prefix_path.dsv
-- Symlinking: /home/pa9/physicalai-lv1-assignments/lv1_module2_student/ros2_ws/install/turtle_interfaces/share/turtle_interfaces/environment/path.sh
-- Symlinking: /home/pa9/physicalai-lv1-assignments/lv1_module2_student/ros2_ws/install/turtle_interfaces/share/turtle_interfaces/environment/path.dsv
-- Symlinking: /home/pa9/physicalai-lv1-assignments/lv1_module2_student/ros2_ws/install/turtle_interfaces/share/turtle_interfaces/local_setup.bash
-- Symlinking: /home/pa9/physicalai-lv1-assignments/lv1_module2_student/ros2_ws/install/turtle_interfaces/share/turtle_interfaces/local_setup.sh
-- Symlinking: /home/pa9/physicalai-lv1-assignments/lv1_module2_student/ros2_ws/install/turtle_interfaces/share/turtle_interfaces/local_setup.zsh
-- Symlinking: /home/pa9/physicalai-lv1-assignments/lv1_module2_student/ros2_ws/install/turtle_interfaces/share/turtle_interfaces/local_setup.dsv
-- Symlinking: /home/pa9/physicalai-lv1-assignments/lv1_module2_student/ros2_ws/install/turtle_interfaces/share/turtle_interfaces/package.dsv
-- Symlinking: /home/pa9/physicalai-lv1-assignments/lv1_module2_student/ros2_ws/install/turtle_interfaces/share/ament_index/resource_index/packages/turtle_interfaces
-- Symlinking: /home/pa9/physicalai-lv1-assignments/lv1_module2_student/ros2_ws/install/turtle_interfaces/share/turtle_interfaces/cmake/rosidl_cmake-extras.cmake
-- Symlinking: /home/pa9/physicalai-lv1-assignments/lv1_module2_student/ros2_ws/install/turtle_interfaces/share/turtle_interfaces/cmake/ament_cmake_export_dependencies-extras.cmake
-- Symlinking: /home/pa9/physicalai-lv1-assignments/lv1_module2_student/ros2_ws/install/turtle_interfaces/share/turtle_interfaces/cmake/ament_cmake_export_include_directories-extras.cmake
-- Symlinking: /home/pa9/physicalai-lv1-assignments/lv1_module2_student/ros2_ws/install/turtle_interfaces/share/turtle_interfaces/cmake/ament_cmake_export_libraries-extras.cmake
-- Symlinking: /home/pa9/physicalai-lv1-assignments/lv1_module2_student/ros2_ws/install/turtle_interfaces/share/turtle_interfaces/cmake/ament_cmake_export_targets-extras.cmake
-- Symlinking: /home/pa9/physicalai-lv1-assignments/lv1_module2_student/ros2_ws/install/turtle_interfaces/share/turtle_interfaces/cmake/rosidl_cmake_export_typesupport_targets-extras.cmake
-- Symlinking: /home/pa9/physicalai-lv1-assignments/lv1_module2_student/ros2_ws/install/turtle_interfaces/share/turtle_interfaces/cmake/rosidl_cmake_export_typesupport_libraries-extras.cmake
-- Symlinking: /home/pa9/physicalai-lv1-assignments/lv1_module2_student/ros2_ws/install/turtle_interfaces/share/turtle_interfaces/cmake/rosidl_cmake_aggregate_target-extras.cmake
-- Symlinking: /home/pa9/physicalai-lv1-assignments/lv1_module2_student/ros2_ws/install/turtle_interfaces/share/turtle_interfaces/cmake/turtle_interfacesConfig.cmake
-- Symlinking: /home/pa9/physicalai-lv1-assignments/lv1_module2_student/ros2_ws/install/turtle_interfaces/share/turtle_interfaces/cmake/turtle_interfacesConfig-version.cmake
-- Symlinking: /home/pa9/physicalai-lv1-assignments/lv1_module2_student/ros2_ws/install/turtle_interfaces/share/turtle_interfaces/package.xml
-- Installing: /home/pa9/physicalai-lv1-assignments/lv1_module2_student/ros2_ws/install/turtle_interfaces/lib/libturtle_interfaces__rosidl_generator_c.so
-- Set runtime path of "/home/pa9/physicalai-lv1-assignments/lv1_module2_student/ros2_ws/install/turtle_interfaces/lib/libturtle_interfaces__rosidl_generator_c.so" to ""
-- Installing: /home/pa9/physicalai-lv1-assignments/lv1_module2_student/ros2_ws/install/turtle_interfaces/lib/libturtle_interfaces__rosidl_typesupport_fastrtps_c.so
-- Set runtime path of "/home/pa9/physicalai-lv1-assignments/lv1_module2_student/ros2_ws/install/turtle_interfaces/lib/libturtle_interfaces__rosidl_typesupport_fastrtps_c.so" to ""
-- Installing: /home/pa9/physicalai-lv1-assignments/lv1_module2_student/ros2_ws/install/turtle_interfaces/lib/libturtle_interfaces__rosidl_typesupport_introspection_c.so
-- Set runtime path of "/home/pa9/physicalai-lv1-assignments/lv1_module2_student/ros2_ws/install/turtle_interfaces/lib/libturtle_interfaces__rosidl_typesupport_introspection_c.so" to ""
-- Installing: /home/pa9/physicalai-lv1-assignments/lv1_module2_student/ros2_ws/install/turtle_interfaces/lib/libturtle_interfaces__rosidl_typesupport_c.so
-- Set runtime path of "/home/pa9/physicalai-lv1-assignments/lv1_module2_student/ros2_ws/install/turtle_interfaces/lib/libturtle_interfaces__rosidl_typesupport_c.so" to ""
-- Installing: /home/pa9/physicalai-lv1-assignments/lv1_module2_student/ros2_ws/install/turtle_interfaces/lib/libturtle_interfaces__rosidl_typesupport_fastrtps_cpp.so
-- Set runtime path of "/home/pa9/physicalai-lv1-assignments/lv1_module2_student/ros2_ws/install/turtle_interfaces/lib/libturtle_interfaces__rosidl_typesupport_fastrtps_cpp.so" to ""
-- Installing: /home/pa9/physicalai-lv1-assignments/lv1_module2_student/ros2_ws/install/turtle_interfaces/lib/libturtle_interfaces__rosidl_typesupport_introspection_cpp.so
-- Set runtime path of "/home/pa9/physicalai-lv1-assignments/lv1_module2_student/ros2_ws/install/turtle_interfaces/lib/libturtle_interfaces__rosidl_typesupport_introspection_cpp.so" to ""
-- Installing: /home/pa9/physicalai-lv1-assignments/lv1_module2_student/ros2_ws/install/turtle_interfaces/lib/libturtle_interfaces__rosidl_typesupport_cpp.so
-- Set runtime path of "/home/pa9/physicalai-lv1-assignments/lv1_module2_student/ros2_ws/install/turtle_interfaces/lib/libturtle_interfaces__rosidl_typesupport_cpp.so" to ""
Listing '/home/pa9/physicalai-lv1-assignments/lv1_module2_student/ros2_ws/install/turtle_interfaces/local/lib/python3.10/dist-packages/turtle_interfaces'...
Compiling '/home/pa9/physicalai-lv1-assignments/lv1_module2_student/ros2_ws/install/turtle_interfaces/local/lib/python3.10/dist-packages/turtle_interfaces/__init__.py'...
Listing '/home/pa9/physicalai-lv1-assignments/lv1_module2_student/ros2_ws/install/turtle_interfaces/local/lib/python3.10/dist-packages/turtle_interfaces/action'...
Compiling '/home/pa9/physicalai-lv1-assignments/lv1_module2_student/ros2_ws/install/turtle_interfaces/local/lib/python3.10/dist-packages/turtle_interfaces/action/__init__.py'...
Compiling '/home/pa9/physicalai-lv1-assignments/lv1_module2_student/ros2_ws/install/turtle_interfaces/local/lib/python3.10/dist-packages/turtle_interfaces/action/_draw_polygon.py'...
Listing '/home/pa9/physicalai-lv1-assignments/lv1_module2_student/ros2_ws/install/turtle_interfaces/local/lib/python3.10/dist-packages/turtle_interfaces/msg'...
Compiling '/home/pa9/physicalai-lv1-assignments/lv1_module2_student/ros2_ws/install/turtle_interfaces/local/lib/python3.10/dist-packages/turtle_interfaces/msg/__init__.py'...
Compiling '/home/pa9/physicalai-lv1-assignments/lv1_module2_student/ros2_ws/install/turtle_interfaces/local/lib/python3.10/dist-packages/turtle_interfaces/msg/_waypoint.py'...
Compiling '/home/pa9/physicalai-lv1-assignments/lv1_module2_student/ros2_ws/install/turtle_interfaces/local/lib/python3.10/dist-packages/turtle_interfaces/msg/_waypoint_list.py'...
Listing '/home/pa9/physicalai-lv1-assignments/lv1_module2_student/ros2_ws/install/turtle_interfaces/local/lib/python3.10/dist-packages/turtle_interfaces/srv'...
Compiling '/home/pa9/physicalai-lv1-assignments/lv1_module2_student/ros2_ws/install/turtle_interfaces/local/lib/python3.10/dist-packages/turtle_interfaces/srv/__init__.py'...
Compiling '/home/pa9/physicalai-lv1-assignments/lv1_module2_student/ros2_ws/install/turtle_interfaces/local/lib/python3.10/dist-packages/turtle_interfaces/srv/_set_gain.py'...
-- Installing: /home/pa9/physicalai-lv1-assignments/lv1_module2_student/ros2_ws/install/turtle_interfaces/lib/libturtle_interfaces__rosidl_generator_py.so
-- Set runtime path of "/home/pa9/physicalai-lv1-assignments/lv1_module2_student/ros2_ws/install/turtle_interfaces/lib/libturtle_interfaces__rosidl_generator_py.so" to ""
-- Installing: /home/pa9/physicalai-lv1-assignments/lv1_module2_student/ros2_ws/install/turtle_interfaces/share/turtle_interfaces/cmake/export_turtle_interfaces__rosidl_generator_cExport.cmake
-- Installing: /home/pa9/physicalai-lv1-assignments/lv1_module2_student/ros2_ws/install/turtle_interfaces/share/turtle_interfaces/cmake/export_turtle_interfaces__rosidl_generator_cExport-noconfig.cmake
-- Installing: /home/pa9/physicalai-lv1-assignments/lv1_module2_student/ros2_ws/install/turtle_interfaces/share/turtle_interfaces/cmake/export_turtle_interfaces__rosidl_typesupport_fastrtps_cExport.cmake
-- Installing: /home/pa9/physicalai-lv1-assignments/lv1_module2_student/ros2_ws/install/turtle_interfaces/share/turtle_interfaces/cmake/export_turtle_interfaces__rosidl_typesupport_fastrtps_cExport-noconfig.cmake
-- Installing: /home/pa9/physicalai-lv1-assignments/lv1_module2_student/ros2_ws/install/turtle_interfaces/share/turtle_interfaces/cmake/turtle_interfaces__rosidl_typesupport_introspection_cExport.cmake
-- Installing: /home/pa9/physicalai-lv1-assignments/lv1_module2_student/ros2_ws/install/turtle_interfaces/share/turtle_interfaces/cmake/turtle_interfaces__rosidl_typesupport_introspection_cExport-noconfig.cmake
-- Installing: /home/pa9/physicalai-lv1-assignments/lv1_module2_student/ros2_ws/install/turtle_interfaces/share/turtle_interfaces/cmake/turtle_interfaces__rosidl_typesupport_cExport.cmake
-- Installing: /home/pa9/physicalai-lv1-assignments/lv1_module2_student/ros2_ws/install/turtle_interfaces/share/turtle_interfaces/cmake/turtle_interfaces__rosidl_typesupport_cExport-noconfig.cmake
-- Installing: /home/pa9/physicalai-lv1-assignments/lv1_module2_student/ros2_ws/install/turtle_interfaces/share/turtle_interfaces/cmake/export_turtle_interfaces__rosidl_generator_cppExport.cmake
-- Installing: /home/pa9/physicalai-lv1-assignments/lv1_module2_student/ros2_ws/install/turtle_interfaces/share/turtle_interfaces/cmake/export_turtle_interfaces__rosidl_typesupport_fastrtps_cppExport.cmake
-- Installing: /home/pa9/physicalai-lv1-assignments/lv1_module2_student/ros2_ws/install/turtle_interfaces/share/turtle_interfaces/cmake/export_turtle_interfaces__rosidl_typesupport_fastrtps_cppExport-noconfig.cmake
-- Installing: /home/pa9/physicalai-lv1-assignments/lv1_module2_student/ros2_ws/install/turtle_interfaces/share/turtle_interfaces/cmake/turtle_interfaces__rosidl_typesupport_introspection_cppExport.cmake
-- Installing: /home/pa9/physicalai-lv1-assignments/lv1_module2_student/ros2_ws/install/turtle_interfaces/share/turtle_interfaces/cmake/turtle_interfaces__rosidl_typesupport_introspection_cppExport-noconfig.cmake
-- Installing: /home/pa9/physicalai-lv1-assignments/lv1_module2_student/ros2_ws/install/turtle_interfaces/share/turtle_interfaces/cmake/turtle_interfaces__rosidl_typesupport_cppExport.cmake
-- Installing: /home/pa9/physicalai-lv1-assignments/lv1_module2_student/ros2_ws/install/turtle_interfaces/share/turtle_interfaces/cmake/turtle_interfaces__rosidl_typesupport_cppExport-noconfig.cmake
-- Installing: /home/pa9/physicalai-lv1-assignments/lv1_module2_student/ros2_ws/install/turtle_interfaces/share/turtle_interfaces/cmake/export_turtle_interfaces__rosidl_generator_pyExport.cmake
-- Installing: /home/pa9/physicalai-lv1-assignments/lv1_module2_student/ros2_ws/install/turtle_interfaces/share/turtle_interfaces/cmake/export_turtle_interfaces__rosidl_generator_pyExport-noconfig.cmake
