[0.004s] Invoking command in '/home/pa9/physicalai-lv1-assignments/lv1_module2_student/ros2_ws/build/turtle_interfaces': CMAKE_PREFIX_PATH=${CMAKE_PREFIX_PATH}:/home/pa9/ros2_ws/install/turtlebot3_teleop:/home/pa9/ros2_ws/install/turtlebot3_example:/home/pa9/ros2_ws/install/demo_py_pkg:/opt/ros/humble /usr/bin/cmake /home/pa9/physicalai-lv1-assignments/lv1_module2_student/ros2_ws/src/turtle_interfaces -DAMENT_CMAKE_SYMLINK_INSTALL=1 -DCMAKE_INSTALL_PREFIX=/home/pa9/physicalai-lv1-assignments/lv1_module2_student/ros2_ws/install/turtle_interfaces
[0.038s] -- The C compiler identification is GNU 11.4.0
[0.257s] -- The CXX compiler identification is GNU 11.4.0
[0.262s] -- Detecting C compiler ABI info
[0.305s] -- Detecting C compiler ABI info - done
[0.307s] -- Check for working C compiler: /usr/bin/cc - skipped
[0.307s] -- Detecting C compile features
[0.307s] -- Detecting C compile features - done
[0.308s] -- Detecting CXX compiler ABI info
[0.445s] -- Detecting CXX compiler ABI info - done
[0.449s] -- Check for working CXX compiler: /usr/bin/c++ - skipped
[0.449s] -- Detecting CXX compile features
[0.449s] -- Detecting CXX compile features - done
[0.451s] -- Found ament_cmake: 1.3.14 (/opt/ros/humble/share/ament_cmake/cmake)
[0.553s] -- Found Python3: /usr/bin/python3 (found version "3.10.12") found components: Interpreter 
[0.588s] -- Override CMake install command with custom implementation using symlinks instead of copying resources
[0.608s] -- Found rosidl_default_generators: 1.2.1 (/opt/ros/humble/share/rosidl_default_generators/cmake)
[0.610s] -- Using all available rosidl_typesupport_c: rosidl_typesupport_fastrtps_c;rosidl_typesupport_introspection_c
[0.614s] -- Found rosidl_adapter: 3.1.9 (/opt/ros/humble/share/rosidl_adapter/cmake)
[0.638s] -- Using all available rosidl_typesupport_cpp: rosidl_typesupport_fastrtps_cpp;rosidl_typesupport_introspection_cpp
[0.676s] -- Found std_msgs: 4.9.1 (/opt/ros/humble/share/std_msgs/cmake)
[0.676s] -- Found action_msgs: 1.2.3 (/opt/ros/humble/share/action_msgs/cmake)
[0.833s] -- Found ament_cmake_ros: 0.10.0 (/opt/ros/humble/share/ament_cmake_ros/cmake)
[0.954s] -- Using all available rosidl_typesupport_c: rosidl_typesupport_fastrtps_c;rosidl_typesupport_introspection_c
[1.113s] -- Using all available rosidl_typesupport_cpp: rosidl_typesupport_fastrtps_cpp;rosidl_typesupport_introspection_cpp
[1.126s] -- Found PythonInterp: /usr/bin/python3 (found suitable version "3.10.12", minimum required is "3.6") 
[1.126s] -- Found python_cmake_module: 0.10.0 (/opt/ros/humble/share/python_cmake_module/cmake)
[1.139s] -- Found PythonLibs: /usr/lib/x86_64-linux-gnu/libpython3.10.so (found suitable version "3.10.12", minimum required is "3.5") 
[1.139s] -- Using PYTHON_EXECUTABLE: /usr/bin/python3
[1.139s] -- Using PYTHON_INCLUDE_DIRS: /usr/include/python3.10
[1.139s] -- Using PYTHON_LIBRARIES: /usr/lib/x86_64-linux-gnu/libpython3.10.so
[1.152s] -- Found PythonExtra: .so  
[1.225s] -- Configuring done
[1.243s] -- Generating done
[1.249s] -- Build files have been written to: /home/pa9/physicalai-lv1-assignments/lv1_module2_student/ros2_ws/build/turtle_interfaces
[1.254s] Invoked command in '/home/pa9/physicalai-lv1-assignments/lv1_module2_student/ros2_ws/build/turtle_interfaces' returned '0': CMAKE_PREFIX_PATH=${CMAKE_PREFIX_PATH}:/home/pa9/ros2_ws/install/turtlebot3_teleop:/home/pa9/ros2_ws/install/turtlebot3_example:/home/pa9/ros2_ws/install/demo_py_pkg:/opt/ros/humble /usr/bin/cmake /home/pa9/physicalai-lv1-assignments/lv1_module2_student/ros2_ws/src/turtle_interfaces -DAMENT_CMAKE_SYMLINK_INSTALL=1 -DCMAKE_INSTALL_PREFIX=/home/pa9/physicalai-lv1-assignments/lv1_module2_student/ros2_ws/install/turtle_interfaces
[1.255s] Invoking command in '/home/pa9/physicalai-lv1-assignments/lv1_module2_student/ros2_ws/build/turtle_interfaces': CMAKE_PREFIX_PATH=${CMAKE_PREFIX_PATH}:/home/pa9/ros2_ws/install/turtlebot3_teleop:/home/pa9/ros2_ws/install/turtlebot3_example:/home/pa9/ros2_ws/install/demo_py_pkg:/opt/ros/humble /usr/bin/cmake --build /home/pa9/physicalai-lv1-assignments/lv1_module2_student/ros2_ws/build/turtle_interfaces -- -j24 -l24
[1.281s] [  1%] Generating C code for ROS interfaces
[1.288s] [  3%] Generating Rust code for ROS interfaces
[1.289s] [  5%] Generating C++ code for ROS interfaces
[1.294s] [  5%] Built target ament_cmake_python_symlink_turtle_interfaces
[1.435s] running egg_info
[1.435s] creating turtle_interfaces.egg-info
[1.435s] writing turtle_interfaces.egg-info/PKG-INFO
[1.435s] writing dependency_links to turtle_interfaces.egg-info/dependency_links.txt
[1.435s] writing top-level names to turtle_interfaces.egg-info/top_level.txt
[1.435s] writing manifest file 'turtle_interfaces.egg-info/SOURCES.txt'
[1.435s] reading manifest file 'turtle_interfaces.egg-info/SOURCES.txt'
[1.435s] writing manifest file 'turtle_interfaces.egg-info/SOURCES.txt'
[1.456s] [  5%] Built target ament_cmake_python_build_turtle_interfaces_egg
[1.628s] [  5%] Built target turtle_interfaces__rs
[1.796s] [ 10%] Building C object CMakeFiles/turtle_interfaces__rosidl_generator_c.dir/rosidl_generator_c/turtle_interfaces/srv/detail/set_gain__functions.c.o
[1.796s] [ 10%] Building C object CMakeFiles/turtle_interfaces__rosidl_generator_c.dir/rosidl_generator_c/turtle_interfaces/msg/detail/waypoint__functions.c.o
[1.796s] [ 10%] Building C object CMakeFiles/turtle_interfaces__rosidl_generator_c.dir/rosidl_generator_c/turtle_interfaces/msg/detail/waypoint_list__functions.c.o
[1.796s] [ 12%] Building C object CMakeFiles/turtle_interfaces__rosidl_generator_c.dir/rosidl_generator_c/turtle_interfaces/action/detail/draw_polygon__functions.c.o
[1.812s] [ 12%] Built target turtle_interfaces__cpp
[1.820s] [ 14%] Generating C++ type support dispatch for ROS interfaces
[1.820s] [ 17%] Generating C++ introspection for ROS interfaces
[1.820s] [ 17%] Generating C++ type support for eProsima Fast-RTPS
[1.885s] [ 19%] Linking C shared library libturtle_interfaces__rosidl_generator_c.so
[1.912s] [ 19%] Built target turtle_interfaces__rosidl_generator_c
[1.920s] [ 23%] Generating C introspection for ROS interfaces
[1.920s] [ 23%] Generating C type support for eProsima Fast-RTPS
[1.920s] [ 25%] Generating C type support dispatch for ROS interfaces
[2.199s] [ 30%] Building CXX object CMakeFiles/turtle_interfaces__rosidl_typesupport_cpp.dir/rosidl_typesupport_cpp/turtle_interfaces/srv/set_gain__type_support.cpp.o
[2.199s] [ 30%] Building CXX object CMakeFiles/turtle_interfaces__rosidl_typesupport_cpp.dir/rosidl_typesupport_cpp/turtle_interfaces/msg/waypoint_list__type_support.cpp.o
[2.199s] [ 30%] Building CXX object CMakeFiles/turtle_interfaces__rosidl_typesupport_cpp.dir/rosidl_typesupport_cpp/turtle_interfaces/msg/waypoint__type_support.cpp.o
[2.199s] [ 32%] Building CXX object CMakeFiles/turtle_interfaces__rosidl_typesupport_cpp.dir/rosidl_typesupport_cpp/turtle_interfaces/action/draw_polygon__type_support.cpp.o
[2.242s] [ 33%] Building CXX object CMakeFiles/turtle_interfaces__rosidl_typesupport_introspection_cpp.dir/rosidl_typesupport_introspection_cpp/turtle_interfaces/msg/detail/waypoint__type_support.cpp.o
[2.242s] [ 35%] Building CXX object CMakeFiles/turtle_interfaces__rosidl_typesupport_introspection_cpp.dir/rosidl_typesupport_introspection_cpp/turtle_interfaces/msg/detail/waypoint_list__type_support.cpp.o
[2.242s] [ 37%] Building CXX object CMakeFiles/turtle_interfaces__rosidl_typesupport_introspection_cpp.dir/rosidl_typesupport_introspection_cpp/turtle_interfaces/srv/detail/set_gain__type_support.cpp.o
[2.242s] [ 39%] Building CXX object CMakeFiles/turtle_interfaces__rosidl_typesupport_introspection_cpp.dir/rosidl_typesupport_introspection_cpp/turtle_interfaces/action/detail/draw_polygon__type_support.cpp.o
[2.316s] [ 41%] Building CXX object CMakeFiles/turtle_interfaces__rosidl_typesupport_fastrtps_cpp.dir/rosidl_typesupport_fastrtps_cpp/turtle_interfaces/msg/detail/dds_fastrtps/waypoint_list__type_support.cpp.o
[2.316s] [ 42%] Building CXX object CMakeFiles/turtle_interfaces__rosidl_typesupport_fastrtps_cpp.dir/rosidl_typesupport_fastrtps_cpp/turtle_interfaces/msg/detail/dds_fastrtps/waypoint__type_support.cpp.o
[2.316s] [ 44%] Building CXX object CMakeFiles/turtle_interfaces__rosidl_typesupport_fastrtps_cpp.dir/rosidl_typesupport_fastrtps_cpp/turtle_interfaces/srv/detail/dds_fastrtps/set_gain__type_support.cpp.o
[2.316s] [ 46%] Building CXX object CMakeFiles/turtle_interfaces__rosidl_typesupport_fastrtps_cpp.dir/rosidl_typesupport_fastrtps_cpp/turtle_interfaces/action/detail/dds_fastrtps/draw_polygon__type_support.cpp.o
[2.365s] [ 48%] Building CXX object CMakeFiles/turtle_interfaces__rosidl_typesupport_c.dir/rosidl_typesupport_c/turtle_interfaces/srv/set_gain__type_support.cpp.o
[2.368s] [ 51%] Building CXX object CMakeFiles/turtle_interfaces__rosidl_typesupport_c.dir/rosidl_typesupport_c/turtle_interfaces/msg/waypoint__type_support.cpp.o
[2.368s] [ 51%] Building CXX object CMakeFiles/turtle_interfaces__rosidl_typesupport_c.dir/rosidl_typesupport_c/turtle_interfaces/msg/waypoint_list__type_support.cpp.o
[2.368s] [ 53%] Building CXX object CMakeFiles/turtle_interfaces__rosidl_typesupport_c.dir/rosidl_typesupport_c/turtle_interfaces/action/draw_polygon__type_support.cpp.o
[2.417s] [ 57%] Building C object CMakeFiles/turtle_interfaces__rosidl_typesupport_introspection_c.dir/rosidl_typesupport_introspection_c/turtle_interfaces/msg/detail/waypoint__type_support.c.o
[2.417s] [ 58%] Building C object CMakeFiles/turtle_interfaces__rosidl_typesupport_introspection_c.dir/rosidl_typesupport_introspection_c/turtle_interfaces/action/detail/draw_polygon__type_support.c.o
[2.417s] [ 57%] Building C object CMakeFiles/turtle_interfaces__rosidl_typesupport_introspection_c.dir/rosidl_typesupport_introspection_c/turtle_interfaces/msg/detail/waypoint_list__type_support.c.o
[2.417s] [ 60%] Building C object CMakeFiles/turtle_interfaces__rosidl_typesupport_introspection_c.dir/rosidl_typesupport_introspection_c/turtle_interfaces/srv/detail/set_gain__type_support.c.o
[2.443s] [ 62%] Linking CXX shared library libturtle_interfaces__rosidl_typesupport_c.so
[2.499s] [ 62%] Built target turtle_interfaces__rosidl_typesupport_c
[2.505s] [ 66%] Building CXX object CMakeFiles/turtle_interfaces__rosidl_typesupport_fastrtps_c.dir/rosidl_typesupport_fastrtps_c/turtle_interfaces/msg/detail/waypoint__type_support_c.cpp.o
[2.505s] [ 66%] Building CXX object CMakeFiles/turtle_interfaces__rosidl_typesupport_fastrtps_c.dir/rosidl_typesupport_fastrtps_c/turtle_interfaces/msg/detail/waypoint_list__type_support_c.cpp.o
[2.505s] [ 67%] Building CXX object CMakeFiles/turtle_interfaces__rosidl_typesupport_fastrtps_c.dir/rosidl_typesupport_fastrtps_c/turtle_interfaces/srv/detail/set_gain__type_support_c.cpp.o
[2.506s] [ 69%] Building CXX object CMakeFiles/turtle_interfaces__rosidl_typesupport_fastrtps_c.dir/rosidl_typesupport_fastrtps_c/turtle_interfaces/action/detail/draw_polygon__type_support_c.cpp.o
[2.567s] [ 71%] Linking C shared library libturtle_interfaces__rosidl_typesupport_introspection_c.so
[2.604s] [ 71%] Built target turtle_interfaces__rosidl_typesupport_introspection_c
[2.745s] [ 73%] Linking CXX shared library libturtle_interfaces__rosidl_typesupport_cpp.so
[2.768s] [ 75%] Linking CXX shared library libturtle_interfaces__rosidl_typesupport_introspection_cpp.so
[2.782s] [ 75%] Built target turtle_interfaces__rosidl_typesupport_cpp
[2.829s] [ 75%] Built target turtle_interfaces__rosidl_typesupport_introspection_cpp
[2.893s] [ 76%] Linking CXX shared library libturtle_interfaces__rosidl_typesupport_fastrtps_c.so
[2.893s] [ 78%] Linking CXX shared library libturtle_interfaces__rosidl_typesupport_fastrtps_cpp.so
[2.934s] [ 78%] Built target turtle_interfaces__rosidl_typesupport_fastrtps_c
[2.938s] [ 78%] Built target turtle_interfaces__rosidl_typesupport_fastrtps_cpp
[2.950s] [ 78%] Built target turtle_interfaces
[2.961s] [ 80%] Generating Python code for ROS interfaces
[3.521s] [ 80%] Built target turtle_interfaces__py
[3.533s] [ 82%] Building C object CMakeFiles/turtle_interfaces__rosidl_generator_py.dir/rosidl_generator_py/turtle_interfaces/msg/_waypoint_list_s.c.o
[3.534s] [ 83%] Building C object CMakeFiles/turtle_interfaces__rosidl_generator_py.dir/rosidl_generator_py/turtle_interfaces/srv/_set_gain_s.c.o
[3.534s] [ 85%] Building C object CMakeFiles/turtle_interfaces__rosidl_generator_py.dir/rosidl_generator_py/turtle_interfaces/msg/_waypoint_s.c.o
[3.534s] [ 87%] Building C object CMakeFiles/turtle_interfaces__rosidl_generator_py.dir/rosidl_generator_py/turtle_interfaces/action/_draw_polygon_s.c.o
[3.614s] [ 89%] Linking C shared library rosidl_generator_py/turtle_interfaces/libturtle_interfaces__rosidl_generator_py.so
[3.646s] [ 89%] Built target turtle_interfaces__rosidl_generator_py
[3.659s] [ 91%] Building C object CMakeFiles/turtle_interfaces__rosidl_typesupport_introspection_c__pyext.dir/rosidl_generator_py/turtle_interfaces/_turtle_interfaces_s.ep.rosidl_typesupport_introspection_c.c.o
[3.659s] [ 92%] Building C object CMakeFiles/turtle_interfaces__rosidl_typesupport_fastrtps_c__pyext.dir/rosidl_generator_py/turtle_interfaces/_turtle_interfaces_s.ep.rosidl_typesupport_fastrtps_c.c.o
[3.660s] [ 94%] Building C object CMakeFiles/turtle_interfaces__rosidl_typesupport_c__pyext.dir/rosidl_generator_py/turtle_interfaces/_turtle_interfaces_s.ep.rosidl_typesupport_c.c.o
[3.744s] [ 96%] Linking C shared library rosidl_generator_py/turtle_interfaces/turtle_interfaces_s__rosidl_typesupport_introspection_c.cpython-310-x86_64-linux-gnu.so
[3.746s] [ 98%] Linking C shared library rosidl_generator_py/turtle_interfaces/turtle_interfaces_s__rosidl_typesupport_c.cpython-310-x86_64-linux-gnu.so
[3.746s] [100%] Linking C shared library rosidl_generator_py/turtle_interfaces/turtle_interfaces_s__rosidl_typesupport_fastrtps_c.cpython-310-x86_64-linux-gnu.so
[3.770s] [100%] Built target turtle_interfaces__rosidl_typesupport_introspection_c__pyext
[3.771s] [100%] Built target turtle_interfaces__rosidl_typesupport_c__pyext
[3.771s] [100%] Built target turtle_interfaces__rosidl_typesupport_fastrtps_c__pyext
[3.891s] Invoked command in '/home/pa9/physicalai-lv1-assignments/lv1_module2_student/ros2_ws/build/turtle_interfaces' returned '0': CMAKE_PREFIX_PATH=${CMAKE_PREFIX_PATH}:/home/pa9/ros2_ws/install/turtlebot3_teleop:/home/pa9/ros2_ws/install/turtlebot3_example:/home/pa9/ros2_ws/install/demo_py_pkg:/opt/ros/humble /usr/bin/cmake --build /home/pa9/physicalai-lv1-assignments/lv1_module2_student/ros2_ws/build/turtle_interfaces -- -j24 -l24
[3.894s] Invoking command in '/home/pa9/physicalai-lv1-assignments/lv1_module2_student/ros2_ws/build/turtle_interfaces': CMAKE_PREFIX_PATH=${CMAKE_PREFIX_PATH}:/home/pa9/ros2_ws/install/turtlebot3_teleop:/home/pa9/ros2_ws/install/turtlebot3_example:/home/pa9/ros2_ws/install/demo_py_pkg:/opt/ros/humble /usr/bin/cmake --install /home/pa9/physicalai-lv1-assignments/lv1_module2_student/ros2_ws/build/turtle_interfaces
[3.897s] -- Install configuration: ""
[3.897s] -- Execute custom install script
[3.897s] -- Symlinking: /home/pa9/physicalai-lv1-assignments/lv1_module2_student/ros2_ws/install/turtle_interfaces/share/ament_index/resource_index/rosidl_interfaces/turtle_interfaces
[3.904s] -- Symlinking: /home/pa9/physicalai-lv1-assignments/lv1_module2_student/ros2_ws/install/turtle_interfaces/include/turtle_interfaces/turtle_interfaces/action/detail/draw_polygon__functions.h
[3.910s] -- Symlinking: /home/pa9/physicalai-lv1-assignments/lv1_module2_student/ros2_ws/install/turtle_interfaces/include/turtle_interfaces/turtle_interfaces/action/detail/draw_polygon__struct.h
[3.915s] -- Symlinking: /home/pa9/physicalai-lv1-assignments/lv1_module2_student/ros2_ws/install/turtle_interfaces/include/turtle_interfaces/turtle_interfaces/action/detail/draw_polygon__type_support.h
[3.923s] -- Symlinking: /home/pa9/physicalai-lv1-assignments/lv1_module2_student/ros2_ws/install/turtle_interfaces/include/turtle_interfaces/turtle_interfaces/action/draw_polygon.h
[3.931s] -- Symlinking: /home/pa9/physicalai-lv1-assignments/lv1_module2_student/ros2_ws/install/turtle_interfaces/include/turtle_interfaces/turtle_interfaces/msg/detail/waypoint__functions.h
[3.936s] -- Symlinking: /home/pa9/physicalai-lv1-assignments/lv1_module2_student/ros2_ws/install/turtle_interfaces/include/turtle_interfaces/turtle_interfaces/msg/detail/waypoint__struct.h
[3.942s] -- Symlinking: /home/pa9/physicalai-lv1-assignments/lv1_module2_student/ros2_ws/install/turtle_interfaces/include/turtle_interfaces/turtle_interfaces/msg/detail/waypoint__type_support.h
[3.948s] -- Symlinking: /home/pa9/physicalai-lv1-assignments/lv1_module2_student/ros2_ws/install/turtle_interfaces/include/turtle_interfaces/turtle_interfaces/msg/detail/waypoint_list__functions.h
[3.953s] -- Symlinking: /home/pa9/physicalai-lv1-assignments/lv1_module2_student/ros2_ws/install/turtle_interfaces/include/turtle_interfaces/turtle_interfaces/msg/detail/waypoint_list__struct.h
[3.958s] -- Symlinking: /home/pa9/physicalai-lv1-assignments/lv1_module2_student/ros2_ws/install/turtle_interfaces/include/turtle_interfaces/turtle_interfaces/msg/detail/waypoint_list__type_support.h
[3.963s] -- Symlinking: /home/pa9/physicalai-lv1-assignments/lv1_module2_student/ros2_ws/install/turtle_interfaces/include/turtle_interfaces/turtle_interfaces/msg/rosidl_generator_c__visibility_control.h
[3.968s] -- Symlinking: /home/pa9/physicalai-lv1-assignments/lv1_module2_student/ros2_ws/install/turtle_interfaces/include/turtle_interfaces/turtle_interfaces/msg/waypoint.h
[3.974s] -- Symlinking: /home/pa9/physicalai-lv1-assignments/lv1_module2_student/ros2_ws/install/turtle_interfaces/include/turtle_interfaces/turtle_interfaces/msg/waypoint_list.h
[3.978s] -- Symlinking: /home/pa9/physicalai-lv1-assignments/lv1_module2_student/ros2_ws/install/turtle_interfaces/include/turtle_interfaces/turtle_interfaces/srv/detail/set_gain__functions.h
[3.983s] -- Symlinking: /home/pa9/physicalai-lv1-assignments/lv1_module2_student/ros2_ws/install/turtle_interfaces/include/turtle_interfaces/turtle_interfaces/srv/detail/set_gain__struct.h
[3.987s] -- Symlinking: /home/pa9/physicalai-lv1-assignments/lv1_module2_student/ros2_ws/install/turtle_interfaces/include/turtle_interfaces/turtle_interfaces/srv/detail/set_gain__type_support.h
[3.992s] -- Symlinking: /home/pa9/physicalai-lv1-assignments/lv1_module2_student/ros2_ws/install/turtle_interfaces/include/turtle_interfaces/turtle_interfaces/srv/set_gain.h
[3.996s] -- Symlinking: /home/pa9/physicalai-lv1-assignments/lv1_module2_student/ros2_ws/install/turtle_interfaces/share/turtle_interfaces/environment/library_path.sh
[4.000s] -- Symlinking: /home/pa9/physicalai-lv1-assignments/lv1_module2_student/ros2_ws/install/turtle_interfaces/share/turtle_interfaces/environment/library_path.dsv
[4.005s] -- Symlinking: /home/pa9/physicalai-lv1-assignments/lv1_module2_student/ros2_ws/install/turtle_interfaces/include/turtle_interfaces/turtle_interfaces/action/detail/draw_polygon__rosidl_typesupport_fastrtps_c.h
[4.010s] -- Symlinking: /home/pa9/physicalai-lv1-assignments/lv1_module2_student/ros2_ws/install/turtle_interfaces/include/turtle_interfaces/turtle_interfaces/msg/detail/waypoint__rosidl_typesupport_fastrtps_c.h
[4.014s] -- Symlinking: /home/pa9/physicalai-lv1-assignments/lv1_module2_student/ros2_ws/install/turtle_interfaces/include/turtle_interfaces/turtle_interfaces/msg/detail/waypoint_list__rosidl_typesupport_fastrtps_c.h
[4.018s] -- Symlinking: /home/pa9/physicalai-lv1-assignments/lv1_module2_student/ros2_ws/install/turtle_interfaces/include/turtle_interfaces/turtle_interfaces/msg/rosidl_typesupport_fastrtps_c__visibility_control.h
[4.023s] -- Symlinking: /home/pa9/physicalai-lv1-assignments/lv1_module2_student/ros2_ws/install/turtle_interfaces/include/turtle_interfaces/turtle_interfaces/srv/detail/set_gain__rosidl_typesupport_fastrtps_c.h
[4.027s] -- Symlinking: /home/pa9/physicalai-lv1-assignments/lv1_module2_student/ros2_ws/install/turtle_interfaces/include/turtle_interfaces/turtle_interfaces/action/detail/draw_polygon__rosidl_typesupport_introspection_c.h
[4.031s] -- Symlinking: /home/pa9/physicalai-lv1-assignments/lv1_module2_student/ros2_ws/install/turtle_interfaces/include/turtle_interfaces/turtle_interfaces/msg/detail/waypoint__rosidl_typesupport_introspection_c.h
[4.036s] -- Symlinking: /home/pa9/physicalai-lv1-assignments/lv1_module2_student/ros2_ws/install/turtle_interfaces/include/turtle_interfaces/turtle_interfaces/msg/detail/waypoint_list__rosidl_typesupport_introspection_c.h
[4.040s] -- Symlinking: /home/pa9/physicalai-lv1-assignments/lv1_module2_student/ros2_ws/install/turtle_interfaces/include/turtle_interfaces/turtle_interfaces/msg/rosidl_typesupport_introspection_c__visibility_control.h
[4.044s] -- Symlinking: /home/pa9/physicalai-lv1-assignments/lv1_module2_student/ros2_ws/install/turtle_interfaces/include/turtle_interfaces/turtle_interfaces/srv/detail/set_gain__rosidl_typesupport_introspection_c.h
[4.049s] -- Symlinking: /home/pa9/physicalai-lv1-assignments/lv1_module2_student/ros2_ws/install/turtle_interfaces/include/turtle_interfaces/turtle_interfaces/action/detail/draw_polygon__builder.hpp
[4.053s] -- Symlinking: /home/pa9/physicalai-lv1-assignments/lv1_module2_student/ros2_ws/install/turtle_interfaces/include/turtle_interfaces/turtle_interfaces/action/detail/draw_polygon__struct.hpp
[4.057s] -- Symlinking: /home/pa9/physicalai-lv1-assignments/lv1_module2_student/ros2_ws/install/turtle_interfaces/include/turtle_interfaces/turtle_interfaces/action/detail/draw_polygon__traits.hpp
[4.061s] -- Symlinking: /home/pa9/physicalai-lv1-assignments/lv1_module2_student/ros2_ws/install/turtle_interfaces/include/turtle_interfaces/turtle_interfaces/action/detail/draw_polygon__type_support.hpp
[4.066s] -- Symlinking: /home/pa9/physicalai-lv1-assignments/lv1_module2_student/ros2_ws/install/turtle_interfaces/include/turtle_interfaces/turtle_interfaces/action/draw_polygon.hpp
[4.071s] -- Symlinking: /home/pa9/physicalai-lv1-assignments/lv1_module2_student/ros2_ws/install/turtle_interfaces/include/turtle_interfaces/turtle_interfaces/msg/detail/waypoint__builder.hpp
[4.075s] -- Symlinking: /home/pa9/physicalai-lv1-assignments/lv1_module2_student/ros2_ws/install/turtle_interfaces/include/turtle_interfaces/turtle_interfaces/msg/detail/waypoint__struct.hpp
[4.079s] -- Symlinking: /home/pa9/physicalai-lv1-assignments/lv1_module2_student/ros2_ws/install/turtle_interfaces/include/turtle_interfaces/turtle_interfaces/msg/detail/waypoint__traits.hpp
[4.083s] -- Symlinking: /home/pa9/physicalai-lv1-assignments/lv1_module2_student/ros2_ws/install/turtle_interfaces/include/turtle_interfaces/turtle_interfaces/msg/detail/waypoint__type_support.hpp
[4.088s] -- Symlinking: /home/pa9/physicalai-lv1-assignments/lv1_module2_student/ros2_ws/install/turtle_interfaces/include/turtle_interfaces/turtle_interfaces/msg/detail/waypoint_list__builder.hpp
[4.092s] -- Symlinking: /home/pa9/physicalai-lv1-assignments/lv1_module2_student/ros2_ws/install/turtle_interfaces/include/turtle_interfaces/turtle_interfaces/msg/detail/waypoint_list__struct.hpp
[4.097s] -- Symlinking: /home/pa9/physicalai-lv1-assignments/lv1_module2_student/ros2_ws/install/turtle_interfaces/include/turtle_interfaces/turtle_interfaces/msg/detail/waypoint_list__traits.hpp
[4.101s] -- Symlinking: /home/pa9/physicalai-lv1-assignments/lv1_module2_student/ros2_ws/install/turtle_interfaces/include/turtle_interfaces/turtle_interfaces/msg/detail/waypoint_list__type_support.hpp
[4.105s] -- Symlinking: /home/pa9/physicalai-lv1-assignments/lv1_module2_student/ros2_ws/install/turtle_interfaces/include/turtle_interfaces/turtle_interfaces/msg/rosidl_generator_cpp__visibility_control.hpp
[4.110s] -- Symlinking: /home/pa9/physicalai-lv1-assignments/lv1_module2_student/ros2_ws/install/turtle_interfaces/include/turtle_interfaces/turtle_interfaces/msg/waypoint.hpp
[4.114s] -- Symlinking: /home/pa9/physicalai-lv1-assignments/lv1_module2_student/ros2_ws/install/turtle_interfaces/include/turtle_interfaces/turtle_interfaces/msg/waypoint_list.hpp
[4.119s] -- Symlinking: /home/pa9/physicalai-lv1-assignments/lv1_module2_student/ros2_ws/install/turtle_interfaces/include/turtle_interfaces/turtle_interfaces/srv/detail/set_gain__builder.hpp
[4.124s] -- Symlinking: /home/pa9/physicalai-lv1-assignments/lv1_module2_student/ros2_ws/install/turtle_interfaces/include/turtle_interfaces/turtle_interfaces/srv/detail/set_gain__struct.hpp
[4.128s] -- Symlinking: /home/pa9/physicalai-lv1-assignments/lv1_module2_student/ros2_ws/install/turtle_interfaces/include/turtle_interfaces/turtle_interfaces/srv/detail/set_gain__traits.hpp
[4.133s] -- Symlinking: /home/pa9/physicalai-lv1-assignments/lv1_module2_student/ros2_ws/install/turtle_interfaces/include/turtle_interfaces/turtle_interfaces/srv/detail/set_gain__type_support.hpp
[4.137s] -- Symlinking: /home/pa9/physicalai-lv1-assignments/lv1_module2_student/ros2_ws/install/turtle_interfaces/include/turtle_interfaces/turtle_interfaces/srv/set_gain.hpp
[4.143s] -- Symlinking: /home/pa9/physicalai-lv1-assignments/lv1_module2_student/ros2_ws/install/turtle_interfaces/include/turtle_interfaces/turtle_interfaces/action/detail/draw_polygon__rosidl_typesupport_fastrtps_cpp.hpp
[4.148s] -- Symlinking: /home/pa9/physicalai-lv1-assignments/lv1_module2_student/ros2_ws/install/turtle_interfaces/include/turtle_interfaces/turtle_interfaces/msg/detail/waypoint__rosidl_typesupport_fastrtps_cpp.hpp
[4.152s] -- Symlinking: /home/pa9/physicalai-lv1-assignments/lv1_module2_student/ros2_ws/install/turtle_interfaces/include/turtle_interfaces/turtle_interfaces/msg/detail/waypoint_list__rosidl_typesupport_fastrtps_cpp.hpp
[4.157s] -- Symlinking: /home/pa9/physicalai-lv1-assignments/lv1_module2_student/ros2_ws/install/turtle_interfaces/include/turtle_interfaces/turtle_interfaces/msg/rosidl_typesupport_fastrtps_cpp__visibility_control.h
[4.161s] -- Symlinking: /home/pa9/physicalai-lv1-assignments/lv1_module2_student/ros2_ws/install/turtle_interfaces/include/turtle_interfaces/turtle_interfaces/srv/detail/set_gain__rosidl_typesupport_fastrtps_cpp.hpp
[4.171s] -- Symlinking: /home/pa9/physicalai-lv1-assignments/lv1_module2_student/ros2_ws/install/turtle_interfaces/include/turtle_interfaces/turtle_interfaces/action/detail/draw_polygon__rosidl_typesupport_introspection_cpp.hpp
[4.174s] -- Symlinking: /home/pa9/physicalai-lv1-assignments/lv1_module2_student/ros2_ws/install/turtle_interfaces/include/turtle_interfaces/turtle_interfaces/msg/detail/waypoint__rosidl_typesupport_introspection_cpp.hpp
[4.179s] -- Symlinking: /home/pa9/physicalai-lv1-assignments/lv1_module2_student/ros2_ws/install/turtle_interfaces/include/turtle_interfaces/turtle_interfaces/msg/detail/waypoint_list__rosidl_typesupport_introspection_cpp.hpp
[4.184s] -- Symlinking: /home/pa9/physicalai-lv1-assignments/lv1_module2_student/ros2_ws/install/turtle_interfaces/include/turtle_interfaces/turtle_interfaces/srv/detail/set_gain__rosidl_typesupport_introspection_cpp.hpp
[4.190s] -- Symlinking: /home/pa9/physicalai-lv1-assignments/lv1_module2_student/ros2_ws/install/turtle_interfaces/share/turtle_interfaces/environment/pythonpath.sh
[4.196s] -- Symlinking: /home/pa9/physicalai-lv1-assignments/lv1_module2_student/ros2_ws/install/turtle_interfaces/share/turtle_interfaces/environment/pythonpath.dsv
[4.201s] -- Symlinking: /home/pa9/physicalai-lv1-assignments/lv1_module2_student/ros2_ws/install/turtle_interfaces/local/lib/python3.10/dist-packages/turtle_interfaces-0.1.0-py3.10.egg-info/PKG-INFO
[4.206s] -- Symlinking: /home/pa9/physicalai-lv1-assignments/lv1_module2_student/ros2_ws/install/turtle_interfaces/local/lib/python3.10/dist-packages/turtle_interfaces-0.1.0-py3.10.egg-info/SOURCES.txt
[4.212s] -- Symlinking: /home/pa9/physicalai-lv1-assignments/lv1_module2_student/ros2_ws/install/turtle_interfaces/local/lib/python3.10/dist-packages/turtle_interfaces-0.1.0-py3.10.egg-info/dependency_links.txt
[4.217s] -- Symlinking: /home/pa9/physicalai-lv1-assignments/lv1_module2_student/ros2_ws/install/turtle_interfaces/local/lib/python3.10/dist-packages/turtle_interfaces-0.1.0-py3.10.egg-info/top_level.txt
[4.222s] -- Symlinking: /home/pa9/physicalai-lv1-assignments/lv1_module2_student/ros2_ws/install/turtle_interfaces/local/lib/python3.10/dist-packages/turtle_interfaces/__init__.py
[4.228s] -- Symlinking: /home/pa9/physicalai-lv1-assignments/lv1_module2_student/ros2_ws/install/turtle_interfaces/local/lib/python3.10/dist-packages/turtle_interfaces/_turtle_interfaces_s.ep.rosidl_typesupport_c.c
[4.233s] -- Symlinking: /home/pa9/physicalai-lv1-assignments/lv1_module2_student/ros2_ws/install/turtle_interfaces/local/lib/python3.10/dist-packages/turtle_interfaces/_turtle_interfaces_s.ep.rosidl_typesupport_fastrtps_c.c
[4.239s] -- Symlinking: /home/pa9/physicalai-lv1-assignments/lv1_module2_student/ros2_ws/install/turtle_interfaces/local/lib/python3.10/dist-packages/turtle_interfaces/_turtle_interfaces_s.ep.rosidl_typesupport_introspection_c.c
[4.249s] -- Symlinking: /home/pa9/physicalai-lv1-assignments/lv1_module2_student/ros2_ws/install/turtle_interfaces/local/lib/python3.10/dist-packages/turtle_interfaces/action/__init__.py
[4.254s] -- Symlinking: /home/pa9/physicalai-lv1-assignments/lv1_module2_student/ros2_ws/install/turtle_interfaces/local/lib/python3.10/dist-packages/turtle_interfaces/action/_draw_polygon.py
[4.261s] -- Symlinking: /home/pa9/physicalai-lv1-assignments/lv1_module2_student/ros2_ws/install/turtle_interfaces/local/lib/python3.10/dist-packages/turtle_interfaces/action/_draw_polygon_s.c
[4.265s] -- Symlinking: /home/pa9/physicalai-lv1-assignments/lv1_module2_student/ros2_ws/install/turtle_interfaces/local/lib/python3.10/dist-packages/turtle_interfaces/libturtle_interfaces__rosidl_generator_py.so
[4.271s] -- Symlinking: /home/pa9/physicalai-lv1-assignments/lv1_module2_student/ros2_ws/install/turtle_interfaces/local/lib/python3.10/dist-packages/turtle_interfaces/msg/__init__.py
[4.277s] -- Symlinking: /home/pa9/physicalai-lv1-assignments/lv1_module2_student/ros2_ws/install/turtle_interfaces/local/lib/python3.10/dist-packages/turtle_interfaces/msg/_waypoint.py
[4.282s] -- Symlinking: /home/pa9/physicalai-lv1-assignments/lv1_module2_student/ros2_ws/install/turtle_interfaces/local/lib/python3.10/dist-packages/turtle_interfaces/msg/_waypoint_list.py
[4.287s] -- Symlinking: /home/pa9/physicalai-lv1-assignments/lv1_module2_student/ros2_ws/install/turtle_interfaces/local/lib/python3.10/dist-packages/turtle_interfaces/msg/_waypoint_list_s.c
[4.292s] -- Symlinking: /home/pa9/physicalai-lv1-assignments/lv1_module2_student/ros2_ws/install/turtle_interfaces/local/lib/python3.10/dist-packages/turtle_interfaces/msg/_waypoint_s.c
[4.297s] -- Symlinking: /home/pa9/physicalai-lv1-assignments/lv1_module2_student/ros2_ws/install/turtle_interfaces/local/lib/python3.10/dist-packages/turtle_interfaces/srv/__init__.py
[4.303s] -- Symlinking: /home/pa9/physicalai-lv1-assignments/lv1_module2_student/ros2_ws/install/turtle_interfaces/local/lib/python3.10/dist-packages/turtle_interfaces/srv/_set_gain.py
[4.308s] -- Symlinking: /home/pa9/physicalai-lv1-assignments/lv1_module2_student/ros2_ws/install/turtle_interfaces/local/lib/python3.10/dist-packages/turtle_interfaces/srv/_set_gain_s.c
[4.312s] -- Symlinking: /home/pa9/physicalai-lv1-assignments/lv1_module2_student/ros2_ws/install/turtle_interfaces/local/lib/python3.10/dist-packages/turtle_interfaces/turtle_interfaces_s__rosidl_typesupport_c.cpython-310-x86_64-linux-gnu.so
[4.317s] -- Symlinking: /home/pa9/physicalai-lv1-assignments/lv1_module2_student/ros2_ws/install/turtle_interfaces/local/lib/python3.10/dist-packages/turtle_interfaces/turtle_interfaces_s__rosidl_typesupport_fastrtps_c.cpython-310-x86_64-linux-gnu.so
[4.322s] -- Symlinking: /home/pa9/physicalai-lv1-assignments/lv1_module2_student/ros2_ws/install/turtle_interfaces/local/lib/python3.10/dist-packages/turtle_interfaces/turtle_interfaces_s__rosidl_typesupport_introspection_c.cpython-310-x86_64-linux-gnu.so
[4.327s] -- Up-to-date symlink: /home/pa9/physicalai-lv1-assignments/lv1_module2_student/ros2_ws/install/turtle_interfaces/local/lib/python3.10/dist-packages/turtle_interfaces/turtle_interfaces_s__rosidl_typesupport_fastrtps_c.cpython-310-x86_64-linux-gnu.so
[4.327s] -- Up-to-date symlink: /home/pa9/physicalai-lv1-assignments/lv1_module2_student/ros2_ws/install/turtle_interfaces/local/lib/python3.10/dist-packages/turtle_interfaces/turtle_interfaces_s__rosidl_typesupport_introspection_c.cpython-310-x86_64-linux-gnu.so
[4.327s] -- Up-to-date symlink: /home/pa9/physicalai-lv1-assignments/lv1_module2_student/ros2_ws/install/turtle_interfaces/local/lib/python3.10/dist-packages/turtle_interfaces/turtle_interfaces_s__rosidl_typesupport_c.cpython-310-x86_64-linux-gnu.so
[4.327s] -- Symlinking: /home/pa9/physicalai-lv1-assignments/lv1_module2_student/ros2_ws/install/turtle_interfaces/share/ament_index/resource_index/rust_packages/turtle_interfaces
[4.332s] -- Symlinking: /home/pa9/physicalai-lv1-assignments/lv1_module2_student/ros2_ws/install/turtle_interfaces/share/turtle_interfaces/rust/Cargo.toml
[4.336s] -- Symlinking: /home/pa9/physicalai-lv1-assignments/lv1_module2_student/ros2_ws/install/turtle_interfaces/share/turtle_interfaces/rust/build.rs
[4.340s] -- Symlinking: /home/pa9/physicalai-lv1-assignments/lv1_module2_student/ros2_ws/install/turtle_interfaces/share/turtle_interfaces/rust/src/action.rs
[4.345s] -- Symlinking: /home/pa9/physicalai-lv1-assignments/lv1_module2_student/ros2_ws/install/turtle_interfaces/share/turtle_interfaces/rust/src/action/rmw.rs
[4.349s] -- Symlinking: /home/pa9/physicalai-lv1-assignments/lv1_module2_student/ros2_ws/install/turtle_interfaces/share/turtle_interfaces/rust/src/lib.rs
[4.353s] -- Symlinking: /home/pa9/physicalai-lv1-assignments/lv1_module2_student/ros2_ws/install/turtle_interfaces/share/turtle_interfaces/rust/src/msg.rs
[4.358s] -- Symlinking: /home/pa9/physicalai-lv1-assignments/lv1_module2_student/ros2_ws/install/turtle_interfaces/share/turtle_interfaces/rust/src/msg/rmw.rs
[4.362s] -- Symlinking: /home/pa9/physicalai-lv1-assignments/lv1_module2_student/ros2_ws/install/turtle_interfaces/share/turtle_interfaces/rust/src/srv.rs
[4.367s] -- Symlinking: /home/pa9/physicalai-lv1-assignments/lv1_module2_student/ros2_ws/install/turtle_interfaces/share/turtle_interfaces/rust/src/srv/rmw.rs
[4.371s] -- Symlinking: /home/pa9/physicalai-lv1-assignments/lv1_module2_student/ros2_ws/install/turtle_interfaces/share/turtle_interfaces/msg/Waypoint.idl
[4.374s] -- Symlinking: /home/pa9/physicalai-lv1-assignments/lv1_module2_student/ros2_ws/install/turtle_interfaces/share/turtle_interfaces/msg/WaypointList.idl
[4.379s] -- Symlinking: /home/pa9/physicalai-lv1-assignments/lv1_module2_student/ros2_ws/install/turtle_interfaces/share/turtle_interfaces/srv/SetGain.idl
[4.382s] -- Symlinking: /home/pa9/physicalai-lv1-assignments/lv1_module2_student/ros2_ws/install/turtle_interfaces/share/turtle_interfaces/action/DrawPolygon.idl
[4.387s] -- Symlinking: /home/pa9/physicalai-lv1-assignments/lv1_module2_student/ros2_ws/install/turtle_interfaces/share/turtle_interfaces/msg/Waypoint.msg
[4.391s] -- Symlinking: /home/pa9/physicalai-lv1-assignments/lv1_module2_student/ros2_ws/install/turtle_interfaces/share/turtle_interfaces/msg/WaypointList.msg
[4.396s] -- Symlinking: /home/pa9/physicalai-lv1-assignments/lv1_module2_student/ros2_ws/install/turtle_interfaces/share/turtle_interfaces/srv/SetGain.srv
[4.401s] -- Symlinking: /home/pa9/physicalai-lv1-assignments/lv1_module2_student/ros2_ws/install/turtle_interfaces/share/turtle_interfaces/srv/SetGain_Request.msg
[4.405s] -- Symlinking: /home/pa9/physicalai-lv1-assignments/lv1_module2_student/ros2_ws/install/turtle_interfaces/share/turtle_interfaces/srv/SetGain_Response.msg
[4.409s] -- Symlinking: /home/pa9/physicalai-lv1-assignments/lv1_module2_student/ros2_ws/install/turtle_interfaces/share/turtle_interfaces/action/DrawPolygon.action
[4.413s] -- Symlinking: /home/pa9/physicalai-lv1-assignments/lv1_module2_student/ros2_ws/install/turtle_interfaces/share/ament_index/resource_index/package_run_dependencies/turtle_interfaces
[4.417s] -- Symlinking: /home/pa9/physicalai-lv1-assignments/lv1_module2_student/ros2_ws/install/turtle_interfaces/share/ament_index/resource_index/parent_prefix_path/turtle_interfaces
[4.421s] -- Symlinking: /home/pa9/physicalai-lv1-assignments/lv1_module2_student/ros2_ws/install/turtle_interfaces/share/turtle_interfaces/environment/ament_prefix_path.sh
[4.425s] -- Symlinking: /home/pa9/physicalai-lv1-assignments/lv1_module2_student/ros2_ws/install/turtle_interfaces/share/turtle_interfaces/environment/ament_prefix_path.dsv
[4.431s] -- Symlinking: /home/pa9/physicalai-lv1-assignments/lv1_module2_student/ros2_ws/install/turtle_interfaces/share/turtle_interfaces/environment/path.sh
[4.435s] -- Symlinking: /home/pa9/physicalai-lv1-assignments/lv1_module2_student/ros2_ws/install/turtle_interfaces/share/turtle_interfaces/environment/path.dsv
[4.440s] -- Symlinking: /home/pa9/physicalai-lv1-assignments/lv1_module2_student/ros2_ws/install/turtle_interfaces/share/turtle_interfaces/local_setup.bash
[4.444s] -- Symlinking: /home/pa9/physicalai-lv1-assignments/lv1_module2_student/ros2_ws/install/turtle_interfaces/share/turtle_interfaces/local_setup.sh
[4.450s] -- Symlinking: /home/pa9/physicalai-lv1-assignments/lv1_module2_student/ros2_ws/install/turtle_interfaces/share/turtle_interfaces/local_setup.zsh
[4.455s] -- Symlinking: /home/pa9/physicalai-lv1-assignments/lv1_module2_student/ros2_ws/install/turtle_interfaces/share/turtle_interfaces/local_setup.dsv
[4.460s] -- Symlinking: /home/pa9/physicalai-lv1-assignments/lv1_module2_student/ros2_ws/install/turtle_interfaces/share/turtle_interfaces/package.dsv
[4.465s] -- Symlinking: /home/pa9/physicalai-lv1-assignments/lv1_module2_student/ros2_ws/install/turtle_interfaces/share/ament_index/resource_index/packages/turtle_interfaces
[4.470s] -- Symlinking: /home/pa9/physicalai-lv1-assignments/lv1_module2_student/ros2_ws/install/turtle_interfaces/share/turtle_interfaces/cmake/rosidl_cmake-extras.cmake
[4.474s] -- Symlinking: /home/pa9/physicalai-lv1-assignments/lv1_module2_student/ros2_ws/install/turtle_interfaces/share/turtle_interfaces/cmake/ament_cmake_export_dependencies-extras.cmake
[4.479s] -- Symlinking: /home/pa9/physicalai-lv1-assignments/lv1_module2_student/ros2_ws/install/turtle_interfaces/share/turtle_interfaces/cmake/ament_cmake_export_include_directories-extras.cmake
[4.483s] -- Symlinking: /home/pa9/physicalai-lv1-assignments/lv1_module2_student/ros2_ws/install/turtle_interfaces/share/turtle_interfaces/cmake/ament_cmake_export_libraries-extras.cmake
[4.487s] -- Symlinking: /home/pa9/physicalai-lv1-assignments/lv1_module2_student/ros2_ws/install/turtle_interfaces/share/turtle_interfaces/cmake/ament_cmake_export_targets-extras.cmake
[4.491s] -- Symlinking: /home/pa9/physicalai-lv1-assignments/lv1_module2_student/ros2_ws/install/turtle_interfaces/share/turtle_interfaces/cmake/rosidl_cmake_export_typesupport_targets-extras.cmake
[4.495s] -- Symlinking: /home/pa9/physicalai-lv1-assignments/lv1_module2_student/ros2_ws/install/turtle_interfaces/share/turtle_interfaces/cmake/rosidl_cmake_export_typesupport_libraries-extras.cmake
[4.502s] -- Symlinking: /home/pa9/physicalai-lv1-assignments/lv1_module2_student/ros2_ws/install/turtle_interfaces/share/turtle_interfaces/cmake/rosidl_cmake_aggregate_target-extras.cmake
[4.506s] -- Symlinking: /home/pa9/physicalai-lv1-assignments/lv1_module2_student/ros2_ws/install/turtle_interfaces/share/turtle_interfaces/cmake/turtle_interfacesConfig.cmake
[4.510s] -- Symlinking: /home/pa9/physicalai-lv1-assignments/lv1_module2_student/ros2_ws/install/turtle_interfaces/share/turtle_interfaces/cmake/turtle_interfacesConfig-version.cmake
[4.514s] -- Symlinking: /home/pa9/physicalai-lv1-assignments/lv1_module2_student/ros2_ws/install/turtle_interfaces/share/turtle_interfaces/package.xml
[4.520s] -- Installing: /home/pa9/physicalai-lv1-assignments/lv1_module2_student/ros2_ws/install/turtle_interfaces/lib/libturtle_interfaces__rosidl_generator_c.so
[4.520s] -- Set runtime path of "/home/pa9/physicalai-lv1-assignments/lv1_module2_student/ros2_ws/install/turtle_interfaces/lib/libturtle_interfaces__rosidl_generator_c.so" to ""
[4.520s] -- Installing: /home/pa9/physicalai-lv1-assignments/lv1_module2_student/ros2_ws/install/turtle_interfaces/lib/libturtle_interfaces__rosidl_typesupport_fastrtps_c.so
[4.520s] -- Set runtime path of "/home/pa9/physicalai-lv1-assignments/lv1_module2_student/ros2_ws/install/turtle_interfaces/lib/libturtle_interfaces__rosidl_typesupport_fastrtps_c.so" to ""
[4.520s] -- Installing: /home/pa9/physicalai-lv1-assignments/lv1_module2_student/ros2_ws/install/turtle_interfaces/lib/libturtle_interfaces__rosidl_typesupport_introspection_c.so
[4.520s] -- Set runtime path of "/home/pa9/physicalai-lv1-assignments/lv1_module2_student/ros2_ws/install/turtle_interfaces/lib/libturtle_interfaces__rosidl_typesupport_introspection_c.so" to ""
[4.520s] -- Installing: /home/pa9/physicalai-lv1-assignments/lv1_module2_student/ros2_ws/install/turtle_interfaces/lib/libturtle_interfaces__rosidl_typesupport_c.so
[4.520s] -- Set runtime path of "/home/pa9/physicalai-lv1-assignments/lv1_module2_student/ros2_ws/install/turtle_interfaces/lib/libturtle_interfaces__rosidl_typesupport_c.so" to ""
[4.520s] -- Installing: /home/pa9/physicalai-lv1-assignments/lv1_module2_student/ros2_ws/install/turtle_interfaces/lib/libturtle_interfaces__rosidl_typesupport_fastrtps_cpp.so
[4.520s] -- Set runtime path of "/home/pa9/physicalai-lv1-assignments/lv1_module2_student/ros2_ws/install/turtle_interfaces/lib/libturtle_interfaces__rosidl_typesupport_fastrtps_cpp.so" to ""
[4.520s] -- Installing: /home/pa9/physicalai-lv1-assignments/lv1_module2_student/ros2_ws/install/turtle_interfaces/lib/libturtle_interfaces__rosidl_typesupport_introspection_cpp.so
[4.521s] -- Set runtime path of "/home/pa9/physicalai-lv1-assignments/lv1_module2_student/ros2_ws/install/turtle_interfaces/lib/libturtle_interfaces__rosidl_typesupport_introspection_cpp.so" to ""
[4.521s] -- Installing: /home/pa9/physicalai-lv1-assignments/lv1_module2_student/ros2_ws/install/turtle_interfaces/lib/libturtle_interfaces__rosidl_typesupport_cpp.so
[4.521s] -- Set runtime path of "/home/pa9/physicalai-lv1-assignments/lv1_module2_student/ros2_ws/install/turtle_interfaces/lib/libturtle_interfaces__rosidl_typesupport_cpp.so" to ""
[4.543s] Listing '/home/pa9/physicalai-lv1-assignments/lv1_module2_student/ros2_ws/install/turtle_interfaces/local/lib/python3.10/dist-packages/turtle_interfaces'...
[4.543s] Compiling '/home/pa9/physicalai-lv1-assignments/lv1_module2_student/ros2_ws/install/turtle_interfaces/local/lib/python3.10/dist-packages/turtle_interfaces/__init__.py'...
[4.544s] Listing '/home/pa9/physicalai-lv1-assignments/lv1_module2_student/ros2_ws/install/turtle_interfaces/local/lib/python3.10/dist-packages/turtle_interfaces/action'...
[4.544s] Compiling '/home/pa9/physicalai-lv1-assignments/lv1_module2_student/ros2_ws/install/turtle_interfaces/local/lib/python3.10/dist-packages/turtle_interfaces/action/__init__.py'...
[4.544s] Compiling '/home/pa9/physicalai-lv1-assignments/lv1_module2_student/ros2_ws/install/turtle_interfaces/local/lib/python3.10/dist-packages/turtle_interfaces/action/_draw_polygon.py'...
[4.544s] Listing '/home/pa9/physicalai-lv1-assignments/lv1_module2_student/ros2_ws/install/turtle_interfaces/local/lib/python3.10/dist-packages/turtle_interfaces/msg'...
[4.544s] Compiling '/home/pa9/physicalai-lv1-assignments/lv1_module2_student/ros2_ws/install/turtle_interfaces/local/lib/python3.10/dist-packages/turtle_interfaces/msg/__init__.py'...
[4.544s] Compiling '/home/pa9/physicalai-lv1-assignments/lv1_module2_student/ros2_ws/install/turtle_interfaces/local/lib/python3.10/dist-packages/turtle_interfaces/msg/_waypoint.py'...
[4.544s] Compiling '/home/pa9/physicalai-lv1-assignments/lv1_module2_student/ros2_ws/install/turtle_interfaces/local/lib/python3.10/dist-packages/turtle_interfaces/msg/_waypoint_list.py'...
[4.544s] Listing '/home/pa9/physicalai-lv1-assignments/lv1_module2_student/ros2_ws/install/turtle_interfaces/local/lib/python3.10/dist-packages/turtle_interfaces/srv'...
[4.544s] Compiling '/home/pa9/physicalai-lv1-assignments/lv1_module2_student/ros2_ws/install/turtle_interfaces/local/lib/python3.10/dist-packages/turtle_interfaces/srv/__init__.py'...
[4.544s] Compiling '/home/pa9/physicalai-lv1-assignments/lv1_module2_student/ros2_ws/install/turtle_interfaces/local/lib/python3.10/dist-packages/turtle_interfaces/srv/_set_gain.py'...
[4.545s] -- Installing: /home/pa9/physicalai-lv1-assignments/lv1_module2_student/ros2_ws/install/turtle_interfaces/lib/libturtle_interfaces__rosidl_generator_py.so
[4.545s] -- Set runtime path of "/home/pa9/physicalai-lv1-assignments/lv1_module2_student/ros2_ws/install/turtle_interfaces/lib/libturtle_interfaces__rosidl_generator_py.so" to ""
[4.545s] -- Installing: /home/pa9/physicalai-lv1-assignments/lv1_module2_student/ros2_ws/install/turtle_interfaces/share/turtle_interfaces/cmake/export_turtle_interfaces__rosidl_generator_cExport.cmake
[4.545s] -- Installing: /home/pa9/physicalai-lv1-assignments/lv1_module2_student/ros2_ws/install/turtle_interfaces/share/turtle_interfaces/cmake/export_turtle_interfaces__rosidl_generator_cExport-noconfig.cmake
[4.545s] -- Installing: /home/pa9/physicalai-lv1-assignments/lv1_module2_student/ros2_ws/install/turtle_interfaces/share/turtle_interfaces/cmake/export_turtle_interfaces__rosidl_typesupport_fastrtps_cExport.cmake
[4.546s] -- Installing: /home/pa9/physicalai-lv1-assignments/lv1_module2_student/ros2_ws/install/turtle_interfaces/share/turtle_interfaces/cmake/export_turtle_interfaces__rosidl_typesupport_fastrtps_cExport-noconfig.cmake
[4.546s] -- Installing: /home/pa9/physicalai-lv1-assignments/lv1_module2_student/ros2_ws/install/turtle_interfaces/share/turtle_interfaces/cmake/turtle_interfaces__rosidl_typesupport_introspection_cExport.cmake
[4.546s] -- Installing: /home/pa9/physicalai-lv1-assignments/lv1_module2_student/ros2_ws/install/turtle_interfaces/share/turtle_interfaces/cmake/turtle_interfaces__rosidl_typesupport_introspection_cExport-noconfig.cmake
[4.546s] -- Installing: /home/pa9/physicalai-lv1-assignments/lv1_module2_student/ros2_ws/install/turtle_interfaces/share/turtle_interfaces/cmake/turtle_interfaces__rosidl_typesupport_cExport.cmake
[4.546s] -- Installing: /home/pa9/physicalai-lv1-assignments/lv1_module2_student/ros2_ws/install/turtle_interfaces/share/turtle_interfaces/cmake/turtle_interfaces__rosidl_typesupport_cExport-noconfig.cmake
[4.547s] -- Installing: /home/pa9/physicalai-lv1-assignments/lv1_module2_student/ros2_ws/install/turtle_interfaces/share/turtle_interfaces/cmake/export_turtle_interfaces__rosidl_generator_cppExport.cmake
[4.547s] -- Installing: /home/pa9/physicalai-lv1-assignments/lv1_module2_student/ros2_ws/install/turtle_interfaces/share/turtle_interfaces/cmake/export_turtle_interfaces__rosidl_typesupport_fastrtps_cppExport.cmake
[4.547s] -- Installing: /home/pa9/physicalai-lv1-assignments/lv1_module2_student/ros2_ws/install/turtle_interfaces/share/turtle_interfaces/cmake/export_turtle_interfaces__rosidl_typesupport_fastrtps_cppExport-noconfig.cmake
[4.547s] -- Installing: /home/pa9/physicalai-lv1-assignments/lv1_module2_student/ros2_ws/install/turtle_interfaces/share/turtle_interfaces/cmake/turtle_interfaces__rosidl_typesupport_introspection_cppExport.cmake
[4.547s] -- Installing: /home/pa9/physicalai-lv1-assignments/lv1_module2_student/ros2_ws/install/turtle_interfaces/share/turtle_interfaces/cmake/turtle_interfaces__rosidl_typesupport_introspection_cppExport-noconfig.cmake
[4.547s] -- Installing: /home/pa9/physicalai-lv1-assignments/lv1_module2_student/ros2_ws/install/turtle_interfaces/share/turtle_interfaces/cmake/turtle_interfaces__rosidl_typesupport_cppExport.cmake
[4.547s] -- Installing: /home/pa9/physicalai-lv1-assignments/lv1_module2_student/ros2_ws/install/turtle_interfaces/share/turtle_interfaces/cmake/turtle_interfaces__rosidl_typesupport_cppExport-noconfig.cmake
[4.547s] -- Installing: /home/pa9/physicalai-lv1-assignments/lv1_module2_student/ros2_ws/install/turtle_interfaces/share/turtle_interfaces/cmake/export_turtle_interfaces__rosidl_generator_pyExport.cmake
[4.547s] -- Installing: /home/pa9/physicalai-lv1-assignments/lv1_module2_student/ros2_ws/install/turtle_interfaces/share/turtle_interfaces/cmake/export_turtle_interfaces__rosidl_generator_pyExport-noconfig.cmake
[4.548s] Invoked command in '/home/pa9/physicalai-lv1-assignments/lv1_module2_student/ros2_ws/build/turtle_interfaces' returned '0': CMAKE_PREFIX_PATH=${CMAKE_PREFIX_PATH}:/home/pa9/ros2_ws/install/turtlebot3_teleop:/home/pa9/ros2_ws/install/turtlebot3_example:/home/pa9/ros2_ws/install/demo_py_pkg:/opt/ros/humble /usr/bin/cmake --install /home/pa9/physicalai-lv1-assignments/lv1_module2_student/ros2_ws/build/turtle_interfaces
