[0.244s] Invoking command in '/home/pa9/physicalai-lv1-assignments/lv1_module2_student/ros2_ws/build/turtle_py': PYTHONPATH=/home/pa9/physicalai-lv1-assignments/lv1_module2_student/ros2_ws/build/turtle_py/prefix_override:/usr/lib/python3/dist-packages/colcon_core/task/python/colcon_distutils_commands:/home/pa9/physicalai-lv1-assignments/lv1_module2_student/ros2_ws/install/turtle_py/lib/python3.10/site-packages:${PYTHONPATH} /usr/bin/python3 -W ignore:setup.py install is deprecated -W ignore:easy_install command is deprecated setup.py develop --uninstall --editable --build-directory /home/pa9/physicalai-lv1-assignments/lv1_module2_student/ros2_ws/build/turtle_py/build
[0.344s] running develop
[0.410s] Removing /home/pa9/physicalai-lv1-assignments/lv1_module2_student/ros2_ws/install/turtle_py/lib/python3.10/site-packages/turtle-py.egg-link (link to .)
[0.420s] Invoked command in '/home/pa9/physicalai-lv1-assignments/lv1_module2_student/ros2_ws/build/turtle_py' returned '0': PYTHONPATH=/home/pa9/physicalai-lv1-assignments/lv1_module2_student/ros2_ws/build/turtle_py/prefix_override:/usr/lib/python3/dist-packages/colcon_core/task/python/colcon_distutils_commands:/home/pa9/physicalai-lv1-assignments/lv1_module2_student/ros2_ws/install/turtle_py/lib/python3.10/site-packages:${PYTHONPATH} /usr/bin/python3 -W ignore:setup.py install is deprecated -W ignore:easy_install command is deprecated setup.py develop --uninstall --editable --build-directory /home/pa9/physicalai-lv1-assignments/lv1_module2_student/ros2_ws/build/turtle_py/build
[0.420s] Invoking command in '/home/pa9/physicalai-lv1-assignments/lv1_module2_student/ros2_ws/src/turtle_py': PYTHONPATH=/home/pa9/physicalai-lv1-assignments/lv1_module2_student/ros2_ws/build/turtle_py/prefix_override:/usr/lib/python3/dist-packages/colcon_core/task/python/colcon_distutils_commands:/home/pa9/physicalai-lv1-assignments/lv1_module2_student/ros2_ws/install/turtle_py/lib/python3.10/site-packages:${PYTHONPATH} /usr/bin/python3 -W ignore:setup.py install is deprecated -W ignore:easy_install command is deprecated setup.py egg_info --egg-base ../../build/turtle_py build --build-base /home/pa9/physicalai-lv1-assignments/lv1_module2_student/ros2_ws/build/turtle_py/build install --record /home/pa9/physicalai-lv1-assignments/lv1_module2_student/ros2_ws/build/turtle_py/install.log --install-scripts $base/lib/turtle_py --single-version-externally-managed install_data --force
[0.514s] running egg_info
[0.515s] writing ../../build/turtle_py/turtle_py.egg-info/PKG-INFO
[0.515s] writing dependency_links to ../../build/turtle_py/turtle_py.egg-info/dependency_links.txt
[0.515s] writing entry points to ../../build/turtle_py/turtle_py.egg-info/entry_points.txt
[0.515s] writing requirements to ../../build/turtle_py/turtle_py.egg-info/requires.txt
[0.515s] writing top-level names to ../../build/turtle_py/turtle_py.egg-info/top_level.txt
[0.515s] reading manifest file '../../build/turtle_py/turtle_py.egg-info/SOURCES.txt'
[0.516s] writing manifest file '../../build/turtle_py/turtle_py.egg-info/SOURCES.txt'
[0.516s] running build
[0.516s] running build_py
[0.516s] copying turtle_py/subscribe_pose.py -> /home/pa9/physicalai-lv1-assignments/lv1_module2_student/ros2_ws/build/turtle_py/build/lib/turtle_py
[0.516s] copying turtle_py/distance_warning.py -> /home/pa9/physicalai-lv1-assignments/lv1_module2_student/ros2_ws/build/turtle_py/build/lib/turtle_py
[0.516s] copying turtle_py/square_driver.py -> /home/pa9/physicalai-lv1-assignments/lv1_module2_student/ros2_ws/build/turtle_py/build/lib/turtle_py
[0.516s] running install
[0.516s] running install_lib
[0.516s] creating /home/pa9/physicalai-lv1-assignments/lv1_module2_student/ros2_ws/install/turtle_py/lib/python3.10/site-packages/turtle_py
[0.516s] copying /home/pa9/physicalai-lv1-assignments/lv1_module2_student/ros2_ws/build/turtle_py/build/lib/turtle_py/subscribe_pose.py -> /home/pa9/physicalai-lv1-assignments/lv1_module2_student/ros2_ws/install/turtle_py/lib/python3.10/site-packages/turtle_py
[0.516s] copying /home/pa9/physicalai-lv1-assignments/lv1_module2_student/ros2_ws/build/turtle_py/build/lib/turtle_py/distance_warning.py -> /home/pa9/physicalai-lv1-assignments/lv1_module2_student/ros2_ws/install/turtle_py/lib/python3.10/site-packages/turtle_py
[0.516s] copying /home/pa9/physicalai-lv1-assignments/lv1_module2_student/ros2_ws/build/turtle_py/build/lib/turtle_py/__init__.py -> /home/pa9/physicalai-lv1-assignments/lv1_module2_student/ros2_ws/install/turtle_py/lib/python3.10/site-packages/turtle_py
[0.516s] copying /home/pa9/physicalai-lv1-assignments/lv1_module2_student/ros2_ws/build/turtle_py/build/lib/turtle_py/square_driver.py -> /home/pa9/physicalai-lv1-assignments/lv1_module2_student/ros2_ws/install/turtle_py/lib/python3.10/site-packages/turtle_py
[0.517s] byte-compiling /home/pa9/physicalai-lv1-assignments/lv1_module2_student/ros2_ws/install/turtle_py/lib/python3.10/site-packages/turtle_py/subscribe_pose.py to subscribe_pose.cpython-310.pyc
[0.517s] byte-compiling /home/pa9/physicalai-lv1-assignments/lv1_module2_student/ros2_ws/install/turtle_py/lib/python3.10/site-packages/turtle_py/distance_warning.py to distance_warning.cpython-310.pyc
[0.517s] byte-compiling /home/pa9/physicalai-lv1-assignments/lv1_module2_student/ros2_ws/install/turtle_py/lib/python3.10/site-packages/turtle_py/__init__.py to __init__.cpython-310.pyc
[0.517s] byte-compiling /home/pa9/physicalai-lv1-assignments/lv1_module2_student/ros2_ws/install/turtle_py/lib/python3.10/site-packages/turtle_py/square_driver.py to square_driver.cpython-310.pyc
[0.517s] running install_data
[0.517s] copying resource/turtle_py -> /home/pa9/physicalai-lv1-assignments/lv1_module2_student/ros2_ws/install/turtle_py/share/ament_index/resource_index/packages
[0.517s] copying package.xml -> /home/pa9/physicalai-lv1-assignments/lv1_module2_student/ros2_ws/install/turtle_py/share/turtle_py
[0.517s] running install_egg_info
[0.518s] Copying ../../build/turtle_py/turtle_py.egg-info to /home/pa9/physicalai-lv1-assignments/lv1_module2_student/ros2_ws/install/turtle_py/lib/python3.10/site-packages/turtle_py-0.0.0-py3.10.egg-info
[0.519s] running install_scripts
[0.528s] Installing distance_warning script to /home/pa9/physicalai-lv1-assignments/lv1_module2_student/ros2_ws/install/turtle_py/lib/turtle_py
[0.528s] Installing square_driver script to /home/pa9/physicalai-lv1-assignments/lv1_module2_student/ros2_ws/install/turtle_py/lib/turtle_py
[0.528s] Installing subscribe_pose script to /home/pa9/physicalai-lv1-assignments/lv1_module2_student/ros2_ws/install/turtle_py/lib/turtle_py
[0.528s] writing list of installed files to '/home/pa9/physicalai-lv1-assignments/lv1_module2_student/ros2_ws/build/turtle_py/install.log'
[0.539s] Invoked command in '/home/pa9/physicalai-lv1-assignments/lv1_module2_student/ros2_ws/src/turtle_py' returned '0': PYTHONPATH=/home/pa9/physicalai-lv1-assignments/lv1_module2_student/ros2_ws/build/turtle_py/prefix_override:/usr/lib/python3/dist-packages/colcon_core/task/python/colcon_distutils_commands:/home/pa9/physicalai-lv1-assignments/lv1_module2_student/ros2_ws/install/turtle_py/lib/python3.10/site-packages:${PYTHONPATH} /usr/bin/python3 -W ignore:setup.py install is deprecated -W ignore:easy_install command is deprecated setup.py egg_info --egg-base ../../build/turtle_py build --build-base /home/pa9/physicalai-lv1-assignments/lv1_module2_student/ros2_ws/build/turtle_py/build install --record /home/pa9/physicalai-lv1-assignments/lv1_module2_student/ros2_ws/build/turtle_py/install.log --install-scripts $base/lib/turtle_py --single-version-externally-managed install_data --force
