running develop
running egg_info
creating turtle_py.egg-info
writing turtle_py.egg-info/PKG-INFO
writing dependency_links to turtle_py.egg-info/dependency_links.txt
writing entry points to turtle_py.egg-info/entry_points.txt
writing requirements to turtle_py.egg-info/requires.txt
writing top-level names to turtle_py.egg-info/top_level.txt
writing manifest file 'turtle_py.egg-info/SOURCES.txt'
reading manifest file 'turtle_py.egg-info/SOURCES.txt'
writing manifest file 'turtle_py.egg-info/SOURCES.txt'
running build_ext
Creating /home/pa9/physicalai-lv1-assignments/lv1_module2_student/ros2_ws/install/turtle_py/lib/python3.10/site-packages/turtle-py.egg-link (link to .)
Installing builtin_service_client script to /home/pa9/physicalai-lv1-assignments/lv1_module2_student/ros2_ws/install/turtle_py/lib/turtle_py
Installing distance_warning script to /home/pa9/physicalai-lv1-assignments/lv1_module2_student/ros2_ws/install/turtle_py/lib/turtle_py
Installing polygon_action_server script to /home/pa9/physicalai-lv1-assignments/lv1_module2_student/ros2_ws/install/turtle_py/lib/turtle_py
Installing qos_sensor_publisher script to /home/pa9/physicalai-lv1-assignments/lv1_module2_student/ros2_ws/install/turtle_py/lib/turtle_py
Installing qos_subscriber script to /home/pa9/physicalai-lv1-assignments/lv1_module2_student/ros2_ws/install/turtle_py/lib/turtle_py
Installing rotate_absolute_client script to /home/pa9/physicalai-lv1-assignments/lv1_module2_student/ros2_ws/install/turtle_py/lib/turtle_py
Installing square_driver script to /home/pa9/physicalai-lv1-assignments/lv1_module2_student/ros2_ws/install/turtle_py/lib/turtle_py
Installing subscribe_pose script to /home/pa9/physicalai-lv1-assignments/lv1_module2_student/ros2_ws/install/turtle_py/lib/turtle_py
Installing waypoint_publisher script to /home/pa9/physicalai-lv1-assignments/lv1_module2_student/ros2_ws/install/turtle_py/lib/turtle_py

Installed /home/pa9/physicalai-lv1-assignments/lv1_module2_student/ros2_ws/build/turtle_py
running symlink_data
creating /home/pa9/physicalai-lv1-assignments/lv1_module2_student/ros2_ws/install/turtle_py/share/ament_index
creating /home/pa9/physicalai-lv1-assignments/lv1_module2_student/ros2_ws/install/turtle_py/share/ament_index/resource_index
creating /home/pa9/physicalai-lv1-assignments/lv1_module2_student/ros2_ws/install/turtle_py/share/ament_index/resource_index/packages
symbolically linking /home/pa9/physicalai-lv1-assignments/lv1_module2_student/ros2_ws/build/turtle_py/resource/turtle_py -> /home/pa9/physicalai-lv1-assignments/lv1_module2_student/ros2_ws/install/turtle_py/share/ament_index/resource_index/packages
symbolically linking /home/pa9/physicalai-lv1-assignments/lv1_module2_student/ros2_ws/build/turtle_py/package.xml -> /home/pa9/physicalai-lv1-assignments/lv1_module2_student/ros2_ws/install/turtle_py/share/turtle_py
creating /home/pa9/physicalai-lv1-assignments/lv1_module2_student/ros2_ws/install/turtle_py/share/turtle_py/launch
symbolically linking /home/pa9/physicalai-lv1-assignments/lv1_module2_student/ros2_ws/build/turtle_py/launch/turtle_system.launch.py -> /home/pa9/physicalai-lv1-assignments/lv1_module2_student/ros2_ws/install/turtle_py/share/turtle_py/launch
creating /home/pa9/physicalai-lv1-assignments/lv1_module2_student/ros2_ws/install/turtle_py/share/turtle_py/config
symbolically linking /home/pa9/physicalai-lv1-assignments/lv1_module2_student/ros2_ws/build/turtle_py/config/params.yaml -> /home/pa9/physicalai-lv1-assignments/lv1_module2_student/ros2_ws/install/turtle_py/share/turtle_py/config
