-- Found ament_cmake: 1.3.14 (/opt/ros/humble/share/ament_cmake/cmake)
-- Found rclcpp: 16.0.19 (/opt/ros/humble/share/rclcpp/cmake)
-- Found rosidl_generator_c: 3.1.9 (/opt/ros/humble/share/rosidl_generator_c/cmake)
-- Found rosidl_adapter: 3.1.9 (/opt/ros/humble/share/rosidl_adapter/cmake)
-- Found rosidl_generator_cpp: 3.1.9 (/opt/ros/humble/share/rosidl_generator_cpp/cmake)
-- Using all available rosidl_typesupport_c: rosidl_typesupport_fastrtps_c;rosidl_typesupport_introspection_c
-- Using all available rosidl_typesupport_cpp: rosidl_typesupport_fastrtps_cpp;rosidl_typesupport_introspection_cpp
-- Found rmw_implementation_cmake: 6.1.2 (/opt/ros/humble/share/rmw_implementation_cmake/cmake)
-- Found rmw_fastrtps_cpp: 6.2.10 (/opt/ros/humble/share/rmw_fastrtps_cpp/cmake)
-- Using RMW implementation 'rmw_fastrtps_cpp' as default
-- Found turtlesim: 1.4.3 (/opt/ros/humble/share/turtlesim/cmake)
-- Found ament_lint_auto: 0.12.15 (/opt/ros/humble/share/ament_lint_auto/cmake)
-- Added test 'cppcheck' to perform static code analysis on C / C++ code
-- Configured cppcheck include dirs: 
-- Configured cppcheck exclude dirs and/or files: 
-- Added test 'lint_cmake' to check CMake code style
-- Added test 'uncrustify' to check C / C++ code style
-- Configured uncrustify additional arguments: 
-- Added test 'xmllint' to check XML markup files
-- Configuring done
-- Generating done
-- Build files have been written to: /home/pa9/physicalai-lv1-assignments/lv1_module2_student/ros2_ws/build/turtle_cpp
[35m[1mConsolidate compiler generated dependencies of target distance_publisher[0m
[ 25%] [32mBuilding CXX object CMakeFiles/distance_subscriber.dir/src/distance_subscriber.cpp.o[0m
[ 50%] [32mBuilding CXX object CMakeFiles/distance_publisher.dir/src/distance_publisher.cpp.o[0m
[ 75%] [32m[1mLinking CXX executable distance_subscriber[0m
[ 75%] Built target distance_subscriber
[100%] [32m[1mLinking CXX executable distance_publisher[0m
[100%] Built target distance_publisher
-- Install configuration: ""
-- Installing: /home/pa9/physicalai-lv1-assignments/lv1_module2_student/ros2_ws/install/turtle_cpp/lib/turtle_cpp/distance_publisher
-- Set runtime path of "/home/pa9/physicalai-lv1-assignments/lv1_module2_student/ros2_ws/install/turtle_cpp/lib/turtle_cpp/distance_publisher" to ""
-- Installing: /home/pa9/physicalai-lv1-assignments/lv1_module2_student/ros2_ws/install/turtle_cpp/lib/turtle_cpp/distance_subscriber
-- Set runtime path of "/home/pa9/physicalai-lv1-assignments/lv1_module2_student/ros2_ws/install/turtle_cpp/lib/turtle_cpp/distance_subscriber" to ""
-- Up-to-date: /home/pa9/physicalai-lv1-assignments/lv1_module2_student/ros2_ws/install/turtle_cpp/share/ament_index/resource_index/package_run_dependencies/turtle_cpp
-- Installing: /home/pa9/physicalai-lv1-assignments/lv1_module2_student/ros2_ws/install/turtle_cpp/share/ament_index/resource_index/parent_prefix_path/turtle_cpp
-- Up-to-date: /home/pa9/physicalai-lv1-assignments/lv1_module2_student/ros2_ws/install/turtle_cpp/share/turtle_cpp/environment/ament_prefix_path.sh
-- Installing: /home/pa9/physicalai-lv1-assignments/lv1_module2_student/ros2_ws/install/turtle_cpp/share/turtle_cpp/environment/ament_prefix_path.dsv
-- Up-to-date: /home/pa9/physicalai-lv1-assignments/lv1_module2_student/ros2_ws/install/turtle_cpp/share/turtle_cpp/environment/path.sh
-- Installing: /home/pa9/physicalai-lv1-assignments/lv1_module2_student/ros2_ws/install/turtle_cpp/share/turtle_cpp/environment/path.dsv
-- Up-to-date: /home/pa9/physicalai-lv1-assignments/lv1_module2_student/ros2_ws/install/turtle_cpp/share/turtle_cpp/local_setup.bash
-- Up-to-date: /home/pa9/physicalai-lv1-assignments/lv1_module2_student/ros2_ws/install/turtle_cpp/share/turtle_cpp/local_setup.sh
-- Up-to-date: /home/pa9/physicalai-lv1-assignments/lv1_module2_student/ros2_ws/install/turtle_cpp/share/turtle_cpp/local_setup.zsh
-- Installing: /home/pa9/physicalai-lv1-assignments/lv1_module2_student/ros2_ws/install/turtle_cpp/share/turtle_cpp/local_setup.dsv
-- Installing: /home/pa9/physicalai-lv1-assignments/lv1_module2_student/ros2_ws/install/turtle_cpp/share/turtle_cpp/package.dsv
-- Up-to-date: /home/pa9/physicalai-lv1-assignments/lv1_module2_student/ros2_ws/install/turtle_cpp/share/ament_index/resource_index/packages/turtle_cpp
-- Up-to-date: /home/pa9/physicalai-lv1-assignments/lv1_module2_student/ros2_ws/install/turtle_cpp/share/turtle_cpp/cmake/turtle_cppConfig.cmake
-- Up-to-date: /home/pa9/physicalai-lv1-assignments/lv1_module2_student/ros2_ws/install/turtle_cpp/share/turtle_cpp/cmake/turtle_cppConfig-version.cmake
-- Up-to-date: /home/pa9/physicalai-lv1-assignments/lv1_module2_student/ros2_ws/install/turtle_cpp/share/turtle_cpp/package.xml
