[0.006s] Invoking command in '/home/pa9/physicalai-lv1-assignments/lv1_module2_student/ros2_ws/build/turtle_cpp': CMAKE_PREFIX_PATH=${CMAKE_PREFIX_PATH}:/home/pa9/physicalai-lv1-assignments/lv1_module2_student/ros2_ws/install/turtle_py:/home/pa9/ros2_ws/install/turtlebot3_teleop:/home/pa9/ros2_ws/install/turtlebot3_example:/home/pa9/ros2_ws/install/demo_py_pkg:/opt/ros/humble /usr/bin/cmake --build /home/pa9/physicalai-lv1-assignments/lv1_module2_student/ros2_ws/build/turtle_cpp -- -j24 -l24
[0.021s] -- Found ament_cmake: 1.3.14 (/opt/ros/humble/share/ament_cmake/cmake)
[0.090s] -- Found rclcpp: 16.0.19 (/opt/ros/humble/share/rclcpp/cmake)
[0.102s] -- Found rosidl_generator_c: 3.1.9 (/opt/ros/humble/share/rosidl_generator_c/cmake)
[0.103s] -- Found rosidl_adapter: 3.1.9 (/opt/ros/humble/share/rosidl_adapter/cmake)
[0.105s] -- Found rosidl_generator_cpp: 3.1.9 (/opt/ros/humble/share/rosidl_generator_cpp/cmake)
[0.109s] -- Using all available rosidl_typesupport_c: rosidl_typesupport_fastrtps_c;rosidl_typesupport_introspection_c
[0.114s] -- Using all available rosidl_typesupport_cpp: rosidl_typesupport_fastrtps_cpp;rosidl_typesupport_introspection_cpp
[0.128s] -- Found rmw_implementation_cmake: 6.1.2 (/opt/ros/humble/share/rmw_implementation_cmake/cmake)
[0.129s] -- Found rmw_fastrtps_cpp: 6.2.10 (/opt/ros/humble/share/rmw_fastrtps_cpp/cmake)
[0.182s] -- Using RMW implementation 'rmw_fastrtps_cpp' as default
[0.202s] -- Found turtlesim: 1.4.3 (/opt/ros/humble/share/turtlesim/cmake)
[0.218s] -- Found ament_lint_auto: 0.12.15 (/opt/ros/humble/share/ament_lint_auto/cmake)
[0.252s] -- Added test 'cppcheck' to perform static code analysis on C / C++ code
[0.252s] -- Configured cppcheck include dirs: 
[0.252s] -- Configured cppcheck exclude dirs and/or files: 
[0.252s] -- Added test 'lint_cmake' to check CMake code style
[0.252s] -- Added test 'uncrustify' to check C / C++ code style
[0.252s] -- Configured uncrustify additional arguments: 
[0.252s] -- Added test 'xmllint' to check XML markup files
[0.252s] -- Configuring done
[0.257s] -- Generating done
[0.258s] -- Build files have been written to: /home/pa9/physicalai-lv1-assignments/lv1_module2_student/ros2_ws/build/turtle_cpp
[0.278s] [35m[1mConsolidate compiler generated dependencies of target distance_publisher[0m
[0.286s] [ 25%] [32mBuilding CXX object CMakeFiles/distance_subscriber.dir/src/distance_subscriber.cpp.o[0m
[0.287s] [ 50%] [32mBuilding CXX object CMakeFiles/distance_publisher.dir/src/distance_publisher.cpp.o[0m
[4.103s] [ 75%] [32m[1mLinking CXX executable distance_subscriber[0m
[4.285s] [ 75%] Built target distance_subscriber
[4.315s] [100%] [32m[1mLinking CXX executable distance_publisher[0m
[4.515s] [100%] Built target distance_publisher
[4.526s] Invoked command in '/home/pa9/physicalai-lv1-assignments/lv1_module2_student/ros2_ws/build/turtle_cpp' returned '0': CMAKE_PREFIX_PATH=${CMAKE_PREFIX_PATH}:/home/pa9/physicalai-lv1-assignments/lv1_module2_student/ros2_ws/install/turtle_py:/home/pa9/ros2_ws/install/turtlebot3_teleop:/home/pa9/ros2_ws/install/turtlebot3_example:/home/pa9/ros2_ws/install/demo_py_pkg:/opt/ros/humble /usr/bin/cmake --build /home/pa9/physicalai-lv1-assignments/lv1_module2_student/ros2_ws/build/turtle_cpp -- -j24 -l24
[4.531s] Invoking command in '/home/pa9/physicalai-lv1-assignments/lv1_module2_student/ros2_ws/build/turtle_cpp': CMAKE_PREFIX_PATH=${CMAKE_PREFIX_PATH}:/home/pa9/physicalai-lv1-assignments/lv1_module2_student/ros2_ws/install/turtle_py:/home/pa9/ros2_ws/install/turtlebot3_teleop:/home/pa9/ros2_ws/install/turtlebot3_example:/home/pa9/ros2_ws/install/demo_py_pkg:/opt/ros/humble /usr/bin/cmake --install /home/pa9/physicalai-lv1-assignments/lv1_module2_student/ros2_ws/build/turtle_cpp
[4.535s] -- Install configuration: ""
[4.535s] -- Installing: /home/pa9/physicalai-lv1-assignments/lv1_module2_student/ros2_ws/install/turtle_cpp/lib/turtle_cpp/distance_publisher
[4.536s] -- Set runtime path of "/home/pa9/physicalai-lv1-assignments/lv1_module2_student/ros2_ws/install/turtle_cpp/lib/turtle_cpp/distance_publisher" to ""
[4.536s] -- Installing: /home/pa9/physicalai-lv1-assignments/lv1_module2_student/ros2_ws/install/turtle_cpp/lib/turtle_cpp/distance_subscriber
[4.538s] -- Set runtime path of "/home/pa9/physicalai-lv1-assignments/lv1_module2_student/ros2_ws/install/turtle_cpp/lib/turtle_cpp/distance_subscriber" to ""
[4.538s] -- Up-to-date: /home/pa9/physicalai-lv1-assignments/lv1_module2_student/ros2_ws/install/turtle_cpp/share/ament_index/resource_index/package_run_dependencies/turtle_cpp
[4.538s] -- Installing: /home/pa9/physicalai-lv1-assignments/lv1_module2_student/ros2_ws/install/turtle_cpp/share/ament_index/resource_index/parent_prefix_path/turtle_cpp
[4.538s] -- Up-to-date: /home/pa9/physicalai-lv1-assignments/lv1_module2_student/ros2_ws/install/turtle_cpp/share/turtle_cpp/environment/ament_prefix_path.sh
[4.538s] -- Installing: /home/pa9/physicalai-lv1-assignments/lv1_module2_student/ros2_ws/install/turtle_cpp/share/turtle_cpp/environment/ament_prefix_path.dsv
[4.538s] -- Up-to-date: /home/pa9/physicalai-lv1-assignments/lv1_module2_student/ros2_ws/install/turtle_cpp/share/turtle_cpp/environment/path.sh
[4.538s] -- Installing: /home/pa9/physicalai-lv1-assignments/lv1_module2_student/ros2_ws/install/turtle_cpp/share/turtle_cpp/environment/path.dsv
[4.538s] -- Up-to-date: /home/pa9/physicalai-lv1-assignments/lv1_module2_student/ros2_ws/install/turtle_cpp/share/turtle_cpp/local_setup.bash
[4.538s] -- Up-to-date: /home/pa9/physicalai-lv1-assignments/lv1_module2_student/ros2_ws/install/turtle_cpp/share/turtle_cpp/local_setup.sh
[4.538s] -- Up-to-date: /home/pa9/physicalai-lv1-assignments/lv1_module2_student/ros2_ws/install/turtle_cpp/share/turtle_cpp/local_setup.zsh
[4.538s] -- Installing: /home/pa9/physicalai-lv1-assignments/lv1_module2_student/ros2_ws/install/turtle_cpp/share/turtle_cpp/local_setup.dsv
[4.538s] -- Installing: /home/pa9/physicalai-lv1-assignments/lv1_module2_student/ros2_ws/install/turtle_cpp/share/turtle_cpp/package.dsv
[4.538s] -- Up-to-date: /home/pa9/physicalai-lv1-assignments/lv1_module2_student/ros2_ws/install/turtle_cpp/share/ament_index/resource_index/packages/turtle_cpp
[4.539s] -- Up-to-date: /home/pa9/physicalai-lv1-assignments/lv1_module2_student/ros2_ws/install/turtle_cpp/share/turtle_cpp/cmake/turtle_cppConfig.cmake
[4.539s] -- Up-to-date: /home/pa9/physicalai-lv1-assignments/lv1_module2_student/ros2_ws/install/turtle_cpp/share/turtle_cpp/cmake/turtle_cppConfig-version.cmake
[4.539s] -- Up-to-date: /home/pa9/physicalai-lv1-assignments/lv1_module2_student/ros2_ws/install/turtle_cpp/share/turtle_cpp/package.xml
[4.539s] Invoked command in '/home/pa9/physicalai-lv1-assignments/lv1_module2_student/ros2_ws/build/turtle_cpp' returned '0': CMAKE_PREFIX_PATH=${CMAKE_PREFIX_PATH}:/home/pa9/physicalai-lv1-assignments/lv1_module2_student/ros2_ws/install/turtle_py:/home/pa9/ros2_ws/install/turtlebot3_teleop:/home/pa9/ros2_ws/install/turtlebot3_example:/home/pa9/ros2_ws/install/demo_py_pkg:/opt/ros/humble /usr/bin/cmake --install /home/pa9/physicalai-lv1-assignments/lv1_module2_student/ros2_ws/build/turtle_cpp
